<html>
<body>
<pre>
<h1>µVision Build Log</h1>
<h2>Tool Versions:</h2>
IDE-Version: µVision V5.31.0.0
Copyright (C) 2020 ARM Ltd and ARM Germany GmbH. All rights reserved.
License Information: admin Admin, ptit, LIC=----
 
Tool Versions:
Toolchain:       MDK-Lite  Version: 5.31.0.0
Toolchain Path:  C:\Keil_v5\ARM\ARMCC\Bin
C Compiler:      Armcc.exe V5.06 update 6 (build 750)
Assembler:       Armasm.exe V5.06 update 6 (build 750)
Linker/Locator:  ArmLink.exe V5.06 update 6 (build 750)
Library Manager: ArmAr.exe V5.06 update 6 (build 750)
Hex Converter:   FromElf.exe V5.06 update 6 (build 750)
CPU DLL:         SARMCM3.DLL V5.31.0.0
Dialog DLL:      DCM.DLL V1.17.3.0
Target DLL:      STLink\ST-LINKIII-KEIL_SWO.dll V3.0.7.0
Dialog DLL:      TCM.DLL V1.46.0.0
 
<h2>Project:</h2>
D:\STM32_TEMP_HUM\STM32F103C8T6_RTOS\USER\RTOS.uvprojx
Project File Date:  07/04/2022

<h2>Output:</h2>
*** Using Compiler 'V5.06 update 6 (build 750)', folder: 'C:\Keil_v5\ARM\ARMCC\Bin'
Rebuild target 'RTOS'
Note: source file '.\system_stm32f10x.c' - object file renamed from '..\OBJ\system_stm32f10x.o' to '..\OBJ\system_stm32f10x_1.o'.
Note: source file '..\STM32F10x_FWLib\src\stm32f10x_gpio.c' - object file renamed from '..\OBJ\stm32f10x_gpio.o' to '..\OBJ\stm32f10x_gpio_1.o'.
compiling gp_drive.c...
compiling system_stm32f10x.c...
compiling stm32f10x_it.c...
compiling RTC_BTL.c...
..\HARDWARE\RTC_BTL.c(71): warning:  #1-D: last line of file ends without a newline
  }
..\HARDWARE\RTC_BTL.c: 1 warning, 0 errors
compiling led.c...
compiling i2c_lcd.c...
compiling main.c...
compiling core_cm3.c...
assembling startup_stm32f10x_md.s...
compiling servo_drive.c...
compiling gpio.c...
compiling ds18b20.c...
compiling delay.c...
compiling usart.c...
compiling sys.c...
compiling stm32f10x_gpio.c...
compiling misc.c...
compiling stm32f10x_dbgmcu.c...
compiling stm32f10x_bkp.c...
compiling stm32f10x_rcc.c...
compiling stm32f10x_usart.c...
compiling stm32f10x_i2c.c...
compiling stm32f10x_pwr.c...
compiling stm32f10x_rtc.c...
compiling os_mem.c...
compiling os_mbox.c...
compiling os_mutex.c...
compiling os_flag.c...
compiling os_core.c...
compiling os_q.c...
assembling os_cpu_a.asm...
compiling os_sem.c...
compiling os_tmr.c...
compiling os_time.c...
compiling os_task.c...
compiling os_cpu_c.c...
linking...
Program Size: Code=13172 RO-data=700 RW-data=168 ZI-data=5496  
FromELF: creating hex file...
"..\OBJ\UCOSII-1.axf" - 0 Error(s), 1 Warning(s).

<h2>Software Packages used:</h2>

Package Vendor: ARM
                http://www.keil.com/pack/ARM.CMSIS.5.7.0.pack
                ARM.CMSIS.5.7.0
                CMSIS (Cortex Microcontroller Software Interface Standard)

<h2>Collection of Component include folders:</h2>
  C:\Users\Admin\AppData\Local\Arm\Packs\ARM\CMSIS\5.7.0\Device\ARM\ARMCM3\Include

<h2>Collection of Component Files used:</h2>
Build Time Elapsed:  00:00:05
</pre>
</body>
</html>
