Component: ARM Compiler 5.06 update 6 (build 750) Tool: armlink [4d35ed]

==============================================================================

Section Cross References

    main.o(i.READ_TEMPERATURE) refers to _printf_pad.o(.text) for _printf_pre_padding
    main.o(i.READ_TEMPERATURE) refers to _printf_percent.o(.ARM.Collect$$_printf_percent$$00000000) for _printf_percent
    main.o(i.READ_TEMPERATURE) refers to _printf_f.o(.ARM.Collect$$_printf_percent$$00000003) for _printf_f
    main.o(i.READ_TEMPERATURE) refers to printf1.o(x$fpl$printf1) for _printf_fp_dec
    main.o(i.READ_TEMPERATURE) refers to ds18b20.o(i.ds18b20_read) for ds18b20_read
    main.o(i.READ_TEMPERATURE) refers to f2d.o(x$fpl$f2d) for __aeabi_f2d
    main.o(i.READ_TEMPERATURE) refers to noretval__2sprintf.o(.text) for __2sprintf
    main.o(i.READ_TEMPERATURE) refers to delay.o(i.delay_ms) for delay_ms
    main.o(i.READ_TEMPERATURE) refers to main.o(.data) for nhietdo
    main.o(i.READ_TEMPERATURE) refers to main.o(.bss) for temperature_str
    main.o(i.main) refers to misc.o(i.NVIC_PriorityGroupConfig) for NVIC_PriorityGroupConfig
    main.o(i.main) refers to delay.o(i.delay_init) for delay_init
    main.o(i.main) refers to led.o(i.LED_Init) for LED_Init
    main.o(i.main) refers to usart.o(i.USARTx_Init) for USARTx_Init
    main.o(i.main) refers to os_core.o(i.OSInit) for OSInit
    main.o(i.main) refers to os_task.o(i.OSTaskCreate) for OSTaskCreate
    main.o(i.main) refers to os_core.o(i.OSStart) for OSStart
    main.o(i.main) refers to main.o(.bss) for START_TASK_STK
    main.o(i.main) refers to main.o(i.start_task) for start_task
    main.o(i.main_task) refers to _printf_percent.o(.ARM.Collect$$_printf_percent$$00000000) for _printf_percent
    main.o(i.main_task) refers to _printf_d.o(.ARM.Collect$$_printf_percent$$00000009) for _printf_d
    main.o(i.main_task) refers to _printf_dec.o(.text) for _printf_int_dec
    main.o(i.main_task) refers to _printf_s.o(.ARM.Collect$$_printf_percent$$00000014) for _printf_s
    main.o(i.main_task) refers to _printf_str.o(.text) for _printf_str
    main.o(i.main_task) refers to noretval__2printf.o(.text) for __2printf
    main.o(i.main_task) refers to delay.o(i.delay_ms) for delay_ms
    main.o(i.main_task) refers to usart.o(i.USART_Gets) for USART_Gets
    main.o(i.main_task) refers to rtc_btl.o(i.Time_Current) for Time_Current
    main.o(i.main_task) refers to noretval__2sprintf.o(.text) for __2sprintf
    main.o(i.main_task) refers to stm32f10x_rtc.o(i.RTC_GetCounter) for RTC_GetCounter
    main.o(i.main_task) refers to rtc_btl.o(.data) for SS
    main.o(i.main_task) refers to main.o(.data) for h
    main.o(i.main_task) refers to main.o(.bss) for a
    main.o(i.start_task) refers to os_mbox.o(i.OSMboxCreate) for OSMboxCreate
    main.o(i.start_task) refers to os_cpu_a.o(.text) for OS_CPU_SR_Save
    main.o(i.start_task) refers to os_task.o(i.OSTaskCreate) for OSTaskCreate
    main.o(i.start_task) refers to os_task.o(i.OSTaskSuspend) for OSTaskSuspend
    main.o(i.start_task) refers to main.o(.data) for msg_key
    main.o(i.start_task) refers to main.o(.bss) for READ_TEMPERATURE_STK
    main.o(i.start_task) refers to main.o(i.READ_TEMPERATURE) for READ_TEMPERATURE
    main.o(i.start_task) refers to main.o(i.main_task) for main_task
    system_stm32f10x_1.o(i.SetSysClock) refers to system_stm32f10x_1.o(i.SetSysClockTo72) for SetSysClockTo72
    system_stm32f10x_1.o(i.SystemCoreClockUpdate) refers to system_stm32f10x_1.o(.data) for SystemCoreClock
    system_stm32f10x_1.o(i.SystemInit) refers to system_stm32f10x_1.o(i.SetSysClock) for SetSysClock
    led.o(i.LED_Init) refers to stm32f10x_rcc.o(i.RCC_APB2PeriphClockCmd) for RCC_APB2PeriphClockCmd
    led.o(i.LED_Init) refers to stm32f10x_gpio_1.o(i.GPIO_Init) for GPIO_Init
    led.o(i.LED_Init) refers to stm32f10x_gpio_1.o(i.GPIO_SetBits) for GPIO_SetBits
    i2c_lcd.o(i.Delete_LCD) refers to i2c_lcd.o(i.lcd_Control_Write) for lcd_Control_Write
    i2c_lcd.o(i.Delete_LCD) refers to delay.o(i.delay_ms) for delay_ms
    i2c_lcd.o(i.I2C_LCD_Configuration) refers to stm32f10x_rcc.o(i.RCC_APB1PeriphClockCmd) for RCC_APB1PeriphClockCmd
    i2c_lcd.o(i.I2C_LCD_Configuration) refers to stm32f10x_rcc.o(i.RCC_APB2PeriphClockCmd) for RCC_APB2PeriphClockCmd
    i2c_lcd.o(i.I2C_LCD_Configuration) refers to stm32f10x_gpio_1.o(i.GPIO_Init) for GPIO_Init
    i2c_lcd.o(i.I2C_LCD_Configuration) refers to stm32f10x_i2c.o(i.I2C_Init) for I2C_Init
    i2c_lcd.o(i.I2C_LCD_Configuration) refers to stm32f10x_i2c.o(i.I2C_Cmd) for I2C_Cmd
    i2c_lcd.o(i.lcd_Control_Write) refers to i2c_lcd.o(i.lcd_Write_byte) for lcd_Write_byte
    i2c_lcd.o(i.lcd_Data_Write) refers to i2c_lcd.o(i.lcd_Write_byte) for lcd_Write_byte
    i2c_lcd.o(i.lcd_Write_byte) refers to stm32f10x_i2c.o(i.I2C_GenerateSTART) for I2C_GenerateSTART
    i2c_lcd.o(i.lcd_Write_byte) refers to stm32f10x_i2c.o(i.I2C_CheckEvent) for I2C_CheckEvent
[...]
    .ARM.Collect$$libshutdown$$0000000C      0x0800018c   Section        0  libshutdown2.o(.ARM.Collect$$libshutdown$$0000000C)
    .ARM.Collect$$libshutdown$$0000000F      0x0800018c   Section        0  libshutdown2.o(.ARM.Collect$$libshutdown$$0000000F)
    .ARM.Collect$$libshutdown$$00000010      0x0800018c   Section        2  libshutdown2.o(.ARM.Collect$$libshutdown$$00000010)
    .ARM.Collect$$rtentry$$00000000          0x0800018e   Section        0  __rtentry.o(.ARM.Collect$$rtentry$$00000000)
    .ARM.Collect$$rtentry$$00000002          0x0800018e   Section        0  __rtentry2.o(.ARM.Collect$$rtentry$$00000002)
    .ARM.Collect$$rtentry$$00000004          0x0800018e   Section        6  __rtentry4.o(.ARM.Collect$$rtentry$$00000004)
    .ARM.Collect$$rtentry$$00000009          0x08000194   Section        0  __rtentry2.o(.ARM.Collect$$rtentry$$00000009)
    .ARM.Collect$$rtentry$$0000000A          0x08000194   Section        4  __rtentry2.o(.ARM.Collect$$rtentry$$0000000A)
    .ARM.Collect$$rtentry$$0000000C          0x08000198   Section        0  __rtentry2.o(.ARM.Collect$$rtentry$$0000000C)
    .ARM.Collect$$rtentry$$0000000D          0x08000198   Section        8  __rtentry2.o(.ARM.Collect$$rtentry$$0000000D)
    .ARM.Collect$$rtexit$$00000000           0x080001a0   Section        2  rtexit.o(.ARM.Collect$$rtexit$$00000000)
    .ARM.Collect$$rtexit$$00000002           0x080001a2   Section        0  rtexit2.o(.ARM.Collect$$rtexit$$00000002)
    .ARM.Collect$$rtexit$$00000003           0x080001a2   Section        4  rtexit2.o(.ARM.Collect$$rtexit$$00000003)
    .ARM.Collect$$rtexit$$00000004           0x080001a6   Section        6  rtexit2.o(.ARM.Collect$$rtexit$$00000004)
    .text                                    0x080001ac   Section       64  startup_stm32f10x_md.o(.text)
    .text                                    0x080001ec   Section      180  os_cpu_a.o(.text)
    .text                                    0x080002a0   Section        0  noretval__2printf.o(.text)
    .text                                    0x080002b8   Section        0  noretval__2sprintf.o(.text)
    .text                                    0x080002e0   Section        0  _printf_pad.o(.text)
    .text                                    0x0800032e   Section        0  _printf_str.o(.text)
    .text                                    0x08000380   Section        0  _printf_dec.o(.text)
    .text                                    0x080003f8   Section        0  __printf_wp.o(.text)
    .text                                    0x08000506   Section        0  heapauxi.o(.text)
    .text                                    0x0800050c   Section        0  _printf_intcommon.o(.text)
    .text                                    0x080005be   Section        0  _printf_fp_dec.o(.text)
    _fp_digits                               0x080005c1   Thumb Code   432  _printf_fp_dec.o(.text)
    .text                                    0x080009dc   Section        0  _printf_char_common.o(.text)
    _printf_input_char                       0x080009dd   Thumb Code    10  _printf_char_common.o(.text)
    .text                                    0x08000a0c   Section        0  _sputc.o(.text)
    .text                                    0x08000a16   Section        0  _printf_char.o(.text)
    .text                                    0x08000a44   Section        0  _printf_char_file.o(.text)
    .text                                    0x08000a68   Section        8  rt_locale_intlibspace.o(.text)
    .text                                    0x08000a70   Section      138  lludiv10.o(.text)
    .text                                    0x08000afc   Section        0  _printf_fp_infnan.o(.text)
    .text                                    0x08000b7c   Section        0  bigflt0.o(.text)
    .text                                    0x08000c60   Section        0  ferror.o(.text)
    .text                                    0x08000c68   Section        8  libspace.o(.text)
    .text                                    0x08000c70   Section       74  sys_stackheap_outer.o(.text)
    .text                                    0x08000cba   Section        0  exit.o(.text)
    .text                                    0x08000ccc   Section      128  strcmpv7m.o(.text)
    .text                                    0x08000d4c   Section        0  sys_exit.o(.text)
    .text                                    0x08000d58   Section        2  use_no_semi.o(.text)
    .text                                    0x08000d5a   Section        0  indicate_semi.o(.text)
    CL$$btod_d2e                             0x08000d5a   Section       62  btod.o(CL$$btod_d2e)
    CL$$btod_d2e_denorm_low                  0x08000d98   Section       70  btod.o(CL$$btod_d2e_denorm_low)
    CL$$btod_d2e_norm_op1                    0x08000dde   Section       96  btod.o(CL$$btod_d2e_norm_op1)
    CL$$btod_div_common                      0x08000e3e   Section      824  btod.o(CL$$btod_div_common)
    CL$$btod_e2e                             0x08001176   Section      220  btod.o(CL$$btod_e2e)
    CL$$btod_ediv                            0x08001252   Section       42  btod.o(CL$$btod_ediv)
    CL$$btod_emul                            0x0800127c   Section       42  btod.o(CL$$btod_emul)
    CL$$btod_mult_common                     0x080012a6   Section      580  btod.o(CL$$btod_mult_common)
    i.BusFault_Handler                       0x080014ea   Section        0  stm32f10x_it.o(i.BusFault_Handler)
    i.DebugMon_Handler                       0x080014ee   Section        0  stm32f10x_it.o(i.DebugMon_Handler)
    i.GPIO_Init                              0x080014f0   Section        0  stm32f10x_gpio_1.o(i.GPIO_Init)
    i.GPIO_ReadInputDataBit                  0x08001606   Section        0  stm32f10x_gpio_1.o(i.GPIO_ReadInputDataBit)
    i.GPIO_ResetBits                         0x08001618   Section        0  stm32f10x_gpio_1.o(i.GPIO_ResetBits)
    i.GPIO_SetBits                           0x0800161c   Section        0  stm32f10x_gpio_1.o(i.GPIO_SetBits)
    i.GPIO_SetState                          0x08001620   Section        0  gpio.o(i.GPIO_SetState)
    i.HardFault_Handler                      0x08001640   Section        0  stm32f10x_it.o(i.HardFault_Handler)
    i.LED_Init                               0x08001644   Section        0  led.o(i.LED_Init)
    i.MemManage_Handler                      0x08001698   Section        0  stm32f10x_it.o(i.MemManage_Handler)
    i.NMI_Handler                            0x0800169c   Section        0  stm32f10x_it.o(i.NMI_Handler)
    i.NVIC_Init                              0x080016a0   Section        0  misc.o(i.NVIC_Init)
    i.NVIC_PriorityGroupConfig               0x08001710   Section        0  misc.o(i.NVIC_PriorityGroupConfig)
    i.OSInit                                 0x08001724   Section        0  os_core.o(i.OSInit)
    i.OSInitHookBegin                        0x08001750   Section        0  os_cpu_c.o(i.OSInitHookBegin)
    i.OSInitHookEnd                          0x08001752   Section        0  os_cpu_c.o(i.OSInitHookEnd)
    i.OSIntEnter                             0x08001754   Section        0  os_core.o(i.OSIntEnter)
    i.OSIntExit                              0x08001778   Section        0  os_core.o(i.OSIntExit)
    i.OSMboxCreate                           0x08001808   Section        0  os_mbox.o(i.OSMboxCreate)
    i.OSSchedLock                            0x08001854   Section        0  os_core.o(i.OSSchedLock)
    i.OSSchedUnlock                          0x08001894   Section        0  os_core.o(i.OSSchedUnlock)
    i.OSStart                                0x080018f4   Section        0  os_core.o(i.OSStart)
    i.OSTCBInitHook                          0x0800193c   Section        0  os_cpu_c.o(i.OSTCBInitHook)
    i.OSTaskCreate                           0x08001940   Section        0  os_task.o(i.OSTaskCreate)
    i.OSTaskCreateExt                        0x080019e0   Section        0  os_task.o(i.OSTaskCreateExt)
    i.OSTaskCreateHook                       0x08001a98   Section        0  os_cpu_c.o(i.OSTaskCreateHook)
    i.OSTaskIdleHook                         0x08001a9a   Section        0  os_cpu_c.o(i.OSTaskIdleHook)
    i.OSTaskNameSet                          0x08001a9c   Section        0  os_task.o(i.OSTaskNameSet)
    i.OSTaskStatHook                         0x08001b0c   Section        0  os_cpu_c.o(i.OSTaskStatHook)
    i.OSTaskStkChk                           0x08001b10   Section        0  os_task.o(i.OSTaskStkChk)
    i.OSTaskStkInit                          0x08001b9c   Section        0  os_cpu_c.o(i.OSTaskStkInit)
    i.OSTaskSuspend                          0x08001c38   Section        0  os_task.o(i.OSTaskSuspend)
    i.OSTaskSwHook                           0x08001ce0   Section        0  os_cpu_c.o(i.OSTaskSwHook)
    i.OSTimeDly                              0x08001ce4   Section        0  os_time.o(i.OSTimeDly)
    i.OSTimeTick                             0x08001d5c   Section        0  os_core.o(i.OSTimeTick)
    i.OSTimeTickHook                         0x08001e48   Section        0  os_cpu_c.o(i.OSTimeTickHook)
    i.OS_EventWaitListInit                   0x08001e4a   Section        0  os_core.o(i.OS_EventWaitListInit)
    i.OS_FlagInit                            0x08001e68   Section        0  os_flag.o(i.OS_FlagInit)
    i.OS_InitEventList                       0x08001ec0   Section        0  os_core.o(i.OS_InitEventList)
    OS_InitEventList                         0x08001ec1   Thumb Code    74  os_core.o(i.OS_InitEventList)
    i.OS_InitMisc                            0x08001f14   Section        0  os_core.o(i.OS_InitMisc)
    OS_InitMisc                              0x08001f15   Thumb Code    44  os_core.o(i.OS_InitMisc)
    i.OS_InitRdyList                         0x08001f68   Section        0  os_core.o(i.OS_InitRdyList)
    OS_InitRdyList                           0x08001f69   Thumb Code    44  os_core.o(i.OS_InitRdyList)
    i.OS_InitTCBList                         0x08001fac   Section        0  os_core.o(i.OS_InitTCBList)
    OS_InitTCBList                           0x08001fad   Thumb Code   106  os_core.o(i.OS_InitTCBList)
    i.OS_InitTaskIdle                        0x0800202c   Section        0  os_core.o(i.OS_InitTaskIdle)
    OS_InitTaskIdle                          0x0800202d   Thumb Code    50  os_core.o(i.OS_InitTaskIdle)
    i.OS_InitTaskStat                        0x0800207c   Section        0  os_core.o(i.OS_InitTaskStat)
    OS_InitTaskStat                          0x0800207d   Thumb Code    50  os_core.o(i.OS_InitTaskStat)
    i.OS_MemClr                              0x080020cc   Section        0  os_core.o(i.OS_MemClr)
    i.OS_QInit                               0x080020e0   Section        0  os_q.o(i.OS_QInit)
    i.OS_Sched                               0x08002130   Section        0  os_core.o(i.OS_Sched)
    i.OS_SchedNew                            0x080021a4   Section        0  os_core.o(i.OS_SchedNew)
    OS_SchedNew                              0x080021a5   Thumb Code    26  os_core.o(i.OS_SchedNew)
    i.OS_TCBInit                             0x080021d0   Section        0  os_core.o(i.OS_TCBInit)
    i.OS_TaskIdle                            0x08002304   Section        0  os_core.o(i.OS_TaskIdle)
    i.OS_TaskStat                            0x0800232c   Section        0  os_core.o(i.OS_TaskStat)
    i.OS_TaskStatStkChk                      0x080023b4   Section        0  os_core.o(i.OS_TaskStatStkChk)
    i.OS_TaskStkClr                          0x080023f0   Section        0  os_task.o(i.OS_TaskStkClr)
    i.OneWire_Read                           0x0800240c   Section        0  ds18b20.o(i.OneWire_Read)
    i.OneWire_Reset                          0x0800246c   Section        0  ds18b20.o(i.OneWire_Reset)
    i.OneWire_Write                          0x080024b0   Section        0  ds18b20.o(i.OneWire_Write)
    i.RCC_APB1PeriphClockCmd                 0x08002518   Section        0  stm32f10x_rcc.o(i.RCC_APB1PeriphClockCmd)
    i.RCC_APB1PeriphResetCmd                 0x08002538   Section        0  stm32f10x_rcc.o(i.RCC_APB1PeriphResetCmd)
    i.RCC_APB2PeriphClockCmd                 0x08002558   Section        0  stm32f10x_rcc.o(i.RCC_APB2PeriphClockCmd)
    i.RCC_APB2PeriphResetCmd                 0x08002578   Section        0  stm32f10x_rcc.o(i.RCC_APB2PeriphResetCmd)
    i.RCC_GetClocksFreq                      0x08002598   Section        0  stm32f10x_rcc.o(i.RCC_GetClocksFreq)
    i.READ_TEMPERATURE                       0x0800266c   Section        0  main.o(i.READ_TEMPERATURE)
    i.RTC_EnterConfigMode                    0x080026b0   Section        0  stm32f10x_rtc.o(i.RTC_EnterConfigMode)
    i.RTC_ExitConfigMode                     0x080026c4   Section        0  stm32f10x_rtc.o(i.RTC_ExitConfigMode)
    i.RTC_GetCounter                         0x080026d8   Section        0  stm32f10x_rtc.o(i.RTC_GetCounter)
    i.RTC_SetCounter                         0x080026ec   Section        0  stm32f10x_rtc.o(i.RTC_SetCounter)
    i.RTC_WaitForLastTask                    0x08002708   Section        0  stm32f10x_rtc.o(i.RTC_WaitForLastTask)
    i.SVC_Handler                            0x0800271c   Section        0  stm32f10x_it.o(i.SVC_Handler)
    i.SetSysClock                            0x0800271e   Section        0  system_stm32f10x_1.o(i.SetSysClock)
    SetSysClock                              0x0800271f   Thumb Code     8  system_stm32f10x_1.o(i.SetSysClock)
    i.SetSysClockTo72                        0x08002728   Section        0  system_stm32f10x_1.o(i.SetSysClockTo72)
    SetSysClockTo72                          0x08002729   Thumb Code   214  system_stm32f10x_1.o(i.SetSysClockTo72)
    i.SysTick_CLKSourceConfig                0x08002808   Section        0  misc.o(i.SysTick_CLKSourceConfig)
    i.SysTick_Handler                        0x08002830   Section        0  delay.o(i.SysTick_Handler)
    i.SystemInit                             0x0800284c   Section        0  system_stm32f10x_1.o(i.SystemInit)
    i.Time_Current                           0x080028ac   Section        0  rtc_btl.o(i.Time_Current)
    i.USART1_IRQHandler                      0x080028e4   Section        0  usart.o(i.USART1_IRQHandler)
    i.USART1_InitPins                        0x0800290c   Section        0  usart.o(i.USART1_InitPins)
    i.USART2_IRQHandler                      0x08002994   Section        0  usart.o(i.USART2_IRQHandler)
    i.USART2_InitPins                        0x080029bc   Section        0  usart.o(i.USART2_InitPins)
    i.USART3_IRQHandler                      0x08002a48   Section        0  usart.o(i.USART3_IRQHandler)
    i.USART3_InitPins                        0x08002a70   Section        0  usart.o(i.USART3_InitPins)
    i.USART_BufferEmpty                      0x08002b44   Section        0  usart.o(i.USART_BufferEmpty)
    i.USART_BufferFull                       0x08002b5c   Section        0  usart.o(i.USART_BufferFull)
    i.USART_Cmd                              0x08002b78   Section        0  stm32f10x_usart.o(i.USART_Cmd)
    i.USART_DeInit                           0x08002b90   Section        0  stm32f10x_usart.o(i.USART_DeInit)
    i.USART_FindCharacter                    0x08002c2c   Section        0  usart.o(i.USART_FindCharacter)
    i.USART_GetFlagStatus                    0x08002c66   Section        0  stm32f10x_usart.o(i.USART_GetFlagStatus)
    i.USART_GetITStatus                      0x08002c80   Section        0  stm32f10x_usart.o(i.USART_GetITStatus)
    i.USART_Getc                             0x08002cd4   Section        0  usart.o(i.USART_Getc)
    i.USART_Gets                             0x08002d0a   Section        0  usart.o(i.USART_Gets)
    i.USART_INT_GetSubPriority               0x08002d5c   Section        0  usart.o(i.USART_INT_GetSubPriority)
    i.USART_INT_GetUsart                     0x08002d84   Section        0  usart.o(i.USART_INT_GetUsart)
    i.USART_INT_InsertToBuffer               0x08002db8   Section        0  usart.o(i.USART_INT_InsertToBuffer)
    i.USART_ITConfig                         0x08002de4   Section        0  stm32f10x_usart.o(i.USART_ITConfig)
    i.USART_Init                             0x08002e30   Section        0  stm32f10x_usart.o(i.USART_Init)
    i.USART_Putc                             0x08002f08   Section        0  usart.o(i.USART_Putc)
    i.USARTx_Init                            0x08002f24   Section        0  usart.o(i.USARTx_Init)
    i.UsageFault_Handler                     0x0800300c   Section        0  stm32f10x_it.o(i.UsageFault_Handler)
    i.__ARM_fpclassify                       0x08003010   Section        0  fpclassify.o(i.__ARM_fpclassify)
    i._is_digit                              0x08003038   Section        0  __printf_wp.o(i._is_digit)
    i.delay_init                             0x08003048   Section        0  delay.o(i.delay_init)
    i.delay_ms                               0x080030a4   Section        0  delay.o(i.delay_ms)
    i.delay_osschedlock                      0x080030f4   Section        0  delay.o(i.delay_osschedlock)
    i.delay_osschedunlock                    0x080030fc   Section        0  delay.o(i.delay_osschedunlock)
    i.delay_ostimedly                        0x08003104   Section        0  delay.o(i.delay_ostimedly)
    i.delay_us                               0x08003110   Section        0  delay.o(i.delay_us)
    i.ds18b20_read                           0x0800316c   Section        0  ds18b20.o(i.ds18b20_read)
    i.fputc                                  0x080031ec   Section        0  usart.o(i.fputc)
    i.main                                   0x08003204   Section        0  main.o(i.main)
    i.main_task                              0x08003248   Section        0  main.o(i.main_task)
    i.start_task                             0x080034d8   Section        0  main.o(i.start_task)
    locale$$code                             0x0800352c   Section       44  lc_numeric_c.o(locale$$code)
    x$fpl$d2f                                0x08003558   Section       98  d2f.o(x$fpl$d2f)
    x$fpl$ddiv                               0x080035bc   Section      688  ddiv.o(x$fpl$ddiv)
    ddiv_entry                               0x080035c3   Thumb Code     0  ddiv.o(x$fpl$ddiv)
    x$fpl$dfltu                              0x0800386c   Section       38  dflt_clz.o(x$fpl$dfltu)
    x$fpl$dnaninf                            0x08003892   Section      156  dnaninf.o(x$fpl$dnaninf)
    x$fpl$dretinf                            0x0800392e   Section       12  dretinf.o(x$fpl$dretinf)
    x$fpl$f2d                                0x0800393c   Section       86  f2d.o(x$fpl$f2d)
    x$fpl$fnaninf                            0x08003992   Section      140  fnaninf.o(x$fpl$fnaninf)
    x$fpl$fretinf                            0x08003a1e   Section       10  fretinf.o(x$fpl$fretinf)
    x$fpl$printf1                            0x08003a28   Section        4  printf1.o(x$fpl$printf1)
    .constdata                               0x08003a2c   Section      256  os_core.o(.constdata)
    x$fpl$usenofp                            0x08003a2c   Section        0  usenofp.o(x$fpl$usenofp)
    .constdata                               0x08003b2c   Section      148  bigflt0.o(.constdata)
    tenpwrs_x                                0x08003b2c   Data          60  bigflt0.o(.constdata)
    tenpwrs_i                                0x08003b68   Data          64  bigflt0.o(.constdata)
    locale$$data                             0x08003be0   Section       28  lc_numeric_c.o(locale$$data)
    __lcnum_c_name                           0x08003be4   Data           2  lc_numeric_c.o(locale$$data)
    __lcnum_c_start                          0x08003bec   Data           0  lc_numeric_c.o(locale$$data)
    __lcnum_c_point                          0x08003bf8   Data           0  lc_numeric_c.o(locale$$data)
    __lcnum_c_thousands                      0x08003bfa   Data           0  lc_numeric_c.o(locale$$data)
    __lcnum_c_grouping                       0x08003bfb   Data           0  lc_numeric_c.o(locale$$data)
    __lcnum_c_end                            0x08003bfc   Data           0  lc_numeric_c.o(locale$$data)
    .data                                    0x20000000   Section       52  main.o(.data)
    .data                                    0x20000034   Section       20  system_stm32f10x_1.o(.data)
    .data                                    0x20000048   Section       20  rtc_btl.o(.data)
    .data                                    0x2000005c   Section        4  delay.o(.data)
    fac_us                                   0x2000005c   Data           1  delay.o(.data)
    fac_ms                                   0x2000005e   Data           2  delay.o(.data)
    .data                                    0x20000060   Section       44  usart.o(.data)
    .data                                    0x2000008c   Section       20  stm32f10x_rcc.o(.data)
    APBAHBPrescTable                         0x2000008c   Data          16  stm32f10x_rcc.o(.data)
    ADCPrescTable                            0x2000009c   Data           4  stm32f10x_rcc.o(.data)
    .data                                    0x200000a0   Section       72  os_core.o(.data)
    .bss                                     0x200000e8   Section     2100  main.o(.bss)
    .bss                                     0x2000091c   Section       96  usart.o(.bss)
    .bss                                     0x2000097c   Section     2688  os_core.o(.bss)
    .bss                                     0x200013fc   Section       96  libspace.o(.bss)
    HEAP                                     0x20001460   Section      512  startup_stm32f10x_md.o(HEAP)
    Heap_Mem                                 0x20001460   Data         512  startup_stm32f10x_md.o(HEAP)
    STACK                                    0x20001660   Section     1024  startup_stm32f10x_md.o(STACK)
    Stack_Mem                                0x20001660   Data        1024  startup_stm32f10x_md.o(STACK)
    __initial_sp                             0x20001a60   Data           0  startup_stm32f10x_md.o(STACK)

    Global Symbols

    Symbol Name                              Value     Ov Type        Size  Object(Section)

    BuildAttributes$$THM_ISAv4$P$D$K$B$S$PE$A:L22UL41UL21$X:L11$S22US41US21$IEEE1$IW$USESV6$~STKCKD$USESV7$~SHL$OTIME$ROPI$IEEEJ$EBA8$UX$STANDARDLIB$REQ8$PRES8$EABIv2 0x00000000   Number         0  anon$$obj.o ABSOLUTE
    __ARM_use_no_argv                        0x00000000   Number         0  main.o ABSOLUTE
    _printf_flags                            0x00000000   Number         0  printf_stubs.o ABSOLUTE
    _printf_return_value                     0x00000000   Number         0  printf_stubs.o ABSOLUTE
    _printf_sizespec                         0x00000000   Number         0  printf_stubs.o ABSOLUTE
    _printf_widthprec                        0x00000000   Number         0  printf_stubs.o ABSOLUTE
    __ARM_exceptions_init                     - Undefined Weak Reference
    __alloca_initialize                       - Undefined Weak Reference
    __arm_preinit_                            - Undefined Weak Reference
    __cpp_initialize__aeabi_                  - Undefined Weak Reference
    __cxa_finalize                            - Undefined Weak Reference
    __sigvec_lookup                           - Undefined Weak Reference
    _atexit_init                              - Undefined Weak Reference
    _call_atexit_fns                          - Undefined Weak Reference
    _clock_init                               - Undefined Weak Reference
    _fp_trap_init                             - Undefined Weak Reference
    _fp_trap_shutdown                         - Undefined Weak Reference
    _get_lc_collate                           - Undefined Weak Reference
    _get_lc_ctype                             - Undefined Weak Reference
    _get_lc_monetary                          - Undefined Weak Reference
    _get_lc_time                              - Undefined Weak Reference
    _getenv_init                              - Undefined Weak Reference
    _handle_redirection                       - Undefined Weak Reference
    _init_alloc                               - Undefined Weak Reference
    _init_user_alloc                          - Undefined Weak Reference
    _initio                                   - Undefined Weak Reference
    _mutex_acquire                            - Undefined Weak Reference
    _mutex_release                            - Undefined Weak Reference
    _printf_mbtowc                            - Undefined Weak Reference
    _printf_truncate_signed                   - Undefined Weak Reference
    _printf_truncate_unsigned                 - Undefined Weak Reference
    _rand_init                                - Undefined Weak Reference
    _signal_finish                            - Undefined Weak Reference
    _signal_init                              - Undefined Weak Reference
    _terminate_alloc                          - Undefined Weak Reference
    _terminate_user_alloc                     - Undefined Weak Reference
    _terminateio                              - Undefined Weak Reference
    __Vectors_Size                           0x000000ec   Number         0  startup_stm32f10x_md.o ABSOLUTE
    __Vectors                                0x08000000   Data           4  startup_stm32f10x_md.o(RESET)
    __Vectors_End                            0x080000ec   Data           0  startup_stm32f10x_md.o(RESET)
    __main                                   0x080000ed   Thumb Code     8  __main.o(!!!main)
    __scatterload                            0x080000f5   Thumb Code     0  __scatter.o(!!!scatter)
    __scatterload_rt2                        0x080000f5   Thumb Code    44  __scatter.o(!!!scatter)
    __scatterload_rt2_thumb_only             0x080000f5   Thumb Code     0  __scatter.o(!!!scatter)
    __scatterload_null                       0x08000103   Thumb Code     0  __scatter.o(!!!scatter)
    __scatterload_copy                       0x08000129   Thumb Code    26  __scatter_copy.o(!!handler_copy)
    __scatterload_zeroinit                   0x08000145   Thumb Code    28  __scatter_zi.o(!!handler_zi)
    _printf_f                                0x08000161   Thumb Code     0  _printf_f.o(.ARM.Collect$$_printf_percent$$00000003)
    _printf_percent                          0x08000161   Thumb Code     0  _printf_percent.o(.ARM.Collect$$_printf_percent$$00000000)
    _printf_d                                0x08000167   Thumb Code     0  _printf_d.o(.ARM.Collect$$_printf_percent$$00000009)
    _printf_s                                0x0800016d   Thumb Code     0  _printf_s.o(.ARM.Collect$$_printf_percent$$00000014)
    _printf_percent_end                      0x08000173   Thumb Code     0  _printf_percent_end.o(.ARM.Collect$$_printf_percent$$00000017)
    __rt_lib_init                            0x08000177   Thumb Code     0  libinit.o(.ARM.Collect$$libinit$$00000000)
    __rt_lib_init_fp_1                       0x08000179   Thumb Code     0  libinit2.o(.ARM.Collect$$libinit$$00000002)
    __rt_lib_init_heap_1                     0x08000179   Thumb Code     0  libinit2.o(.ARM.Collect$$libinit$$0000000A)
    __rt_lib_init_lc_common                  0x08000179   Thumb Code     0  libinit2.o(.ARM.Collect$$libinit$$0000000F)
    __rt_lib_init_preinit_1                  0x08000179   Thumb Code     0  libinit2.o(.ARM.Collect$$libinit$$00000004)
    __rt_lib_init_rand_1                     0x08000179   Thumb Code     0  libinit2.o(.ARM.Collect$$libinit$$0000000E)
    __rt_lib_init_user_alloc_1               0x08000179   Thumb Code     0  libinit2.o(.ARM.Collect$$libinit$$0000000C)
    __rt_lib_init_lc_collate_1               0x0800017f   Thumb Code     0  libinit2.o(.ARM.Collect$$libinit$$00000011)
    __rt_lib_init_lc_ctype_1                 0x0800017f   Thumb Code     0  libinit2.o(.ARM.Collect$$libinit$$00000013)
    __rt_lib_init_lc_monetary_1              0x0800017f   Thumb Code     0  libinit2.o(.ARM.Collect$$libinit$$00000015)
    __rt_lib_init_lc_numeric_2               0x0800017f   Thumb Code     0  libinit2.o(.ARM.Collect$$libinit$$00000016)
    __rt_lib_init_alloca_1                   0x08000189   Thumb Code     0  libinit2.o(.ARM.Collect$$libinit$$0000002E)
    __rt_lib_init_argv_1                     0x08000189   Thumb Code     0  libinit2.o(.ARM.Collect$$libinit$$0000002C)
    __rt_lib_init_atexit_1                   0x08000189   Thumb Code     0  libinit2.o(.ARM.Collect$$libinit$$0000001B)
    __rt_lib_init_clock_1                    0x08000189   Thumb Code     0  libinit2.o(.ARM.Collect$$libinit$$00000021)
    __rt_lib_init_cpp_1                      0x08000189   Thumb Code     0  libinit2.o(.ARM.Collect$$libinit$$00000032)
    __rt_lib_init_exceptions_1               0x08000189   Thumb Code     0  libinit2.o(.ARM.Collect$$libinit$$00000030)
    __rt_lib_init_fp_trap_1                  0x08000189   Thumb Code     0  libinit2.o(.ARM.Collect$$libinit$$0000001F)
    __rt_lib_init_getenv_1                   0x08000189   Thumb Code     0  libinit2.o(.ARM.Collect$$libinit$$00000023)
    __rt_lib_init_lc_numeric_1               0x08000189   Thumb Code     0  libinit2.o(.ARM.Collect$$libinit$$00000017)
    __rt_lib_init_lc_time_1                  0x08000189   Thumb Code     0  libinit2.o(.ARM.Collect$$libinit$$00000019)
    __rt_lib_init_return                     0x08000189   Thumb Code     0  libinit2.o(.ARM.Collect$$libinit$$00000033)
    __rt_lib_init_signal_1                   0x08000189   Thumb Code     0  libinit2.o(.ARM.Collect$$libinit$$0000001D)
    __rt_lib_init_stdio_1                    0x08000189   Thumb Code     0  libinit2.o(.ARM.Collect$$libinit$$00000025)
    __rt_lib_shutdown                        0x0800018b   Thumb Code     0  libshutdown.o(.ARM.Collect$$libshutdown$$00000000)
    __rt_lib_shutdown_cpp_1                  0x0800018d   Thumb Code     0  libshutdown2.o(.ARM.Collect$$libshutdown$$00000002)
    __rt_lib_shutdown_fp_trap_1              0x0800018d   Thumb Code     0  libshutdown2.o(.ARM.Collect$$libshutdown$$00000007)
    __rt_lib_shutdown_heap_1                 0x0800018d   Thumb Code     0  libshutdown2.o(.ARM.Collect$$libshutdown$$0000000F)
    __rt_lib_shutdown_return                 0x0800018d   Thumb Code     0  libshutdown2.o(.ARM.Collect$$libshutdown$$00000010)
    __rt_lib_shutdown_signal_1               0x0800018d   Thumb Code     0  libshutdown2.o(.ARM.Collect$$libshutdown$$0000000A)
    __rt_lib_shutdown_stdio_1                0x0800018d   Thumb Code     0  libshutdown2.o(.ARM.Collect$$libshutdown$$00000004)
    __rt_lib_shutdown_user_alloc_1           0x0800018d   Thumb Code     0  libshutdown2.o(.ARM.Collect$$libshutdown$$0000000C)
    __rt_entry                               0x0800018f   Thumb Code     0  __rtentry.o(.ARM.Collect$$rtentry$$00000000)
    __rt_entry_presh_1                       0x0800018f   Thumb Code     0  __rtentry2.o(.ARM.Collect$$rtentry$$00000002)
    __rt_entry_sh                            0x0800018f   Thumb Code     0  __rtentry4.o(.ARM.Collect$$rtentry$$00000004)
    __rt_entry_li                            0x08000195   Thumb Code     0  __rtentry2.o(.ARM.Collect$$rtentry$$0000000A)
    __rt_entry_postsh_1                      0x08000195   Thumb Code     0  __rtentry2.o(.ARM.Collect$$rtentry$$00000009)
    __rt_entry_main                          0x08000199   Thumb Code     0  __rtentry2.o(.ARM.Collect$$rtentry$$0000000D)
    __rt_entry_postli_1                      0x08000199   Thumb Code     0  __rtentry2.o(.ARM.Collect$$rtentry$$0000000C)
    __rt_exit                                0x080001a1   Thumb Code     0  rtexit.o(.ARM.Collect$$rtexit$$00000000)
    __rt_exit_ls                             0x080001a3   Thumb Code     0  rtexit2.o(.ARM.Collect$$rtexit$$00000003)
    __rt_exit_prels_1                        0x080001a3   Thumb Code     0  rtexit2.o(.ARM.Collect$$rtexit$$00000002)
    __rt_exit_exit                           0x080001a7   Thumb Code     0  rtexit2.o(.ARM.Collect$$rtexit$$00000004)
    Reset_Handler                            0x080001ad   Thumb Code     8  startup_stm32f10x_md.o(.text)
    ADC1_2_IRQHandler                        0x080001c7   Thumb Code     0  startup_stm32f10x_md.o(.text)
    CAN1_RX1_IRQHandler                      0x080001c7   Thumb Code     0  startup_stm32f10x_md.o(.text)
    CAN1_SCE_IRQHandler                      0x080001c7   Thumb Code     0  startup_stm32f10x_md.o(.text)
    DMA1_Channel1_IRQHandler                 0x080001c7   Thumb Code     0  startup_stm32f10x_md.o(.text)
    DMA1_Channel2_IRQHandler                 0x080001c7   Thumb Code     0  startup_stm32f10x_md.o(.text)
    DMA1_Channel3_IRQHandler                 0x080001c7   Thumb Code     0  startup_stm32f10x_md.o(.text)
    DMA1_Channel4_IRQHandler                 0x080001c7   Thumb Code     0  startup_stm32f10x_md.o(.text)
    DMA1_Channel5_IRQHandler                 0x080001c7   Thumb Code     0  startup_stm32f10x_md.o(.text)
    DMA1_Channel6_IRQHandler                 0x080001c7   Thumb Code     0  startup_stm32f10x_md.o(.text)
    DMA1_Channel7_IRQHandler                 0x080001c7   Thumb Code     0  startup_stm32f10x_md.o(.text)
    EXTI0_IRQHandler                         0x080001c7   Thumb Code     0  startup_stm32f10x_md.o(.text)
    EXTI15_10_IRQHandler                     0x080001c7   Thumb Code     0  startup_stm32f10x_md.o(.text)
    EXTI1_IRQHandler                         0x080001c7   Thumb Code     0  startup_stm32f10x_md.o(.text)
    EXTI2_IRQHandler                         0x080001c7   Thumb Code     0  startup_stm32f10x_md.o(.text)
    EXTI3_IRQHandler                         0x080001c7   Thumb Code     0  startup_stm32f10x_md.o(.text)
    EXTI4_IRQHandler                         0x080001c7   Thumb Code     0  startup_stm32f10x_md.o(.text)
    EXTI9_5_IRQHandler                       0x080001c7   Thumb Code     0  startup_stm32f10x_md.o(.text)
    FLASH_IRQHandler                         0x080001c7   Thumb Code     0  startup_stm32f10x_md.o(.text)
    I2C1_ER_IRQHandler                       0x080001c7   Thumb Code     0  startup_stm32f10x_md.o(.text)
    I2C1_EV_IRQHandler                       0x080001c7   Thumb Code     0  startup_stm32f10x_md.o(.text)
    I2C2_ER_IRQHandler                       0x080001c7   Thumb Code     0  startup_stm32f10x_md.o(.text)
    I2C2_EV_IRQHandler                       0x080001c7   Thumb Code     0  startup_stm32f10x_md.o(.text)
    PVD_IRQHandler                           0x080001c7   Thumb Code     0  startup_stm32f10x_md.o(.text)
    RCC_IRQHandler                           0x080001c7   Thumb Code     0  startup_stm32f10x_md.o(.text)
    RTCAlarm_IRQHandler                      0x080001c7   Thumb Code     0  startup_stm32f10x_md.o(.text)
    RTC_IRQHandler                           0x080001c7   Thumb Code     0  startup_stm32f10x_md.o(.text)
    SPI1_IRQHandler                          0x080001c7   Thumb Code     0  startup_stm32f10x_md.o(.text)
    SPI2_IRQHandler                          0x080001c7   Thumb Code     0  startup_stm32f10x_md.o(.text)
    TAMPER_IRQHandler                        0x080001c7   Thumb Code     0  startup_stm32f10x_md.o(.text)
    TIM1_BRK_IRQHandler                      0x080001c7   Thumb Code     0  startup_stm32f10x_md.o(.text)
    TIM1_CC_IRQHandler                       0x080001c7   Thumb Code     0  startup_stm32f10x_md.o(.text)
    TIM1_TRG_COM_IRQHandler                  0x080001c7   Thumb Code     0  startup_stm32f10x_md.o(.text)
    TIM1_UP_IRQHandler                       0x080001c7   Thumb Code     0  startup_stm32f10x_md.o(.text)
    TIM2_IRQHandler                          0x080001c7   Thumb Code     0  startup_stm32f10x_md.o(.text)
    TIM3_IRQHandler                          0x080001c7   Thumb Code     0  startup_stm32f10x_md.o(.text)
    TIM4_IRQHandler                          0x080001c7   Thumb Code     0  startup_stm32f10x_md.o(.text)
    USBWakeUp_IRQHandler                     0x080001c7   Thumb Code     0  startup_stm32f10x_md.o(.text)
    USB_HP_CAN1_TX_IRQHandler                0x080001c7   Thumb Code     0  startup_stm32f10x_md.o(.text)
    USB_LP_CAN1_RX0_IRQHandler               0x080001c7   Thumb Code     0  startup_stm32f10x_md.o(.text)
    WWDG_IRQHandler                          0x080001c7   Thumb Code     0  startup_stm32f10x_md.o(.text)
    __user_initial_stackheap                 0x080001c9   Thumb Code     0  startup_stm32f10x_md.o(.text)
    OS_CPU_SR_Save                           0x080001ed   Thumb Code     0  os_cpu_a.o(.text)
    OS_CPU_SR_Restore                        0x080001f5   Thumb Code     0  os_cpu_a.o(.text)
    OSStartHighRdy                           0x080001fb   Thumb Code     0  os_cpu_a.o(.text)
    OSCtxSw                                  0x0800021d   Thumb Code     0  os_cpu_a.o(.text)
    OSIntCtxSw                               0x0800022b   Thumb Code     0  os_cpu_a.o(.text)
    PendSV_Handler                           0x0800023b   Thumb Code     0  os_cpu_a.o(.text)
    __2printf                                0x080002a1   Thumb Code    20  noretval__2printf.o(.text)
    __2sprintf                               0x080002b9   Thumb Code    34  noretval__2sprintf.o(.text)
    _printf_pre_padding                      0x080002e1   Thumb Code    44  _printf_pad.o(.text)
    _printf_post_padding                     0x0800030d   Thumb Code    34  _printf_pad.o(.text)
    _printf_str                              0x0800032f   Thumb Code    82  _printf_str.o(.text)
    _printf_int_dec                          0x08000381   Thumb Code   104  _printf_dec.o(.text)
    __printf                                 0x080003f9   Thumb Code   270  __printf_wp.o(.text)
    __use_two_region_memory                  0x08000507   Thumb Code     2  heapauxi.o(.text)
    __rt_heap_escrow$2region                 0x08000509   Thumb Code     2  heapauxi.o(.text)
    __rt_heap_expand$2region                 0x0800050b   Thumb Code     2  heapauxi.o(.text)
    _printf_int_common                       0x0800050d   Thumb Code   178  _printf_intcommon.o(.text)
    __lib_sel_fp_printf                      0x080005bf   Thumb Code     2  _printf_fp_dec.o(.text)
    _printf_fp_dec_real                      0x08000771   Thumb Code   620  _printf_fp_dec.o(.text)
    _printf_char_common                      0x080009e7   Thumb Code    32  _printf_char_common.o(.text)
    _sputc                                   0x08000a0d   Thumb Code    10  _sputc.o(.text)
    _printf_cs_common                        0x08000a17   Thumb Code    20  _printf_char.o(.text)
    _printf_char                             0x08000a2b   Thumb Code    16  _printf_char.o(.text)
    _printf_string                           0x08000a3b   Thumb Code     8  _printf_char.o(.text)
    _printf_char_file                        0x08000a45   Thumb Code    32  _printf_char_file.o(.text)
    __rt_locale                              0x08000a69   Thumb Code     8  rt_locale_intlibspace.o(.text)
    _ll_udiv10                               0x08000a71   Thumb Code   138  lludiv10.o(.text)
    _printf_fp_infnan                        0x08000afd   Thumb Code   112  _printf_fp_infnan.o(.text)
    _btod_etento                             0x08000b7d   Thumb Code   224  bigflt0.o(.text)
    ferror                                   0x08000c61   Thumb Code     8  ferror.o(.text)
    __user_libspace                          0x08000c69   Thumb Code     8  libspace.o(.text)
    __user_perproc_libspace                  0x08000c69   Thumb Code     0  libspace.o(.text)
    __user_perthread_libspace                0x08000c69   Thumb Code     0  libspace.o(.text)
    __user_setup_stackheap                   0x08000c71   Thumb Code    74  sys_stackheap_outer.o(.text)
    exit                                     0x08000cbb   Thumb Code    18  exit.o(.text)
    strcmp                                   0x08000ccd   Thumb Code   128  strcmpv7m.o(.text)
    _sys_exit                                0x08000d4d   Thumb Code     8  sys_exit.o(.text)
    __I$use$semihosting                      0x08000d59   Thumb Code     0  use_no_semi.o(.text)
    __use_no_semihosting_swi                 0x08000d59   Thumb Code     2  use_no_semi.o(.text)
    __semihosting_library_function           0x08000d5b   Thumb Code     0  indicate_semi.o(.text)
    _btod_d2e                                0x08000d5b   Thumb Code    62  btod.o(CL$$btod_d2e)
    _d2e_denorm_low                          0x08000d99   Thumb Code    70  btod.o(CL$$btod_d2e_denorm_low)
    _d2e_norm_op1                            0x08000ddf   Thumb Code    96  btod.o(CL$$btod_d2e_norm_op1)
    __btod_div_common                        0x08000e3f   Thumb Code   696  btod.o(CL$$btod_div_common)
    _e2e                                     0x08001177   Thumb Code   220  btod.o(CL$$btod_e2e)
    _btod_ediv                               0x08001253   Thumb Code    42  btod.o(CL$$btod_ediv)
    _btod_emul                               0x0800127d   Thumb Code    42  btod.o(CL$$btod_emul)
    __btod_mult_common                       0x080012a7   Thumb Code   580  btod.o(CL$$btod_mult_common)
    BusFault_Handler                         0x080014eb   Thumb Code     4  stm32f10x_it.o(i.BusFault_Handler)
    DebugMon_Handler                         0x080014ef   Thumb Code     2  stm32f10x_it.o(i.DebugMon_Handler)
    GPIO_Init                                0x080014f1   Thumb Code   278  stm32f10x_gpio_1.o(i.GPIO_Init)
    GPIO_ReadInputDataBit                    0x08001607   Thumb Code    18  stm32f10x_gpio_1.o(i.GPIO_ReadInputDataBit)
    GPIO_ResetBits                           0x08001619   Thumb Code     4  stm32f10x_gpio_1.o(i.GPIO_ResetBits)
    GPIO_SetBits                             0x0800161d   Thumb Code     4  stm32f10x_gpio_1.o(i.GPIO_SetBits)
    GPIO_SetState                            0x08001621   Thumb Code    32  gpio.o(i.GPIO_SetState)
    HardFault_Handler                        0x08001641   Thumb Code     4  stm32f10x_it.o(i.HardFault_Handler)
    LED_Init                                 0x08001645   Thumb Code    74  led.o(i.LED_Init)
    MemManage_Handler                        0x08001699   Thumb Code     4  stm32f10x_it.o(i.MemManage_Handler)
    NMI_Handler                              0x0800169d   Thumb Code     2  stm32f10x_it.o(i.NMI_Handler)
    NVIC_Init                                0x080016a1   Thumb Code   100  misc.o(i.NVIC_Init)
    NVIC_PriorityGroupConfig                 0x08001711   Thumb Code    10  misc.o(i.NVIC_PriorityGroupConfig)
    OSInit                                   0x08001725   Thumb Code    44  os_core.o(i.OSInit)
    OSInitHookBegin                          0x08001751   Thumb Code     2  os_cpu_c.o(i.OSInitHookBegin)
    OSInitHookEnd                            0x08001753   Thumb Code     2  os_cpu_c.o(i.OSInitHookEnd)
    OSIntEnter                               0x08001755   Thumb Code    28  os_core.o(i.OSIntEnter)
    OSIntExit                                0x08001779   Thumb Code   112  os_core.o(i.OSIntExit)
    OSMboxCreate                             0x08001809   Thumb Code    68  os_mbox.o(i.OSMboxCreate)
    OSSchedLock                              0x08001855   Thumb Code    50  os_core.o(i.OSSchedLock)
    OSSchedUnlock                            0x08001895   Thumb Code    82  os_core.o(i.OSSchedUnlock)
    OSStart                                  0x080018f5   Thumb Code    48  os_core.o(i.OSStart)
    OSTCBInitHook                            0x0800193d   Thumb Code     2  os_cpu_c.o(i.OSTCBInitHook)
    OSTaskCreate                             0x08001941   Thumb Code   148  os_task.o(i.OSTaskCreate)
    OSTaskCreateExt                          0x080019e1   Thumb Code   170  os_task.o(i.OSTaskCreateExt)
    OSTaskCreateHook                         0x08001a99   Thumb Code     2  os_cpu_c.o(i.OSTaskCreateHook)
    OSTaskIdleHook                           0x08001a9b   Thumb Code     2  os_cpu_c.o(i.OSTaskIdleHook)
    OSTaskNameSet                            0x08001a9d   Thumb Code    98  os_task.o(i.OSTaskNameSet)
    OSTaskStatHook                           0x08001b0d   Thumb Code     2  os_cpu_c.o(i.OSTaskStatHook)
    OSTaskStkChk                             0x08001b11   Thumb Code   132  os_task.o(i.OSTaskStkChk)
    OSTaskStkInit                            0x08001b9d   Thumb Code   154  os_cpu_c.o(i.OSTaskStkInit)
    OSTaskSuspend                            0x08001c39   Thumb Code   152  os_task.o(i.OSTaskSuspend)
    OSTaskSwHook                             0x08001ce1   Thumb Code     2  os_cpu_c.o(i.OSTaskSwHook)
    OSTimeDly                                0x08001ce5   Thumb Code   100  os_time.o(i.OSTimeDly)
    OSTimeTick                               0x08001d5d   Thumb Code   210  os_core.o(i.OSTimeTick)
    OSTimeTickHook                           0x08001e49   Thumb Code     2  os_cpu_c.o(i.OSTimeTickHook)
    OS_EventWaitListInit                     0x08001e4b   Thumb Code    28  os_core.o(i.OS_EventWaitListInit)
    OS_FlagInit                              0x08001e69   Thumb Code    74  os_flag.o(i.OS_FlagInit)
    OS_MemClr                                0x080020cd   Thumb Code    18  os_core.o(i.OS_MemClr)
    OS_QInit                                 0x080020e1   Thumb Code    72  os_q.o(i.OS_QInit)
    OS_Sched                                 0x08002131   Thumb Code    88  os_core.o(i.OS_Sched)
    OS_TCBInit                               0x080021d1   Thumb Code   278  os_core.o(i.OS_TCBInit)
    OS_TaskIdle                              0x08002305   Thumb Code    34  os_core.o(i.OS_TaskIdle)
    OS_TaskStat                              0x0800232d   Thumb Code   116  os_core.o(i.OS_TaskStat)
    OS_TaskStatStkChk                        0x080023b5   Thumb Code    54  os_core.o(i.OS_TaskStatStkChk)
    OS_TaskStkClr                            0x080023f1   Thumb Code    26  os_task.o(i.OS_TaskStkClr)
    OneWire_Read                             0x0800240d   Thumb Code    90  ds18b20.o(i.OneWire_Read)
    OneWire_Reset                            0x0800246d   Thumb Code    62  ds18b20.o(i.OneWire_Reset)
    OneWire_Write                            0x080024b1   Thumb Code    98  ds18b20.o(i.OneWire_Write)
    RCC_APB1PeriphClockCmd                   0x08002519   Thumb Code    26  stm32f10x_rcc.o(i.RCC_APB1PeriphClockCmd)
    RCC_APB1PeriphResetCmd                   0x08002539   Thumb Code    26  stm32f10x_rcc.o(i.RCC_APB1PeriphResetCmd)
    RCC_APB2PeriphClockCmd                   0x08002559   Thumb Code    26  stm32f10x_rcc.o(i.RCC_APB2PeriphClockCmd)
    RCC_APB2PeriphResetCmd                   0x08002579   Thumb Code    26  stm32f10x_rcc.o(i.RCC_APB2PeriphResetCmd)
    RCC_GetClocksFreq                        0x08002599   Thumb Code   192  stm32f10x_rcc.o(i.RCC_GetClocksFreq)
    READ_TEMPERATURE                         0x0800266d   Thumb Code    42  main.o(i.READ_TEMPERATURE)
    RTC_EnterConfigMode                      0x080026b1   Thumb Code    14  stm32f10x_rtc.o(i.RTC_EnterConfigMode)
    RTC_ExitConfigMode                       0x080026c5   Thumb Code    16  stm32f10x_rtc.o(i.RTC_ExitConfigMode)
    RTC_GetCounter                           0x080026d9   Thumb Code    16  stm32f10x_rtc.o(i.RTC_GetCounter)
    RTC_SetCounter                           0x080026ed   Thumb Code    24  stm32f10x_rtc.o(i.RTC_SetCounter)
    RTC_WaitForLastTask                      0x08002709   Thumb Code    16  stm32f10x_rtc.o(i.RTC_WaitForLastTask)
    SVC_Handler                              0x0800271d   Thumb Code     2  stm32f10x_it.o(i.SVC_Handler)
    SysTick_CLKSourceConfig                  0x08002809   Thumb Code    40  misc.o(i.SysTick_CLKSourceConfig)
    SysTick_Handler                          0x08002831   Thumb Code    24  delay.o(i.SysTick_Handler)
    SystemInit                               0x0800284d   Thumb Code    78  system_stm32f10x_1.o(i.SystemInit)
    Time_Current                             0x080028ad   Thumb Code    44  rtc_btl.o(i.Time_Current)
    USART1_IRQHandler                        0x080028e5   Thumb Code    30  usart.o(i.USART1_IRQHandler)
    USART1_InitPins                          0x0800290d   Thumb Code   122  usart.o(i.USART1_InitPins)
    USART2_IRQHandler                        0x08002995   Thumb Code    30  usart.o(i.USART2_IRQHandler)
    USART2_InitPins                          0x080029bd   Thumb Code   128  usart.o(i.USART2_InitPins)
    USART3_IRQHandler                        0x08002a49   Thumb Code    30  usart.o(i.USART3_IRQHandler)
    USART3_InitPins                          0x08002a71   Thumb Code   194  usart.o(i.USART3_InitPins)
    USART_BufferEmpty                        0x08002b45   Thumb Code    24  usart.o(i.USART_BufferEmpty)
    USART_BufferFull                         0x08002b5d   Thumb Code    28  usart.o(i.USART_BufferFull)
    USART_Cmd                                0x08002b79   Thumb Code    24  stm32f10x_usart.o(i.USART_Cmd)
    USART_DeInit                             0x08002b91   Thumb Code   134  stm32f10x_usart.o(i.USART_DeInit)
    USART_FindCharacter                      0x08002c2d   Thumb Code    58  usart.o(i.USART_FindCharacter)
    USART_GetFlagStatus                      0x08002c67   Thumb Code    26  stm32f10x_usart.o(i.USART_GetFlagStatus)
    USART_GetITStatus                        0x08002c81   Thumb Code    84  stm32f10x_usart.o(i.USART_GetITStatus)
    USART_Getc                               0x08002cd5   Thumb Code    54  usart.o(i.USART_Getc)
    USART_Gets                               0x08002d0b   Thumb Code    82  usart.o(i.USART_Gets)
    USART_INT_GetSubPriority                 0x08002d5d   Thumb Code    28  usart.o(i.USART_INT_GetSubPriority)
    USART_INT_GetUsart                       0x08002d85   Thumb Code    28  usart.o(i.USART_INT_GetUsart)
    USART_INT_InsertToBuffer                 0x08002db9   Thumb Code    44  usart.o(i.USART_INT_InsertToBuffer)
    USART_ITConfig                           0x08002de5   Thumb Code    74  stm32f10x_usart.o(i.USART_ITConfig)
    USART_Init                               0x08002e31   Thumb Code   210  stm32f10x_usart.o(i.USART_Init)
    USART_Putc                               0x08002f09   Thumb Code    26  usart.o(i.USART_Putc)
    USARTx_Init                              0x08002f25   Thumb Code   218  usart.o(i.USARTx_Init)
    UsageFault_Handler                       0x0800300d   Thumb Code     4  stm32f10x_it.o(i.UsageFault_Handler)
    __ARM_fpclassify                         0x08003011   Thumb Code    40  fpclassify.o(i.__ARM_fpclassify)
    _is_digit                                0x08003039   Thumb Code    14  __printf_wp.o(i._is_digit)
    delay_init                               0x08003049   Thumb Code    76  delay.o(i.delay_init)
    delay_ms                                 0x080030a5   Thumb Code    66  delay.o(i.delay_ms)
    delay_osschedlock                        0x080030f5   Thumb Code     8  delay.o(i.delay_osschedlock)
    delay_osschedunlock                      0x080030fd   Thumb Code     8  delay.o(i.delay_osschedunlock)
    delay_ostimedly                          0x08003105   Thumb Code    12  delay.o(i.delay_ostimedly)
    delay_us                                 0x08003111   Thumb Code    86  delay.o(i.delay_us)
    ds18b20_read                             0x0800316d   Thumb Code   124  ds18b20.o(i.ds18b20_read)
    fputc                                    0x080031ed   Thumb Code    18  usart.o(i.fputc)
    main                                     0x08003205   Thumb Code    54  main.o(i.main)
    main_task                                0x08003249   Thumb Code   548  main.o(i.main_task)
    start_task                               0x080034d9   Thumb Code    62  main.o(i.start_task)
    _get_lc_numeric                          0x0800352d   Thumb Code    44  lc_numeric_c.o(locale$$code)
    __aeabi_d2f                              0x08003559   Thumb Code     0  d2f.o(x$fpl$d2f)
    _d2f                                     0x08003559   Thumb Code    98  d2f.o(x$fpl$d2f)
    __aeabi_ddiv                             0x080035bd   Thumb Code     0  ddiv.o(x$fpl$ddiv)
    _ddiv                                    0x080035bd   Thumb Code   552  ddiv.o(x$fpl$ddiv)
    __aeabi_ui2d                             0x0800386d   Thumb Code     0  dflt_clz.o(x$fpl$dfltu)
    _dfltu                                   0x0800386d   Thumb Code    38  dflt_clz.o(x$fpl$dfltu)
    __fpl_dnaninf                            0x08003893   Thumb Code   156  dnaninf.o(x$fpl$dnaninf)
    __fpl_dretinf                            0x0800392f   Thumb Code    12  dretinf.o(x$fpl$dretinf)
    __aeabi_f2d                              0x0800393d   Thumb Code     0  f2d.o(x$fpl$f2d)
    _f2d                                     0x0800393d   Thumb Code    86  f2d.o(x$fpl$f2d)
    __fpl_fnaninf                            0x08003993   Thumb Code   140  fnaninf.o(x$fpl$fnaninf)
    __fpl_fretinf                            0x08003a1f   Thumb Code    10  fretinf.o(x$fpl$fretinf)
    _printf_fp_dec                           0x08003a29   Thumb Code     4  printf1.o(x$fpl$printf1)
    OSUnMapTbl                               0x08003a2c   Data         256  os_core.o(.constdata)
    __I$use$fp                               0x08003a2c   Number         0  usenofp.o(x$fpl$usenofp)
    Region$$Table$$Base                      0x08003bc0   Number         0  anon$$obj.o(Region$$Table)
    Region$$Table$$Limit                     0x08003be0   Number         0  anon$$obj.o(Region$$Table)
    msg_key                                  0x20000000   Data           4  main.o(.data)
    deg                                      0x20000004   Data           4  main.o(.data)
    speed                                    0x20000008   Data           4  main.o(.data)
    i                                        0x2000000c   Data           4  main.o(.data)
    n                                        0x20000010   Data           4  main.o(.data)
    h                                        0x20000014   Data           4  main.o(.data)
    m                                        0x20000018   Data           4  main.o(.data)
    t                                        0x2000001c   Data           4  main.o(.data)
    k                                        0x20000020   Data           4  main.o(.data)
    hh                                       0x20000024   Data           4  main.o(.data)
    mm                                       0x20000028   Data           4  main.o(.data)
    ss                                       0x2000002c   Data           4  main.o(.data)
    nhietdo                                  0x20000030   Data           4  main.o(.data)
    SystemCoreClock                          0x20000034   Data           4  system_stm32f10x_1.o(.data)
    AHBPrescTable                            0x20000038   Data          16  system_stm32f10x_1.o(.data)
    HH                                       0x20000048   Data           4  rtc_btl.o(.data)
    MM                                       0x2000004c   Data           4  rtc_btl.o(.data)
    SS                                       0x20000050   Data           4  rtc_btl.o(.data)
    T                                        0x20000054   Data           4  rtc_btl.o(.data)
    LS                                       0x20000058   Data           4  rtc_btl.o(.data)
    __stdout                                 0x20000060   Data           4  usart.o(.data)
    F4_USART1                                0x20000064   Data          12  usart.o(.data)
    F4_USART2                                0x20000070   Data          12  usart.o(.data)
    F4_USART3                                0x2000007c   Data          12  usart.o(.data)
    GPIO_InitStruct                          0x20000088   Data           4  usart.o(.data)
    OSCtxSwCtr                               0x200000a0   Data           4  os_core.o(.data)
    OSEventFreeList                          0x200000a4   Data           4  os_core.o(.data)
    OSFlagFreeList                           0x200000a8   Data           4  os_core.o(.data)
    OSCPUUsage                               0x200000ac   Data           1  os_core.o(.data)
    OSIdleCtrMax                             0x200000b0   Data           4  os_core.o(.data)
    OSIdleCtrRun                             0x200000b4   Data           4  os_core.o(.data)
    OSStatRdy                                0x200000b8   Data           1  os_core.o(.data)
    OSIntNesting                             0x200000b9   Data           1  os_core.o(.data)
    OSLockNesting                            0x200000ba   Data           1  os_core.o(.data)
    OSPrioCur                                0x200000bb   Data           1  os_core.o(.data)
    OSPrioHighRdy                            0x200000bc   Data           1  os_core.o(.data)
    OSRdyGrp                                 0x200000bd   Data           1  os_core.o(.data)
    OSRdyTbl                                 0x200000be   Data           8  os_core.o(.data)
    OSRunning                                0x200000c6   Data           1  os_core.o(.data)
    OSTaskCtr                                0x200000c7   Data           1  os_core.o(.data)
    OSIdleCtr                                0x200000c8   Data           4  os_core.o(.data)
    OSTCBCur                                 0x200000cc   Data           4  os_core.o(.data)
    OSTCBFreeList                            0x200000d0   Data           4  os_core.o(.data)
    OSTCBHighRdy                             0x200000d4   Data           4  os_core.o(.data)
    OSTCBList                                0x200000d8   Data           4  os_core.o(.data)
    OSTickStepState                          0x200000dc   Data           1  os_core.o(.data)
    OSQFreeList                              0x200000e0   Data           4  os_core.o(.data)
    OSTime                                   0x200000e4   Data           4  os_core.o(.data)
    START_TASK_STK                           0x200000e8   Data         256  main.o(.bss)
    READ_TEMPERATURE_STK                     0x200001e8   Data         256  main.o(.bss)
    SERVO_TASK_STK                           0x200002e8   Data         512  main.o(.bss)
    SHOW_TASK_STK                            0x200004e8   Data         256  main.o(.bss)
    LIGH_CTR_STK                             0x200005e8   Data         128  main.o(.bss)
    TEMPERATURE_CTR_STK                      0x20000668   Data         128  main.o(.bss)
    RTC_TASK_STK                             0x200006e8   Data         512  main.o(.bss)
    a                                        0x200008e8   Data          16  main.o(.bss)
    des                                      0x200008f8   Data          16  main.o(.bss)
    temperature_str                          0x20000908   Data          20  main.o(.bss)
    USART1_Buffer                            0x2000091c   Data          32  usart.o(.bss)
    USART2_Buffer                            0x2000093c   Data          32  usart.o(.bss)
    USART3_Buffer                            0x2000095c   Data          32  usart.o(.bss)
    OSEventTbl                               0x2000097c   Data         200  os_core.o(.bss)
    OSFlagTbl                                0x20000a44   Data          80  os_core.o(.bss)
    OSTaskStatStk                            0x20000a94   Data         512  os_core.o(.bss)
    OSTaskIdleStk                            0x20000c94   Data         512  os_core.o(.bss)
    OSTCBPrioTbl                             0x20000e94   Data         256  os_core.o(.bss)
    OSTCBTbl                                 0x20000f94   Data        1008  os_core.o(.bss)
    OSQTbl                                   0x20001384   Data         120  os_core.o(.bss)
    __libspace_start                         0x200013fc   Data          96  libspace.o(.bss)
    __temporary_stack_top$libspace           0x2000145c   Data           0  libspace.o(.bss)



==============================================================================

Memory Map of the image

  Image Entry point : 0x080001ad

  Load Region LR_1 (Base: 0x08000000, Size: 0x00003ce4, Max: 0xffffffff, ABSOLUTE)

    Execution Region ER_RO (Exec base: 0x08000000, Load base: 0x08000000, Size: 0x00003bfc, Max: 0xffffffff, ABSOLUTE)

    Exec Addr    Load Addr    Size         Type   Attr      Idx    E Section Name        Object

    0x08000000   0x08000000   0x000000ec   Data   RO          905    RESET               startup_stm32f10x_md.o
    0x080000ec   0x080000ec   0x00000008   Code   RO         2659  * !!!main             c_w.l(__main.o)
    0x080000f4   0x080000f4   0x00000034   Code   RO         2903    !!!scatter          c_w.l(__scatter.o)
    0x08000128   0x08000128   0x0000001a   Code   RO         2905    !!handler_copy      c_w.l(__scatter_copy.o)
    0x08000142   0x08000142   0x00000002   PAD
    0x08000144   0x08000144   0x0000001c   Code   RO         2907    !!handler_zi        c_w.l(__scatter_zi.o)
    0x08000160   0x08000160   0x00000000   Code   RO         2656    .ARM.Collect$$_printf_percent$$00000000  c_w.l(_printf_percent.o)
    0x08000160   0x08000160   0x00000006   Code   RO         2655    .ARM.Collect$$_printf_percent$$00000003  c_w.l(_printf_f.o)
    0x08000166   0x08000166   0x00000006   Code   RO         2654    .ARM.Collect$$_printf_percent$$00000009  c_w.l(_printf_d.o)
    0x0800016c   0x0800016c   0x00000006   Code   RO         2653    .ARM.Collect$$_printf_percent$$00000014  c_w.l(_printf_s.o)
    0x08000172   0x08000172   0x00000004   Code   RO         2690    .ARM.Collect$$_printf_percent$$00000017  c_w.l(_printf_percent_end.o)
    0x08000176   0x08000176   0x00000002   Code   RO         2776    .ARM.Collect$$libinit$$00000000  c_w.l(libinit.o)
    0x08000178   0x08000178   0x00000000   Code   RO         2778    .ARM.Collect$$libinit$$00000002  c_w.l(libinit2.o)
    0x08000178   0x08000178   0x00000000   Code   RO         2780    .ARM.Collect$$libinit$$00000004  c_w.l(libinit2.o)
    0x08000178   0x08000178   0x00000000   Code   RO         2783    .ARM.Collect$$libinit$$0000000A  c_w.l(libinit2.o)
    0x08000178   0x08000178   0x00000000   Code   RO         2785    .ARM.Collect$$libinit$$0000000C  c_w.l(libinit2.o)
    0x08000178   0x08000178   0x00000000   Code   RO         2787    .ARM.Collect$$libinit$$0000000E  c_w.l(libinit2.o)
    0x08000178   0x08000178   0x00000006   Code   RO         2788    .ARM.Collect$$libinit$$0000000F  c_w.l(libinit2.o)
    0x0800017e   0x0800017e   0x00000000   Code   RO         2790    .ARM.Collect$$libinit$$00000011  c_w.l(libinit2.o)
    0x0800017e   0x0800017e   0x00000000   Code   RO         2792    .ARM.Collect$$libinit$$00000013  c_w.l(libinit2.o)
    0x0800017e   0x0800017e   0x00000000   Code   RO         2794    .ARM.Collect$$libinit$$00000015  c_w.l(libinit2.o)
    0x0800017e   0x0800017e   0x0000000a   Code   RO         2795    .ARM.Collect$$libinit$$00000016  c_w.l(libinit2.o)
    0x08000188   0x08000188   0x00000000   Code   RO         2796    .ARM.Collect$$libinit$$00000017  c_w.l(libinit2.o)
    0x08000188   0x08000188   0x00000000   Code   RO         2798    .ARM.Collect$$libinit$$00000019  c_w.l(libinit2.o)
    0x08000188   0x08000188   0x00000000   Code   RO         2800    .ARM.Collect$$libinit$$0000001B  c_w.l(libinit2.o)
    0x08000188   0x08000188   0x00000000   Code   RO         2802    .ARM.Collect$$libinit$$0000001D  c_w.l(libinit2.o)
    0x08000188   0x08000188   0x00000000   Code   RO         2804    .ARM.Collect$$libinit$$0000001F  c_w.l(libinit2.o)
    0x08000188   0x08000188   0x00000000   Code   RO         2806    .ARM.Collect$$libinit$$00000021  c_w.l(libinit2.o)
    0x08000188   0x08000188   0x00000000   Code   RO         2808    .ARM.Collect$$libinit$$00000023  c_w.l(libinit2.o)
    0x08000188   0x08000188   0x00000000   Code   RO         2810    .ARM.Collect$$libinit$$00000025  c_w.l(libinit2.o)
    0x08000188   0x08000188   0x00000000   Code   RO         2814    .ARM.Collect$$libinit$$0000002C  c_w.l(libinit2.o)
    0x08000188   0x08000188   0x00000000   Code   RO         2816    .ARM.Collect$$libinit$$0000002E  c_w.l(libinit2.o)
    0x08000188   0x08000188   0x00000000   Code   RO         2818    .ARM.Collect$$libinit$$00000030  c_w.l(libinit2.o)
    0x08000188   0x08000188   0x00000000   Code   RO         2820    .ARM.Collect$$libinit$$00000032  c_w.l(libinit2.o)
    0x08000188   0x08000188   0x00000002   Code   RO         2821    .ARM.Collect$$libinit$$00000033  c_w.l(libinit2.o)
    0x0800018a   0x0800018a   0x00000002   Code   RO         2851    .ARM.Collect$$libshutdown$$00000000  c_w.l(libshutdown.o)
    0x0800018c   0x0800018c   0x00000000   Code   RO         2862    .ARM.Collect$$libshutdown$$00000002  c_w.l(libshutdown2.o)
    0x0800018c   0x0800018c   0x00000000   Code   RO         2864    .ARM.Collect$$libshutdown$$00000004  c_w.l(libshutdown2.o)
    0x0800018c   0x0800018c   0x00000000   Code   RO         2867    .ARM.Collect$$libshutdown$$00000007  c_w.l(libshutdown2.o)
    0x0800018c   0x0800018c   0x00000000   Code   RO         2870    .ARM.Collect$$libshutdown$$0000000A  c_w.l(libshutdown2.o)
    0x0800018c   0x0800018c   0x00000000   Code   RO         2872    .ARM.Collect$$libshutdown$$0000000C  c_w.l(libshutdown2.o)
    0x0800018c   0x0800018c   0x00000000   Code   RO         2875    .ARM.Collect$$libshutdown$$0000000F  c_w.l(libshutdown2.o)
    0x0800018c   0x0800018c   0x00000002   Code   RO         2876    .ARM.Collect$$libshutdown$$00000010  c_w.l(libshutdown2.o)
    0x0800018e   0x0800018e   0x00000000   Code   RO         2677    .ARM.Collect$$rtentry$$00000000  c_w.l(__rtentry.o)
    0x0800018e   0x0800018e   0x00000000   Code   RO         2701    .ARM.Collect$$rtentry$$00000002  c_w.l(__rtentry2.o)
    0x0800018e   0x0800018e   0x00000006   Code   RO         2713    .ARM.Collect$$rtentry$$00000004  c_w.l(__rtentry4.o)
    0x08000194   0x08000194   0x00000000   Code   RO         2703    .ARM.Collect$$rtentry$$00000009  c_w.l(__rtentry2.o)
    0x08000194   0x08000194   0x00000004   Code   RO         2704    .ARM.Collect$$rtentry$$0000000A  c_w.l(__rtentry2.o)
    0x08000198   0x08000198   0x00000000   Code   RO         2706    .ARM.Collect$$rtentry$$0000000C  c_w.l(__rtentry2.o)
    0x08000198   0x08000198   0x00000008   Code   RO         2707    .ARM.Collect$$rtentry$$0000000D  c_w.l(__rtentry2.o)
    0x080001a0   0x080001a0   0x00000002   Code   RO         2822    .ARM.Collect$$rtexit$$00000000  c_w.l(rtexit.o)
    0x080001a2   0x080001a2   0x00000000   Code   RO         2829    .ARM.Collect$$rtexit$$00000002  c_w.l(rtexit2.o)
    0x080001a2   0x080001a2   0x00000004   Code   RO         2830    .ARM.Collect$$rtexit$$00000003  c_w.l(rtexit2.o)
    0x080001a6   0x080001a6   0x00000006   Code   RO         2831    .ARM.Collect$$rtexit$$00000004  c_w.l(rtexit2.o)
    0x080001ac   0x080001ac   0x00000040   Code   RO          906  * .text               startup_stm32f10x_md.o
    0x080001ec   0x080001ec   0x000000b4   Code   RO         2530    .text               os_cpu_a.o
    0x080002a0   0x080002a0   0x00000018   Code   RO         2621    .text               c_w.l(noretval__2printf.o)
    0x080002b8   0x080002b8   0x00000028   Code   RO         2623    .text               c_w.l(noretval__2sprintf.o)
    0x080002e0   0x080002e0   0x0000004e   Code   RO         2627    .text               c_w.l(_printf_pad.o)
    0x0800032e   0x0800032e   0x00000052   Code   RO         2629    .text               c_w.l(_printf_str.o)
    0x08000380   0x08000380   0x00000078   Code   RO         2631    .text               c_w.l(_printf_dec.o)
    0x080003f8   0x080003f8   0x0000010e   Code   RO         2641    .text               c_w.l(__printf_wp.o)
    0x08000506   0x08000506   0x00000006   Code   RO         2657    .text               c_w.l(heapauxi.o)
    0x0800050c   0x0800050c   0x000000b2   Code   RO         2678    .text               c_w.l(_printf_intcommon.o)
    0x080005be   0x080005be   0x0000041e   Code   RO         2680    .text               c_w.l(_printf_fp_dec.o)
    0x080009dc   0x080009dc   0x00000030   Code   RO         2682    .text               c_w.l(_printf_char_common.o)
    0x08000a0c   0x08000a0c   0x0000000a   Code   RO         2684    .text               c_w.l(_sputc.o)
    0x08000a16   0x08000a16   0x0000002c   Code   RO         2686    .text               c_w.l(_printf_char.o)
    0x08000a42   0x08000a42   0x00000002   PAD
    0x08000a44   0x08000a44   0x00000024   Code   RO         2688    .text               c_w.l(_printf_char_file.o)
    0x08000a68   0x08000a68   0x00000008   Code   RO         2718    .text               c_w.l(rt_locale_intlibspace.o)
    0x08000a70   0x08000a70   0x0000008a   Code   RO         2720    .text               c_w.l(lludiv10.o)
    0x08000afa   0x08000afa   0x00000002   PAD
    0x08000afc   0x08000afc   0x00000080   Code   RO         2722    .text               c_w.l(_printf_fp_infnan.o)
    0x08000b7c   0x08000b7c   0x000000e4   Code   RO         2726    .text               c_w.l(bigflt0.o)
    0x08000c60   0x08000c60   0x00000008   Code   RO         2751    .text               c_w.l(ferror.o)
    0x08000c68   0x08000c68   0x00000008   Code   RO         2762    .text               c_w.l(libspace.o)
    0x08000c70   0x08000c70   0x0000004a   Code   RO         2765    .text               c_w.l(sys_stackheap_outer.o)
    0x08000cba   0x08000cba   0x00000012   Code   RO         2767    .text               c_w.l(exit.o)
    0x08000ccc   0x08000ccc   0x00000080   Code   RO         2769    .text               c_w.l(strcmpv7m.o)
    0x08000d4c   0x08000d4c   0x0000000c   Code   RO         2841    .text               c_w.l(sys_exit.o)
    0x08000d58   0x08000d58   0x00000002   Code   RO         2852    .text               c_w.l(use_no_semi.o)
    0x08000d5a   0x08000d5a   0x00000000   Code   RO         2854    .text               c_w.l(indicate_semi.o)
    0x08000d5a   0x08000d5a   0x0000003e   Code   RO         2729    CL$$btod_d2e        c_w.l(btod.o)
    0x08000d98   0x08000d98   0x00000046   Code   RO         2731    CL$$btod_d2e_denorm_low  c_w.l(btod.o)
    0x08000dde   0x08000dde   0x00000060   Code   RO         2730    CL$$btod_d2e_norm_op1  c_w.l(btod.o)
    0x08000e3e   0x08000e3e   0x00000338   Code   RO         2739    CL$$btod_div_common  c_w.l(btod.o)
    0x08001176   0x08001176   0x000000dc   Code   RO         2736    CL$$btod_e2e        c_w.l(btod.o)
    0x08001252   0x08001252   0x0000002a   Code   RO         2733    CL$$btod_ediv       c_w.l(btod.o)
    0x0800127c   0x0800127c   0x0000002a   Code   RO         2732    CL$$btod_emul       c_w.l(btod.o)
    0x080012a6   0x080012a6   0x00000244   Code   RO         2738    CL$$btod_mult_common  c_w.l(btod.o)
    0x080014ea   0x080014ea   0x00000004   Code   RO          188    i.BusFault_Handler  stm32f10x_it.o
    0x080014ee   0x080014ee   0x00000002   Code   RO          189    i.DebugMon_Handler  stm32f10x_it.o
    0x080014f0   0x080014f0   0x00000116   Code   RO          952    i.GPIO_Init         stm32f10x_gpio_1.o
    0x08001606   0x08001606   0x00000012   Code   RO          956    i.GPIO_ReadInputDataBit  stm32f10x_gpio_1.o
    0x08001618   0x08001618   0x00000004   Code   RO          959    i.GPIO_ResetBits    stm32f10x_gpio_1.o
    0x0800161c   0x0800161c   0x00000004   Code   RO          960    i.GPIO_SetBits      stm32f10x_gpio_1.o
    0x08001620   0x08001620   0x00000020   Code   RO          493    i.GPIO_SetState     gpio.o
    0x08001640   0x08001640   0x00000004   Code   RO          190    i.HardFault_Handler  stm32f10x_it.o
    0x08001644   0x08001644   0x00000054   Code   RO          299    i.LED_Init          led.o
    0x08001698   0x08001698   0x00000004   Code   RO          191    i.MemManage_Handler  stm32f10x_it.o
    0x0800169c   0x0800169c   0x00000002   Code   RO          192    i.NMI_Handler       stm32f10x_it.o
    0x0800169e   0x0800169e   0x00000002   PAD
    0x080016a0   0x080016a0   0x00000070   Code   RO          910    i.NVIC_Init         misc.o
    0x08001710   0x08001710   0x00000014   Code   RO          911    i.NVIC_PriorityGroupConfig  misc.o
    0x08001724   0x08001724   0x0000002c   Code   RO         1896    i.OSInit            os_core.o
    0x08001750   0x08001750   0x00000002   Code   RO         2533    i.OSInitHookBegin   os_cpu_c.o
    0x08001752   0x08001752   0x00000002   Code   RO         2534    i.OSInitHookEnd     os_cpu_c.o
    0x08001754   0x08001754   0x00000024   Code   RO         1897    i.OSIntEnter        os_core.o
    0x08001778   0x08001778   0x00000090   Code   RO         1898    i.OSIntExit         os_core.o
    0x08001808   0x08001808   0x0000004c   Code   RO         2160    i.OSMboxCreate      os_mbox.o
    0x08001854   0x08001854   0x00000040   Code   RO         1899    i.OSSchedLock       os_core.o
    0x08001894   0x08001894   0x00000060   Code   RO         1900    i.OSSchedUnlock     os_core.o
    0x080018f4   0x080018f4   0x00000048   Code   RO         1901    i.OSStart           os_core.o
    0x0800193c   0x0800193c   0x00000002   Code   RO         2535    i.OSTCBInitHook     os_cpu_c.o
    0x0800193e   0x0800193e   0x00000002   PAD
    0x08001940   0x08001940   0x000000a0   Code   RO         2393    i.OSTaskCreate      os_task.o
    0x080019e0   0x080019e0   0x000000b8   Code   RO         2394    i.OSTaskCreateExt   os_task.o
    0x08001a98   0x08001a98   0x00000002   Code   RO         2536    i.OSTaskCreateHook  os_cpu_c.o
    0x08001a9a   0x08001a9a   0x00000002   Code   RO         2538    i.OSTaskIdleHook    os_cpu_c.o
    0x08001a9c   0x08001a9c   0x00000070   Code   RO         2398    i.OSTaskNameSet     os_task.o
    0x08001b0c   0x08001b0c   0x00000002   Code   RO         2540    i.OSTaskStatHook    os_cpu_c.o
    0x08001b0e   0x08001b0e   0x00000002   PAD
    0x08001b10   0x08001b10   0x0000008c   Code   RO         2403    i.OSTaskStkChk      os_task.o
    0x08001b9c   0x08001b9c   0x0000009a   Code   RO         2541    i.OSTaskStkInit     os_cpu_c.o
    0x08001c36   0x08001c36   0x00000002   PAD
    0x08001c38   0x08001c38   0x000000a8   Code   RO         2404    i.OSTaskSuspend     os_task.o
    0x08001ce0   0x08001ce0   0x00000002   Code   RO         2542    i.OSTaskSwHook      os_cpu_c.o
    0x08001ce2   0x08001ce2   0x00000002   PAD
    0x08001ce4   0x08001ce4   0x00000078   Code   RO         2488    i.OSTimeDly         os_time.o
    0x08001d5c   0x08001d5c   0x000000ec   Code   RO         1903    i.OSTimeTick        os_core.o
    0x08001e48   0x08001e48   0x00000002   Code   RO         2543    i.OSTimeTickHook    os_cpu_c.o
    0x08001e4a   0x08001e4a   0x0000001c   Code   RO         1909    i.OS_EventWaitListInit  os_core.o
    0x08001e66   0x08001e66   0x00000002   PAD
    0x08001e68   0x08001e68   0x00000058   Code   RO         2087    i.OS_FlagInit       os_flag.o
    0x08001ec0   0x08001ec0   0x00000054   Code   RO         1910    i.OS_InitEventList  os_core.o
    0x08001f14   0x08001f14   0x00000054   Code   RO         1911    i.OS_InitMisc       os_core.o
    0x08001f68   0x08001f68   0x00000044   Code   RO         1912    i.OS_InitRdyList    os_core.o
    0x08001fac   0x08001fac   0x00000080   Code   RO         1913    i.OS_InitTCBList    os_core.o
    0x0800202c   0x0800202c   0x00000050   Code   RO         1914    i.OS_InitTaskIdle   os_core.o
    0x0800207c   0x0800207c   0x00000050   Code   RO         1915    i.OS_InitTaskStat   os_core.o
    0x080020cc   0x080020cc   0x00000012   Code   RO         1916    i.OS_MemClr         os_core.o
    0x080020de   0x080020de   0x00000002   PAD
    0x080020e0   0x080020e0   0x00000050   Code   RO         2276    i.OS_QInit          os_q.o
    0x08002130   0x08002130   0x00000074   Code   RO         1918    i.OS_Sched          os_core.o
    0x080021a4   0x080021a4   0x0000002c   Code   RO         1919    i.OS_SchedNew       os_core.o
    0x080021d0   0x080021d0   0x00000134   Code   RO         1921    i.OS_TCBInit        os_core.o
    0x08002304   0x08002304   0x00000028   Code   RO         1922    i.OS_TaskIdle       os_core.o
    0x0800232c   0x0800232c   0x00000088   Code   RO         1923    i.OS_TaskStat       os_core.o
    0x080023b4   0x080023b4   0x0000003c   Code   RO         1924    i.OS_TaskStatStkChk  os_core.o
    0x080023f0   0x080023f0   0x0000001a   Code   RO         2406    i.OS_TaskStkClr     os_task.o
    0x0800240a   0x0800240a   0x00000002   PAD
    0x0800240c   0x0800240c   0x00000060   Code   RO          452    i.OneWire_Read      ds18b20.o
    0x0800246c   0x0800246c   0x00000044   Code   RO          453    i.OneWire_Reset     ds18b20.o
    0x080024b0   0x080024b0   0x00000068   Code   RO          454    i.OneWire_Write     ds18b20.o
    0x08002518   0x08002518   0x00000020   Code   RO         1086    i.RCC_APB1PeriphClockCmd  stm32f10x_rcc.o
    0x08002538   0x08002538   0x00000020   Code   RO         1087    i.RCC_APB1PeriphResetCmd  stm32f10x_rcc.o
    0x08002558   0x08002558   0x00000020   Code   RO         1088    i.RCC_APB2PeriphClockCmd  stm32f10x_rcc.o
    0x08002578   0x08002578   0x00000020   Code   RO         1089    i.RCC_APB2PeriphResetCmd  stm32f10x_rcc.o
    0x08002598   0x08002598   0x000000d4   Code   RO         1096    i.RCC_GetClocksFreq  stm32f10x_rcc.o
    0x0800266c   0x0800266c   0x00000044   Code   RO            1    i.READ_TEMPERATURE  main.o
    0x080026b0   0x080026b0   0x00000014   Code   RO         1808    i.RTC_EnterConfigMode  stm32f10x_rtc.o
    0x080026c4   0x080026c4   0x00000014   Code   RO         1809    i.RTC_ExitConfigMode  stm32f10x_rtc.o
    0x080026d8   0x080026d8   0x00000014   Code   RO         1810    i.RTC_GetCounter    stm32f10x_rtc.o
    0x080026ec   0x080026ec   0x0000001c   Code   RO         1816    i.RTC_SetCounter    stm32f10x_rtc.o
    0x08002708   0x08002708   0x00000014   Code   RO         1818    i.RTC_WaitForLastTask  stm32f10x_rtc.o
    0x0800271c   0x0800271c   0x00000002   Code   RO          193    i.SVC_Handler       stm32f10x_it.o
    0x0800271e   0x0800271e   0x00000008   Code   RO          265    i.SetSysClock       system_stm32f10x_1.o
    0x08002726   0x08002726   0x00000002   PAD
    0x08002728   0x08002728   0x000000e0   Code   RO          266    i.SetSysClockTo72   system_stm32f10x_1.o
    0x08002808   0x08002808   0x00000028   Code   RO          914    i.SysTick_CLKSourceConfig  misc.o
    0x08002830   0x08002830   0x0000001c   Code   RO          674    i.SysTick_Handler   delay.o
    0x0800284c   0x0800284c   0x00000060   Code   RO          268    i.SystemInit        system_stm32f10x_1.o
    0x080028ac   0x080028ac   0x00000038   Code   RO          364    i.Time_Current      rtc_btl.o
    0x080028e4   0x080028e4   0x00000028   Code   RO          765    i.USART1_IRQHandler  usart.o
    0x0800290c   0x0800290c   0x00000088   Code   RO          766    i.USART1_InitPins   usart.o
    0x08002994   0x08002994   0x00000028   Code   RO          767    i.USART2_IRQHandler  usart.o
    0x080029bc   0x080029bc   0x0000008c   Code   RO          768    i.USART2_InitPins   usart.o
    0x08002a48   0x08002a48   0x00000028   Code   RO          769    i.USART3_IRQHandler  usart.o
    0x08002a70   0x08002a70   0x000000d4   Code   RO          770    i.USART3_InitPins   usart.o
    0x08002b44   0x08002b44   0x00000018   Code   RO          771    i.USART_BufferEmpty  usart.o
    0x08002b5c   0x08002b5c   0x0000001c   Code   RO          772    i.USART_BufferFull  usart.o
    0x08002b78   0x08002b78   0x00000018   Code   RO         1288    i.USART_Cmd         stm32f10x_usart.o
    0x08002b90   0x08002b90   0x0000009c   Code   RO         1290    i.USART_DeInit      stm32f10x_usart.o
    0x08002c2c   0x08002c2c   0x0000003a   Code   RO          774    i.USART_FindCharacter  usart.o
    0x08002c66   0x08002c66   0x0000001a   Code   RO         1291    i.USART_GetFlagStatus  stm32f10x_usart.o
    0x08002c80   0x08002c80   0x00000054   Code   RO         1292    i.USART_GetITStatus  stm32f10x_usart.o
    0x08002cd4   0x08002cd4   0x00000036   Code   RO          775    i.USART_Getc        usart.o
    0x08002d0a   0x08002d0a   0x00000052   Code   RO          776    i.USART_Gets        usart.o
    0x08002d5c   0x08002d5c   0x00000028   Code   RO          777    i.USART_INT_GetSubPriority  usart.o
    0x08002d84   0x08002d84   0x00000034   Code   RO          778    i.USART_INT_GetUsart  usart.o
    0x08002db8   0x08002db8   0x0000002c   Code   RO          779    i.USART_INT_InsertToBuffer  usart.o
    0x08002de4   0x08002de4   0x0000004a   Code   RO         1294    i.USART_ITConfig    stm32f10x_usart.o
    0x08002e2e   0x08002e2e   0x00000002   PAD
    0x08002e30   0x08002e30   0x000000d8   Code   RO         1295    i.USART_Init        stm32f10x_usart.o
    0x08002f08   0x08002f08   0x0000001a   Code   RO          780    i.USART_Putc        usart.o
    0x08002f22   0x08002f22   0x00000002   PAD
    0x08002f24   0x08002f24   0x000000e8   Code   RO          782    i.USARTx_Init       usart.o
    0x0800300c   0x0800300c   0x00000004   Code   RO          194    i.UsageFault_Handler  stm32f10x_it.o
    0x08003010   0x08003010   0x00000028   Code   RO         2760    i.__ARM_fpclassify  m_ws.l(fpclassify.o)
    0x08003038   0x08003038   0x0000000e   Code   RO         2643    i._is_digit         c_w.l(__printf_wp.o)
    0x08003046   0x08003046   0x00000002   PAD
    0x08003048   0x08003048   0x0000005c   Code   RO          675    i.delay_init        delay.o
    0x080030a4   0x080030a4   0x00000050   Code   RO          676    i.delay_ms          delay.o
    0x080030f4   0x080030f4   0x00000008   Code   RO          677    i.delay_osschedlock  delay.o
    0x080030fc   0x080030fc   0x00000008   Code   RO          678    i.delay_osschedunlock  delay.o
    0x08003104   0x08003104   0x0000000c   Code   RO          679    i.delay_ostimedly   delay.o
    0x08003110   0x08003110   0x0000005c   Code   RO          680    i.delay_us          delay.o
    0x0800316c   0x0800316c   0x00000080   Code   RO          455    i.ds18b20_read      ds18b20.o
    0x080031ec   0x080031ec   0x00000018   Code   RO          783    i.fputc             usart.o
    0x08003204   0x08003204   0x00000044   Code   RO            2    i.main              main.o
    0x08003248   0x08003248   0x00000290   Code   RO            3    i.main_task         main.o
    0x080034d8   0x080034d8   0x00000054   Code   RO            4    i.start_task        main.o
    0x0800352c   0x0800352c   0x0000002c   Code   RO         2756    locale$$code        c_w.l(lc_numeric_c.o)
    0x08003558   0x08003558   0x00000062   Code   RO         2661    x$fpl$d2f           fz_ws.l(d2f.o)
    0x080035ba   0x080035ba   0x00000002   PAD
    0x080035bc   0x080035bc   0x000002b0   Code   RO         2664    x$fpl$ddiv          fz_ws.l(ddiv.o)
    0x0800386c   0x0800386c   0x00000026   Code   RO         2667    x$fpl$dfltu         fz_ws.l(dflt_clz.o)
    0x08003892   0x08003892   0x0000009c   Code   RO         2691    x$fpl$dnaninf       fz_ws.l(dnaninf.o)
    0x0800392e   0x0800392e   0x0000000c   Code   RO         2693    x$fpl$dretinf       fz_ws.l(dretinf.o)
    0x0800393a   0x0800393a   0x00000002   PAD
    0x0800393c   0x0800393c   0x00000056   Code   RO         2673    x$fpl$f2d           fz_ws.l(f2d.o)
    0x08003992   0x08003992   0x0000008c   Code   RO         2695    x$fpl$fnaninf       fz_ws.l(fnaninf.o)
    0x08003a1e   0x08003a1e   0x0000000a   Code   RO         2697    x$fpl$fretinf       fz_ws.l(fretinf.o)
    0x08003a28   0x08003a28   0x00000004   Code   RO         2675    x$fpl$printf1       fz_ws.l(printf1.o)
    0x08003a2c   0x08003a2c   0x00000000   Code   RO         2699    x$fpl$usenofp       fz_ws.l(usenofp.o)
    0x08003a2c   0x08003a2c   0x00000100   Data   RO         1926    .constdata          os_core.o
    0x08003b2c   0x08003b2c   0x00000094   Data   RO         2727    .constdata          c_w.l(bigflt0.o)
    0x08003bc0   0x08003bc0   0x00000020   Data   RO         2901    Region$$Table       anon$$obj.o
    0x08003be0   0x08003be0   0x0000001c   Data   RO         2755    locale$$data        c_w.l(lc_numeric_c.o)


    Execution Region ER_RW (Exec base: 0x20000000, Load base: 0x08003bfc, Size: 0x000000e8, Max: 0xffffffff, ABSOLUTE)

    Exec Addr    Load Addr    Size         Type   Attr      Idx    E Section Name        Object

    0x20000000   0x08003bfc   0x00000034   Data   RW            6    .data               main.o
    0x20000034   0x08003c30   0x00000014   Data   RW          269    .data               system_stm32f10x_1.o
    0x20000048   0x08003c44   0x00000014   Data   RW          365    .data               rtc_btl.o
    0x2000005c   0x08003c58   0x00000004   Data   RW          683    .data               delay.o
    0x20000060   0x08003c5c   0x0000002c   Data   RW          785    .data               usart.o
    0x2000008c   0x08003c88   0x00000014   Data   RW         1116    .data               stm32f10x_rcc.o
    0x200000a0   0x08003c9c   0x00000048   Data   RW         1927    .data               os_core.o


    Execution Region ER_ZI (Exec base: 0x200000e8, Load base: 0x08003ce4, Size: 0x00001978, Max: 0xffffffff, ABSOLUTE)

    Exec Addr    Load Addr    Size         Type   Attr      Idx    E Section Name        Object

    0x200000e8        -       0x00000834   Zero   RW            5    .bss                main.o
    0x2000091c        -       0x00000060   Zero   RW          784    .bss                usart.o
    0x2000097c        -       0x00000a80   Zero   RW         1925    .bss                os_core.o
    0x200013fc        -       0x00000060   Zero   RW         2763    .bss                c_w.l(libspace.o)
    0x2000145c   0x08003ce4   0x00000004   PAD
    0x20001460        -       0x00000200   Zero   RW          904    HEAP                startup_stm32f10x_md.o
    0x20001660        -       0x00000400   Zero   RW          903    STACK               startup_stm32f10x_md.o


==============================================================================

Image component sizes


      Code (inc. data)   RO Data    RW Data    ZI Data      Debug   Object Name

       320         40          0          4          0       3657   delay.o
       396         22          0          0          0       2202   ds18b20.o
        32          0          0          0          0        900   gpio.o
        84         10          0          0          0        483   led.o
       876        170          0         52       2100     245974   main.o
       172         22          0          0          0       1985   misc.o
      1966        382        256         72       2688      19294   os_core.o
       180         36          0          0          0        320   os_cpu_a.o
       170          0          0          0          0      12575   os_cpu_c.o
        88         14          0          0          0        574   os_flag.o
        76          8          0          0          0        671   os_mbox.o
        80          8          0          0          0        543   os_q.o
       790         64          0          0          0       5292   os_task.o
       120         20          0          0          0        608   os_time.o
        56         12          0         20          0        735   rtc_btl.o
        64         26        236          0       1536        788   startup_stm32f10x_md.o
       304          0          0          0          0       3576   stm32f10x_gpio_1.o
        22          0          0          0          0       2763   stm32f10x_it.o
       340         44          0         20          0       5456   stm32f10x_rcc.o
       108         22          0          0          0       2395   stm32f10x_rtc.o
       580         28          0          0          0       5571   stm32f10x_usart.o
         0          0          0          0          0         32   sys.o
       328         28          0         20          0       1997   system_stm32f10x_1.o
      1272        130          0         44         96      12093   usart.o

    ----------------------------------------------------------------------
      8446       1086        524        232       6420     330484   Object Totals
         0          0         32          0          0          0   (incl. Generated)
        22          0          0          0          0          0   (incl. Padding)

    ----------------------------------------------------------------------

      Code (inc. data)   RO Data    RW Data    ZI Data      Debug   Library Member Name

         8          0          0          0          0         68   __main.o
       284          0          0          0          0        156   __printf_wp.o
         0          0          0          0          0          0   __rtentry.o
        12          0          0          0          0          0   __rtentry2.o
         6          0          0          0          0          0   __rtentry4.o
        52          8          0          0          0          0   __scatter.o
        26          0          0          0          0          0   __scatter_copy.o
        28          0          0          0          0          0   __scatter_zi.o
        44          0          0          0          0        108   _printf_char.o
        48          6          0          0          0         96   _printf_char_common.o
        36          4          0          0          0         80   _printf_char_file.o
         6          0          0          0          0          0   _printf_d.o
       120         16          0          0          0         92   _printf_dec.o
         6          0          0          0          0          0   _printf_f.o
      1054          0          0          0          0        216   _printf_fp_dec.o
       128         16          0          0          0         84   _printf_fp_infnan.o
       178          0          0          0          0         88   _printf_intcommon.o
        78          0          0          0          0        108   _printf_pad.o
         0          0          0          0          0          0   _printf_percent.o
         4          0          0          0          0          0   _printf_percent_end.o
         6          0          0          0          0          0   _printf_s.o
        82          0          0          0          0         80   _printf_str.o
        10          0          0          0          0         68   _sputc.o
       228          4        148          0          0         96   bigflt0.o
      1936        128          0          0          0        672   btod.o
        18          0          0          0          0         80   exit.o
         8          0          0          0          0         68   ferror.o
         6          0          0          0          0        152   heapauxi.o
         0          0          0          0          0          0   indicate_semi.o
        44         10         28          0          0         76   lc_numeric_c.o
         2          0          0          0          0          0   libinit.o
        18          0          0          0          0          0   libinit2.o
         2          0          0          0          0          0   libshutdown.o
         2          0          0          0          0          0   libshutdown2.o
         8          4          0          0         96         68   libspace.o
       138          0          0          0          0         80   lludiv10.o
        24          4          0          0          0         84   noretval__2printf.o
        40          6          0          0          0         84   noretval__2sprintf.o
         8          4          0          0          0         68   rt_locale_intlibspace.o
         2          0          0          0          0          0   rtexit.o
        10          0          0          0          0          0   rtexit2.o
       128          0          0          0          0         68   strcmpv7m.o
        12          4          0          0          0         68   sys_exit.o
        74          0          0          0          0         80   sys_stackheap_outer.o
         2          0          0          0          0         68   use_no_semi.o
        98          4          0          0          0         92   d2f.o
       688        140          0          0          0        208   ddiv.o
        38          0          0          0          0         68   dflt_clz.o
       156          4          0          0          0         92   dnaninf.o
        12          0          0          0          0         68   dretinf.o
        86          4          0          0          0         84   f2d.o
       140          4          0          0          0         84   fnaninf.o
        10          0          0          0          0         68   fretinf.o
         4          0          0          0          0         68   printf1.o
         0          0          0          0          0          0   usenofp.o
        40          0          0          0          0         68   fpclassify.o

    ----------------------------------------------------------------------
      6210        370        176          0        100       3956   Library Totals
        12          0          0          0          4          0   (incl. Padding)

    ----------------------------------------------------------------------

      Code (inc. data)   RO Data    RW Data    ZI Data      Debug   Library Name

      4926        214        176          0         96       3056   c_w.l
      1232        156          0          0          0        832   fz_ws.l
        40          0          0          0          0         68   m_ws.l

    ----------------------------------------------------------------------
      6210        370        176          0        100       3956   Library Totals

    ----------------------------------------------------------------------

==============================================================================


      Code (inc. data)   RO Data    RW Data    ZI Data      Debug   

     14656       1456        700        232       6520     326896   Grand Totals
     14656       1456        700        232       6520     326896   ELF Image Totals
     14656       1456        700        232          0          0   ROM Totals

==============================================================================

    Total RO  Size (Code + RO Data)                15356 (  15.00kB)
    Total RW  Size (RW Data + ZI Data)              6752 (   6.59kB)
    Total ROM Size (Code + RO Data + RW Data)      15588 (  15.22kB)

==============================================================================

