Component: ARM Compiler 5.06 update 6 (build 750) Tool: armlink [4d35ed]

==============================================================================

Section Cross References

    main.o(i.READ_TEMPERATURE) refers to _printf_pad.o(.text) for _printf_pre_padding
    main.o(i.READ_TEMPERATURE) refers to _printf_percent.o(.ARM.Collect$$_printf_percent$$00000000) for _printf_percent
    main.o(i.READ_TEMPERATURE) refers to _printf_f.o(.ARM.Collect$$_printf_percent$$00000003) for _printf_f
    main.o(i.READ_TEMPERATURE) refers to printf1.o(x$fpl$printf1) for _printf_fp_dec
    main.o(i.READ_TEMPERATURE) refers to ds18b20.o(i.ds18b20_read) for ds18b20_read
    main.o(i.READ_TEMPERATURE) refers to f2d.o(x$fpl$f2d) for __aeabi_f2d
    main.o(i.READ_TEMPERATURE) refers to noretval__2sprintf.o(.text) for __2sprintf
    main.o(i.READ_TEMPERATURE) refers to delay.o(i.delay_ms) for delay_ms
    main.o(i.READ_TEMPERATURE) refers to main.o(.data) for nhietdo
    main.o(i.READ_TEMPERATURE) refers to main.o(.bss) for temperature_str
    main.o(i.main) refers to misc.o(i.NVIC_PriorityGroupConfig) for NVIC_PriorityGroupConfig
    main.o(i.main) refers to delay.o(i.delay_init) for delay_init
    main.o(i.main) refers to usart.o(i.USARTx_Init) for USARTx_Init
    main.o(i.main) refers to os_core.o(i.OSInit) for OSInit
    main.o(i.main) refers to os_task.o(i.OSTaskCreate) for OSTaskCreate
    main.o(i.main) refers to os_core.o(i.OSStart) for OSStart
    main.o(i.main) refers to main.o(.bss) for START_TASK_STK
    main.o(i.main) refers to main.o(i.start_task) for start_task
    main.o(i.main_task) refers to _printf_percent.o(.ARM.Collect$$_printf_percent$$00000000) for _printf_percent
    main.o(i.main_task) refers to _printf_s.o(.ARM.Collect$$_printf_percent$$00000014) for _printf_s
    main.o(i.main_task) refers to _printf_str.o(.text) for _printf_str
    main.o(i.main_task) refers to noretval__2printf.o(.text) for __2printf
    main.o(i.main_task) refers to delay.o(i.delay_ms) for delay_ms
    main.o(i.main_task) refers to main.o(.bss) for temperature_str
    main.o(i.start_task) refers to os_mbox.o(i.OSMboxCreate) for OSMboxCreate
    main.o(i.start_task) refers to os_cpu_a.o(.text) for OS_CPU_SR_Save
    main.o(i.start_task) refers to os_task.o(i.OSTaskCreate) for OSTaskCreate
    main.o(i.start_task) refers to os_task.o(i.OSTaskSuspend) for OSTaskSuspend
    main.o(i.start_task) refers to main.o(.data) for msg_key
    main.o(i.start_task) refers to main.o(.bss) for READ_TEMPERATURE_STK
    main.o(i.start_task) refers to main.o(i.READ_TEMPERATURE) for READ_TEMPERATURE
    main.o(i.start_task) refers to main.o(i.main_task) for main_task
    system_stm32f10x_1.o(i.SetSysClock) refers to system_stm32f10x_1.o(i.SetSysClockTo72) for SetSysClockTo72
    system_stm32f10x_1.o(i.SystemCoreClockUpdate) refers to system_stm32f10x_1.o(.data) for SystemCoreClock
    system_stm32f10x_1.o(i.SystemInit) refers to system_stm32f10x_1.o(i.SetSysClock) for SetSysClock
    led.o(i.LED_Init) refers to stm32f10x_rcc.o(i.RCC_APB2PeriphClockCmd) for RCC_APB2PeriphClockCmd
    led.o(i.LED_Init) refers to stm32f10x_gpio_1.o(i.GPIO_Init) for GPIO_Init
    led.o(i.LED_Init) refers to stm32f10x_gpio_1.o(i.GPIO_SetBits) for GPIO_SetBits
    i2c_lcd.o(i.Delete_LCD) refers to i2c_lcd.o(i.lcd_Control_Write) for lcd_Control_Write
    i2c_lcd.o(i.Delete_LCD) refers to delay.o(i.delay_ms) for delay_ms
    i2c_lcd.o(i.I2C_LCD_Configuration) refers to stm32f10x_rcc.o(i.RCC_APB1PeriphClockCmd) for RCC_APB1PeriphClockCmd
    i2c_lcd.o(i.I2C_LCD_Configuration) refers to stm32f10x_rcc.o(i.RCC_APB2PeriphClockCmd) for RCC_APB2PeriphClockCmd
    i2c_lcd.o(i.I2C_LCD_Configuration) refers to stm32f10x_gpio_1.o(i.GPIO_Init) for GPIO_Init
    i2c_lcd.o(i.I2C_LCD_Configuration) refers to stm32f10x_i2c.o(i.I2C_Init) for I2C_Init
    i2c_lcd.o(i.I2C_LCD_Configuration) refers to stm32f10x_i2c.o(i.I2C_Cmd) for I2C_Cmd
    i2c_lcd.o(i.lcd_Control_Write) refers to i2c_lcd.o(i.lcd_Write_byte) for lcd_Write_byte
    i2c_lcd.o(i.lcd_Data_Write) refers to i2c_lcd.o(i.lcd_Write_byte) for lcd_Write_byte
    i2c_lcd.o(i.lcd_Write_byte) refers to stm32f10x_i2c.o(i.I2C_GenerateSTART) for I2C_GenerateSTART
    i2c_lcd.o(i.lcd_Write_byte) refers to stm32f10x_i2c.o(i.I2C_CheckEvent) for I2C_CheckEvent
    i2c_lcd.o(i.lcd_Write_byte) refers to stm32f10x_i2c.o(i.I2C_Send7bitAddress) for I2C_Send7bitAddress
    i2c_lcd.o(i.lcd_Write_byte) refers to stm32f10x_i2c.o(i.I2C_SendData) for I2C_SendData
    i2c_lcd.o(i.lcd_Write_byte) refers to stm32f10x_i2c.o(i.I2C_GenerateSTOP) for I2C_GenerateSTOP
    i2c_lcd.o(i.lcd_init) refers to i2c_lcd.o(i.lcd_Control_Write) for lcd_Control_Write
    i2c_lcd.o(i.lcd_init) refers to delay.o(i.delay_ms) for delay_ms
    i2c_lcd.o(i.lcd_send_string) refers to i2c_lcd.o(i.lcd_Data_Write) for lcd_Data_Write
    rtc_btl.o(i.RTC_init) refers to stm32f10x_bkp.o(i.BKP_ReadBackupRegister) for BKP_ReadBackupRegister
[...]
    ..\STM32F10x_FWLib\src\misc.c            0x00000000   Number         0  misc.o ABSOLUTE
    ..\STM32F10x_FWLib\src\stm32f10x_bkp.c   0x00000000   Number         0  stm32f10x_bkp.o ABSOLUTE
    ..\STM32F10x_FWLib\src\stm32f10x_dbgmcu.c 0x00000000   Number         0  stm32f10x_dbgmcu.o ABSOLUTE
    ..\STM32F10x_FWLib\src\stm32f10x_gpio.c  0x00000000   Number         0  stm32f10x_gpio_1.o ABSOLUTE
    ..\STM32F10x_FWLib\src\stm32f10x_i2c.c   0x00000000   Number         0  stm32f10x_i2c.o ABSOLUTE
    ..\STM32F10x_FWLib\src\stm32f10x_pwr.c   0x00000000   Number         0  stm32f10x_pwr.o ABSOLUTE
    ..\STM32F10x_FWLib\src\stm32f10x_rcc.c   0x00000000   Number         0  stm32f10x_rcc.o ABSOLUTE
    ..\STM32F10x_FWLib\src\stm32f10x_rtc.c   0x00000000   Number         0  stm32f10x_rtc.o ABSOLUTE
    ..\STM32F10x_FWLib\src\stm32f10x_usart.c 0x00000000   Number         0  stm32f10x_usart.o ABSOLUTE
    ..\SYSTEM\delay\delay.c                  0x00000000   Number         0  delay.o ABSOLUTE
    ..\SYSTEM\sys\sys.c                      0x00000000   Number         0  sys.o ABSOLUTE
    ..\SYSTEM\usart\usart.c                  0x00000000   Number         0  usart.o ABSOLUTE
    ..\UCOSII\CORE\os_core.c                 0x00000000   Number         0  os_core.o ABSOLUTE
    ..\UCOSII\CORE\os_flag.c                 0x00000000   Number         0  os_flag.o ABSOLUTE
    ..\UCOSII\CORE\os_mbox.c                 0x00000000   Number         0  os_mbox.o ABSOLUTE
    ..\UCOSII\CORE\os_mem.c                  0x00000000   Number         0  os_mem.o ABSOLUTE
    ..\UCOSII\CORE\os_mutex.c                0x00000000   Number         0  os_mutex.o ABSOLUTE
    ..\UCOSII\CORE\os_q.c                    0x00000000   Number         0  os_q.o ABSOLUTE
    ..\UCOSII\CORE\os_sem.c                  0x00000000   Number         0  os_sem.o ABSOLUTE
    ..\UCOSII\CORE\os_task.c                 0x00000000   Number         0  os_task.o ABSOLUTE
    ..\UCOSII\CORE\os_time.c                 0x00000000   Number         0  os_time.o ABSOLUTE
    ..\UCOSII\CORE\os_tmr.c                  0x00000000   Number         0  os_tmr.o ABSOLUTE
    ..\UCOSII\PORT\os_cpu_a.asm              0x00000000   Number         0  os_cpu_a.o ABSOLUTE
    ..\UCOSII\PORT\os_cpu_c.c                0x00000000   Number         0  os_cpu_c.o ABSOLUTE
    ..\\CORE\\core_cm3.c                     0x00000000   Number         0  core_cm3.o ABSOLUTE
    ..\\SYSTEM\\sys\\sys.c                   0x00000000   Number         0  sys.o ABSOLUTE
    dc.s                                     0x00000000   Number         0  dc.o ABSOLUTE
    main.c                                   0x00000000   Number         0  main.o ABSOLUTE
    stm32f10x_it.c                           0x00000000   Number         0  stm32f10x_it.o ABSOLUTE
    system_stm32f10x.c                       0x00000000   Number         0  system_stm32f10x_1.o ABSOLUTE
    RESET                                    0x08000000   Section      236  startup_stm32f10x_md.o(RESET)
    !!!main                                  0x080000ec   Section        8  __main.o(!!!main)
    !!!scatter                               0x080000f4   Section       52  __scatter.o(!!!scatter)
    !!handler_copy                           0x08000128   Section       26  __scatter_copy.o(!!handler_copy)
    !!handler_zi                             0x08000144   Section       28  __scatter_zi.o(!!handler_zi)
    .ARM.Collect$$_printf_percent$$00000000  0x08000160   Section        0  _printf_percent.o(.ARM.Collect$$_printf_percent$$00000000)
    .ARM.Collect$$_printf_percent$$00000003  0x08000160   Section        6  _printf_f.o(.ARM.Collect$$_printf_percent$$00000003)
    .ARM.Collect$$_printf_percent$$00000014  0x08000166   Section        6  _printf_s.o(.ARM.Collect$$_printf_percent$$00000014)
    .ARM.Collect$$_printf_percent$$00000017  0x0800016c   Section        4  _printf_percent_end.o(.ARM.Collect$$_printf_percent$$00000017)
    .ARM.Collect$$libinit$$00000000          0x08000170   Section        2  libinit.o(.ARM.Collect$$libinit$$00000000)
    .ARM.Collect$$libinit$$00000002          0x08000172   Section        0  libinit2.o(.ARM.Collect$$libinit$$00000002)
    .ARM.Collect$$libinit$$00000004          0x08000172   Section        0  libinit2.o(.ARM.Collect$$libinit$$00000004)
    .ARM.Collect$$libinit$$0000000A          0x08000172   Section        0  libinit2.o(.ARM.Collect$$libinit$$0000000A)
    .ARM.Collect$$libinit$$0000000C          0x08000172   Section        0  libinit2.o(.ARM.Collect$$libinit$$0000000C)
    .ARM.Collect$$libinit$$0000000E          0x08000172   Section        0  libinit2.o(.ARM.Collect$$libinit$$0000000E)
    .ARM.Collect$$libinit$$0000000F          0x08000172   Section        6  libinit2.o(.ARM.Collect$$libinit$$0000000F)
    .ARM.Collect$$libinit$$00000011          0x08000178   Section        0  libinit2.o(.ARM.Collect$$libinit$$00000011)
    .ARM.Collect$$libinit$$00000013          0x08000178   Section        0  libinit2.o(.ARM.Collect$$libinit$$00000013)
    .ARM.Collect$$libinit$$00000015          0x08000178   Section        0  libinit2.o(.ARM.Collect$$libinit$$00000015)
    .ARM.Collect$$libinit$$00000016          0x08000178   Section       10  libinit2.o(.ARM.Collect$$libinit$$00000016)
    .ARM.Collect$$libinit$$00000017          0x08000182   Section        0  libinit2.o(.ARM.Collect$$libinit$$00000017)
    .ARM.Collect$$libinit$$00000019          0x08000182   Section        0  libinit2.o(.ARM.Collect$$libinit$$00000019)
    .ARM.Collect$$libinit$$0000001B          0x08000182   Section        0  libinit2.o(.ARM.Collect$$libinit$$0000001B)
    .ARM.Collect$$libinit$$0000001D          0x08000182   Section        0  libinit2.o(.ARM.Collect$$libinit$$0000001D)
    .ARM.Collect$$libinit$$0000001F          0x08000182   Section        0  libinit2.o(.ARM.Collect$$libinit$$0000001F)
    .ARM.Collect$$libinit$$00000021          0x08000182   Section        0  libinit2.o(.ARM.Collect$$libinit$$00000021)
    .ARM.Collect$$libinit$$00000023          0x08000182   Section        0  libinit2.o(.ARM.Collect$$libinit$$00000023)
    .ARM.Collect$$libinit$$00000025          0x08000182   Section        0  libinit2.o(.ARM.Collect$$libinit$$00000025)
    .ARM.Collect$$libinit$$0000002C          0x08000182   Section        0  libinit2.o(.ARM.Collect$$libinit$$0000002C)
    .ARM.Collect$$libinit$$0000002E          0x08000182   Section        0  libinit2.o(.ARM.Collect$$libinit$$0000002E)
    .ARM.Collect$$libinit$$00000030          0x08000182   Section        0  libinit2.o(.ARM.Collect$$libinit$$00000030)
    .ARM.Collect$$libinit$$00000032          0x08000182   Section        0  libinit2.o(.ARM.Collect$$libinit$$00000032)
    .ARM.Collect$$libinit$$00000033          0x08000182   Section        2  libinit2.o(.ARM.Collect$$libinit$$00000033)
    .ARM.Collect$$libshutdown$$00000000      0x08000184   Section        2  libshutdown.o(.ARM.Collect$$libshutdown$$00000000)
    .ARM.Collect$$libshutdown$$00000002      0x08000186   Section        0  libshutdown2.o(.ARM.Collect$$libshutdown$$00000002)
    .ARM.Collect$$libshutdown$$00000004      0x08000186   Section        0  libshutdown2.o(.ARM.Collect$$libshutdown$$00000004)
    .ARM.Collect$$libshutdown$$00000007      0x08000186   Section        0  libshutdown2.o(.ARM.Collect$$libshutdown$$00000007)
    .ARM.Collect$$libshutdown$$0000000A      0x08000186   Section        0  libshutdown2.o(.ARM.Collect$$libshutdown$$0000000A)
    .ARM.Collect$$libshutdown$$0000000C      0x08000186   Section        0  libshutdown2.o(.ARM.Collect$$libshutdown$$0000000C)
    .ARM.Collect$$libshutdown$$0000000F      0x08000186   Section        0  libshutdown2.o(.ARM.Collect$$libshutdown$$0000000F)
    .ARM.Collect$$libshutdown$$00000010      0x08000186   Section        2  libshutdown2.o(.ARM.Collect$$libshutdown$$00000010)
    .ARM.Collect$$rtentry$$00000000          0x08000188   Section        0  __rtentry.o(.ARM.Collect$$rtentry$$00000000)
    .ARM.Collect$$rtentry$$00000002          0x08000188   Section        0  __rtentry2.o(.ARM.Collect$$rtentry$$00000002)
    .ARM.Collect$$rtentry$$00000004          0x08000188   Section        6  __rtentry4.o(.ARM.Collect$$rtentry$$00000004)
    .ARM.Collect$$rtentry$$00000009          0x0800018e   Section        0  __rtentry2.o(.ARM.Collect$$rtentry$$00000009)
    .ARM.Collect$$rtentry$$0000000A          0x0800018e   Section        4  __rtentry2.o(.ARM.Collect$$rtentry$$0000000A)
    .ARM.Collect$$rtentry$$0000000C          0x08000192   Section        0  __rtentry2.o(.ARM.Collect$$rtentry$$0000000C)
    .ARM.Collect$$rtentry$$0000000D          0x08000192   Section        8  __rtentry2.o(.ARM.Collect$$rtentry$$0000000D)
    .ARM.Collect$$rtexit$$00000000           0x0800019a   Section        2  rtexit.o(.ARM.Collect$$rtexit$$00000000)
    .ARM.Collect$$rtexit$$00000002           0x0800019c   Section        0  rtexit2.o(.ARM.Collect$$rtexit$$00000002)
    .ARM.Collect$$rtexit$$00000003           0x0800019c   Section        4  rtexit2.o(.ARM.Collect$$rtexit$$00000003)
    .ARM.Collect$$rtexit$$00000004           0x080001a0   Section        6  rtexit2.o(.ARM.Collect$$rtexit$$00000004)
    .text                                    0x080001a8   Section       64  startup_stm32f10x_md.o(.text)
    .text                                    0x080001e8   Section      180  os_cpu_a.o(.text)
    .text                                    0x0800029c   Section        0  noretval__2printf.o(.text)
    .text                                    0x080002b4   Section        0  noretval__2sprintf.o(.text)
    .text                                    0x080002dc   Section        0  _printf_pad.o(.text)
    .text                                    0x0800032a   Section        0  _printf_str.o(.text)
    .text                                    0x0800037c   Section        0  __printf_wp.o(.text)
    .text                                    0x0800048a   Section        0  heapauxi.o(.text)
    .text                                    0x08000490   Section        0  _printf_fp_dec.o(.text)
    _fp_digits                               0x08000493   Thumb Code   432  _printf_fp_dec.o(.text)
    .text                                    0x080008b0   Section        0  _printf_char_common.o(.text)
    _printf_input_char                       0x080008b1   Thumb Code    10  _printf_char_common.o(.text)
    .text                                    0x080008e0   Section        0  _sputc.o(.text)
    .text                                    0x080008ea   Section        0  _printf_char.o(.text)
    .text                                    0x08000918   Section        0  _printf_char_file.o(.text)
    .text                                    0x0800093c   Section        8  rt_locale_intlibspace.o(.text)
    .text                                    0x08000944   Section      138  lludiv10.o(.text)
    .text                                    0x080009d0   Section        0  _printf_fp_infnan.o(.text)
    .text                                    0x08000a50   Section        0  bigflt0.o(.text)
    .text                                    0x08000b34   Section        0  ferror.o(.text)
    .text                                    0x08000b3c   Section        8  libspace.o(.text)
    .text                                    0x08000b44   Section       74  sys_stackheap_outer.o(.text)
    .text                                    0x08000b8e   Section        0  exit.o(.text)
    .text                                    0x08000ba0   Section      128  strcmpv7m.o(.text)
    .text                                    0x08000c20   Section        0  sys_exit.o(.text)
    .text                                    0x08000c2c   Section        2  use_no_semi.o(.text)
    .text                                    0x08000c2e   Section        0  indicate_semi.o(.text)
    CL$$btod_d2e                             0x08000c2e   Section       62  btod.o(CL$$btod_d2e)
    CL$$btod_d2e_denorm_low                  0x08000c6c   Section       70  btod.o(CL$$btod_d2e_denorm_low)
    CL$$btod_d2e_norm_op1                    0x08000cb2   Section       96  btod.o(CL$$btod_d2e_norm_op1)
    CL$$btod_div_common                      0x08000d12   Section      824  btod.o(CL$$btod_div_common)
    CL$$btod_e2e                             0x0800104a   Section      220  btod.o(CL$$btod_e2e)
    CL$$btod_ediv                            0x08001126   Section       42  btod.o(CL$$btod_ediv)
    CL$$btod_emul                            0x08001150   Section       42  btod.o(CL$$btod_emul)
    CL$$btod_mult_common                     0x0800117a   Section      580  btod.o(CL$$btod_mult_common)
    i.BusFault_Handler                       0x080013be   Section        0  stm32f10x_it.o(i.BusFault_Handler)
    i.DebugMon_Handler                       0x080013c2   Section        0  stm32f10x_it.o(i.DebugMon_Handler)
    i.GPIO_Init                              0x080013c4   Section        0  stm32f10x_gpio_1.o(i.GPIO_Init)
    i.GPIO_ReadInputDataBit                  0x080014da   Section        0  stm32f10x_gpio_1.o(i.GPIO_ReadInputDataBit)
    i.GPIO_ResetBits                         0x080014ec   Section        0  stm32f10x_gpio_1.o(i.GPIO_ResetBits)
    i.GPIO_SetBits                           0x080014f0   Section        0  stm32f10x_gpio_1.o(i.GPIO_SetBits)
    i.GPIO_SetState                          0x080014f4   Section        0  gpio.o(i.GPIO_SetState)
    i.HardFault_Handler                      0x08001514   Section        0  stm32f10x_it.o(i.HardFault_Handler)
    i.MemManage_Handler                      0x08001518   Section        0  stm32f10x_it.o(i.MemManage_Handler)
    i.NMI_Handler                            0x0800151c   Section        0  stm32f10x_it.o(i.NMI_Handler)
    i.NVIC_Init                              0x08001520   Section        0  misc.o(i.NVIC_Init)
    i.NVIC_PriorityGroupConfig               0x08001590   Section        0  misc.o(i.NVIC_PriorityGroupConfig)
    i.OSInit                                 0x080015a4   Section        0  os_core.o(i.OSInit)
    i.OSInitHookBegin                        0x080015d0   Section        0  os_cpu_c.o(i.OSInitHookBegin)
    i.OSInitHookEnd                          0x080015d2   Section        0  os_cpu_c.o(i.OSInitHookEnd)
    i.OSIntEnter                             0x080015d4   Section        0  os_core.o(i.OSIntEnter)
    i.OSIntExit                              0x080015f8   Section        0  os_core.o(i.OSIntExit)
    i.OSMboxCreate                           0x08001688   Section        0  os_mbox.o(i.OSMboxCreate)
    i.OSSchedLock                            0x080016d4   Section        0  os_core.o(i.OSSchedLock)
    i.OSSchedUnlock                          0x08001714   Section        0  os_core.o(i.OSSchedUnlock)
    i.OSStart                                0x08001774   Section        0  os_core.o(i.OSStart)
    i.OSTCBInitHook                          0x080017bc   Section        0  os_cpu_c.o(i.OSTCBInitHook)
    i.OSTaskCreate                           0x080017c0   Section        0  os_task.o(i.OSTaskCreate)
    i.OSTaskCreateExt                        0x08001860   Section        0  os_task.o(i.OSTaskCreateExt)
    i.OSTaskCreateHook                       0x08001918   Section        0  os_cpu_c.o(i.OSTaskCreateHook)
    i.OSTaskIdleHook                         0x0800191a   Section        0  os_cpu_c.o(i.OSTaskIdleHook)
    i.OSTaskNameSet                          0x0800191c   Section        0  os_task.o(i.OSTaskNameSet)
    i.OSTaskStatHook                         0x0800198c   Section        0  os_cpu_c.o(i.OSTaskStatHook)
    i.OSTaskStkChk                           0x08001990   Section        0  os_task.o(i.OSTaskStkChk)
    i.OSTaskStkInit                          0x08001a1c   Section        0  os_cpu_c.o(i.OSTaskStkInit)
    i.OSTaskSuspend                          0x08001ab8   Section        0  os_task.o(i.OSTaskSuspend)
    i.OSTaskSwHook                           0x08001b60   Section        0  os_cpu_c.o(i.OSTaskSwHook)
    i.OSTimeDly                              0x08001b64   Section        0  os_time.o(i.OSTimeDly)
    i.OSTimeTick                             0x08001bdc   Section        0  os_core.o(i.OSTimeTick)
    i.OSTimeTickHook                         0x08001cc8   Section        0  os_cpu_c.o(i.OSTimeTickHook)
    i.OS_EventWaitListInit                   0x08001cca   Section        0  os_core.o(i.OS_EventWaitListInit)
    i.OS_FlagInit                            0x08001ce8   Section        0  os_flag.o(i.OS_FlagInit)
    i.OS_InitEventList                       0x08001d40   Section        0  os_core.o(i.OS_InitEventList)
    OS_InitEventList                         0x08001d41   Thumb Code    74  os_core.o(i.OS_InitEventList)
    i.OS_InitMisc                            0x08001d94   Section        0  os_core.o(i.OS_InitMisc)
    OS_InitMisc                              0x08001d95   Thumb Code    44  os_core.o(i.OS_InitMisc)
    i.OS_InitRdyList                         0x08001de8   Section        0  os_core.o(i.OS_InitRdyList)
    OS_InitRdyList                           0x08001de9   Thumb Code    44  os_core.o(i.OS_InitRdyList)
    i.OS_InitTCBList                         0x08001e2c   Section        0  os_core.o(i.OS_InitTCBList)
    OS_InitTCBList                           0x08001e2d   Thumb Code   106  os_core.o(i.OS_InitTCBList)
    i.OS_InitTaskIdle                        0x08001eac   Section        0  os_core.o(i.OS_InitTaskIdle)
    OS_InitTaskIdle                          0x08001ead   Thumb Code    50  os_core.o(i.OS_InitTaskIdle)
    i.OS_InitTaskStat                        0x08001efc   Section        0  os_core.o(i.OS_InitTaskStat)
    OS_InitTaskStat                          0x08001efd   Thumb Code    50  os_core.o(i.OS_InitTaskStat)
    i.OS_MemClr                              0x08001f4c   Section        0  os_core.o(i.OS_MemClr)
    i.OS_QInit                               0x08001f60   Section        0  os_q.o(i.OS_QInit)
    i.OS_Sched                               0x08001fb0   Section        0  os_core.o(i.OS_Sched)
    i.OS_SchedNew                            0x08002024   Section        0  os_core.o(i.OS_SchedNew)
    OS_SchedNew                              0x08002025   Thumb Code    26  os_core.o(i.OS_SchedNew)
    i.OS_TCBInit                             0x08002050   Section        0  os_core.o(i.OS_TCBInit)
    i.OS_TaskIdle                            0x08002184   Section        0  os_core.o(i.OS_TaskIdle)
    i.OS_TaskStat                            0x080021ac   Section        0  os_core.o(i.OS_TaskStat)
    i.OS_TaskStatStkChk                      0x08002234   Section        0  os_core.o(i.OS_TaskStatStkChk)
    i.OS_TaskStkClr                          0x08002270   Section        0  os_task.o(i.OS_TaskStkClr)
    i.OneWire_Read                           0x0800228c   Section        0  ds18b20.o(i.OneWire_Read)
    i.OneWire_Reset                          0x080022ec   Section        0  ds18b20.o(i.OneWire_Reset)
    i.OneWire_Write                          0x08002330   Section        0  ds18b20.o(i.OneWire_Write)
    i.RCC_APB1PeriphClockCmd                 0x08002398   Section        0  stm32f10x_rcc.o(i.RCC_APB1PeriphClockCmd)
    i.RCC_APB1PeriphResetCmd                 0x080023b8   Section        0  stm32f10x_rcc.o(i.RCC_APB1PeriphResetCmd)
    i.RCC_APB2PeriphClockCmd                 0x080023d8   Section        0  stm32f10x_rcc.o(i.RCC_APB2PeriphClockCmd)
    i.RCC_APB2PeriphResetCmd                 0x080023f8   Section        0  stm32f10x_rcc.o(i.RCC_APB2PeriphResetCmd)
    i.RCC_GetClocksFreq                      0x08002418   Section        0  stm32f10x_rcc.o(i.RCC_GetClocksFreq)
    i.READ_TEMPERATURE                       0x080024ec   Section        0  main.o(i.READ_TEMPERATURE)
    i.SVC_Handler                            0x08002528   Section        0  stm32f10x_it.o(i.SVC_Handler)
    i.SetSysClock                            0x0800252a   Section        0  system_stm32f10x_1.o(i.SetSysClock)
    SetSysClock                              0x0800252b   Thumb Code     8  system_stm32f10x_1.o(i.SetSysClock)
    i.SetSysClockTo72                        0x08002534   Section        0  system_stm32f10x_1.o(i.SetSysClockTo72)
    SetSysClockTo72                          0x08002535   Thumb Code   214  system_stm32f10x_1.o(i.SetSysClockTo72)
    i.SysTick_CLKSourceConfig                0x08002614   Section        0  misc.o(i.SysTick_CLKSourceConfig)
    i.SysTick_Handler                        0x0800263c   Section        0  delay.o(i.SysTick_Handler)
    i.SystemInit                             0x08002658   Section        0  system_stm32f10x_1.o(i.SystemInit)
    i.USART1_IRQHandler                      0x080026b8   Section        0  usart.o(i.USART1_IRQHandler)
    i.USART1_InitPins                        0x080026e0   Section        0  usart.o(i.USART1_InitPins)
    i.USART2_IRQHandler                      0x08002768   Section        0  usart.o(i.USART2_IRQHandler)
    i.USART2_InitPins                        0x08002790   Section        0  usart.o(i.USART2_InitPins)
    i.USART3_IRQHandler                      0x0800281c   Section        0  usart.o(i.USART3_IRQHandler)
    i.USART3_InitPins                        0x08002844   Section        0  usart.o(i.USART3_InitPins)
    i.USART_Cmd                              0x08002918   Section        0  stm32f10x_usart.o(i.USART_Cmd)
    i.USART_DeInit                           0x08002930   Section        0  stm32f10x_usart.o(i.USART_DeInit)
    i.USART_GetFlagStatus                    0x080029cc   Section        0  stm32f10x_usart.o(i.USART_GetFlagStatus)
    i.USART_GetITStatus                      0x080029e6   Section        0  stm32f10x_usart.o(i.USART_GetITStatus)
    i.USART_INT_GetSubPriority               0x08002a3c   Section        0  usart.o(i.USART_INT_GetSubPriority)
    i.USART_INT_InsertToBuffer               0x08002a64   Section        0  usart.o(i.USART_INT_InsertToBuffer)
    i.USART_ITConfig                         0x08002a90   Section        0  stm32f10x_usart.o(i.USART_ITConfig)
    i.USART_Init                             0x08002adc   Section        0  stm32f10x_usart.o(i.USART_Init)
    i.USART_Putc                             0x08002bb4   Section        0  usart.o(i.USART_Putc)
    i.USARTx_Init                            0x08002bd0   Section        0  usart.o(i.USARTx_Init)
    i.UsageFault_Handler                     0x08002cb8   Section        0  stm32f10x_it.o(i.UsageFault_Handler)
    i.__ARM_fpclassify                       0x08002cbc   Section        0  fpclassify.o(i.__ARM_fpclassify)
    i._is_digit                              0x08002ce4   Section        0  __printf_wp.o(i._is_digit)
    i.delay_init                             0x08002cf4   Section        0  delay.o(i.delay_init)
    i.delay_ms                               0x08002d50   Section        0  delay.o(i.delay_ms)
    i.delay_osschedlock                      0x08002da0   Section        0  delay.o(i.delay_osschedlock)
    i.delay_osschedunlock                    0x08002da8   Section        0  delay.o(i.delay_osschedunlock)
    i.delay_ostimedly                        0x08002db0   Section        0  delay.o(i.delay_ostimedly)
    i.delay_us                               0x08002dbc   Section        0  delay.o(i.delay_us)
    i.ds18b20_read                           0x08002e18   Section        0  ds18b20.o(i.ds18b20_read)
    i.fputc                                  0x08002e98   Section        0  usart.o(i.fputc)
    i.main                                   0x08002eb0   Section        0  main.o(i.main)
    i.main_task                              0x08002ef0   Section        0  main.o(i.main_task)
    i.start_task                             0x08002f0c   Section        0  main.o(i.start_task)
    locale$$code                             0x08002f60   Section       44  lc_numeric_c.o(locale$$code)
    x$fpl$d2f                                0x08002f8c   Section       98  d2f.o(x$fpl$d2f)
    x$fpl$ddiv                               0x08002ff0   Section      688  ddiv.o(x$fpl$ddiv)
    ddiv_entry                               0x08002ff7   Thumb Code     0  ddiv.o(x$fpl$ddiv)
    x$fpl$dfltu                              0x080032a0   Section       38  dflt_clz.o(x$fpl$dfltu)
    x$fpl$dnaninf                            0x080032c6   Section      156  dnaninf.o(x$fpl$dnaninf)
    x$fpl$dretinf                            0x08003362   Section       12  dretinf.o(x$fpl$dretinf)
    x$fpl$f2d                                0x08003370   Section       86  f2d.o(x$fpl$f2d)
    x$fpl$fnaninf                            0x080033c6   Section      140  fnaninf.o(x$fpl$fnaninf)
    x$fpl$fretinf                            0x08003452   Section       10  fretinf.o(x$fpl$fretinf)
    x$fpl$printf1                            0x0800345c   Section        4  printf1.o(x$fpl$printf1)
    .constdata                               0x08003460   Section      256  os_core.o(.constdata)
    x$fpl$usenofp                            0x08003460   Section        0  usenofp.o(x$fpl$usenofp)
    .constdata                               0x08003560   Section      148  bigflt0.o(.constdata)
    tenpwrs_x                                0x08003560   Data          60  bigflt0.o(.constdata)
    tenpwrs_i                                0x0800359c   Data          64  bigflt0.o(.constdata)
    locale$$data                             0x08003614   Section       28  lc_numeric_c.o(locale$$data)
    __lcnum_c_name                           0x08003618   Data           2  lc_numeric_c.o(locale$$data)
    __lcnum_c_start                          0x08003620   Data           0  lc_numeric_c.o(locale$$data)
    __lcnum_c_point                          0x0800362c   Data           0  lc_numeric_c.o(locale$$data)
    __lcnum_c_thousands                      0x0800362e   Data           0  lc_numeric_c.o(locale$$data)
    __lcnum_c_grouping                       0x0800362f   Data           0  lc_numeric_c.o(locale$$data)
    __lcnum_c_end                            0x08003630   Data           0  lc_numeric_c.o(locale$$data)
    .data                                    0x20000000   Section        8  main.o(.data)
    .data                                    0x20000008   Section       20  system_stm32f10x_1.o(.data)
    .data                                    0x2000001c   Section        4  delay.o(.data)
    fac_us                                   0x2000001c   Data           1  delay.o(.data)
    fac_ms                                   0x2000001e   Data           2  delay.o(.data)
    .data                                    0x20000020   Section       44  usart.o(.data)
    .data                                    0x2000004c   Section       20  stm32f10x_rcc.o(.data)
    APBAHBPrescTable                         0x2000004c   Data          16  stm32f10x_rcc.o(.data)
    ADCPrescTable                            0x2000005c   Data           4  stm32f10x_rcc.o(.data)
    .data                                    0x20000060   Section       72  os_core.o(.data)
    .bss                                     0x200000a8   Section     1076  main.o(.bss)
    .bss                                     0x200004dc   Section       96  usart.o(.bss)
    .bss                                     0x2000053c   Section     2688  os_core.o(.bss)
    .bss                                     0x20000fbc   Section       96  libspace.o(.bss)
    HEAP                                     0x20001020   Section      512  startup_stm32f10x_md.o(HEAP)
    Heap_Mem                                 0x20001020   Data         512  startup_stm32f10x_md.o(HEAP)
    STACK                                    0x20001220   Section     1024  startup_stm32f10x_md.o(STACK)
    Stack_Mem                                0x20001220   Data        1024  startup_stm32f10x_md.o(STACK)
    __initial_sp                             0x20001620   Data           0  startup_stm32f10x_md.o(STACK)

    Global Symbols

    Symbol Name                              Value     Ov Type        Size  Object(Section)

    BuildAttributes$$THM_ISAv4$P$D$K$B$S$PE$A:L22UL41UL21$X:L11$S22US41US21$IEEE1$IW$USESV6$~STKCKD$USESV7$~SHL$OTIME$ROPI$IEEEJ$EBA8$UX$STANDARDLIB$REQ8$PRES8$EABIv2 0x00000000   Number         0  anon$$obj.o ABSOLUTE
    __ARM_use_no_argv                        0x00000000   Number         0  main.o ABSOLUTE
    _printf_flags                            0x00000000   Number         0  printf_stubs.o ABSOLUTE
    _printf_return_value                     0x00000000   Number         0  printf_stubs.o ABSOLUTE
    _printf_sizespec                         0x00000000   Number         0  printf_stubs.o ABSOLUTE
    _printf_widthprec                        0x00000000   Number         0  printf_stubs.o ABSOLUTE
    __ARM_exceptions_init                     - Undefined Weak Reference
    __alloca_initialize                       - Undefined Weak Reference
    __arm_preinit_                            - Undefined Weak Reference
    __cpp_initialize__aeabi_                  - Undefined Weak Reference
    __cxa_finalize                            - Undefined Weak Reference
    __sigvec_lookup                           - Undefined Weak Reference
    _atexit_init                              - Undefined Weak Reference
    _call_atexit_fns                          - Undefined Weak Reference
    _clock_init                               - Undefined Weak Reference
    _fp_trap_init                             - Undefined Weak Reference
    _fp_trap_shutdown                         - Undefined Weak Reference
    _get_lc_collate                           - Undefined Weak Reference
    _get_lc_ctype                             - Undefined Weak Reference
    _get_lc_monetary                          - Undefined Weak Reference
    _get_lc_time                              - Undefined Weak Reference
    _getenv_init                              - Undefined Weak Reference
    _handle_redirection                       - Undefined Weak Reference
    _init_alloc                               - Undefined Weak Reference
    _init_user_alloc                          - Undefined Weak Reference
    _initio                                   - Undefined Weak Reference
    _mutex_acquire                            - Undefined Weak Reference
    _mutex_release                            - Undefined Weak Reference
    _printf_mbtowc                            - Undefined Weak Reference
    _rand_init                                - Undefined Weak Reference
    _signal_finish                            - Undefined Weak Reference
    _signal_init                              - Undefined Weak Reference
    _terminate_alloc                          - Undefined Weak Reference
    _terminate_user_alloc                     - Undefined Weak Reference
    _terminateio                              - Undefined Weak Reference
    __Vectors_Size                           0x000000ec   Number         0  startup_stm32f10x_md.o ABSOLUTE
    __Vectors                                0x08000000   Data           4  startup_stm32f10x_md.o(RESET)
    __Vectors_End                            0x080000ec   Data           0  startup_stm32f10x_md.o(RESET)
    __main                                   0x080000ed   Thumb Code     8  __main.o(!!!main)
    __scatterload                            0x080000f5   Thumb Code     0  __scatter.o(!!!scatter)
    __scatterload_rt2                        0x080000f5   Thumb Code    44  __scatter.o(!!!scatter)
    __scatterload_rt2_thumb_only             0x080000f5   Thumb Code     0  __scatter.o(!!!scatter)
    __scatterload_null                       0x08000103   Thumb Code     0  __scatter.o(!!!scatter)
    __scatterload_copy                       0x08000129   Thumb Code    26  __scatter_copy.o(!!handler_copy)
    __scatterload_zeroinit                   0x08000145   Thumb Code    28  __scatter_zi.o(!!handler_zi)
    _printf_f                                0x08000161   Thumb Code     0  _printf_f.o(.ARM.Collect$$_printf_percent$$00000003)
    _printf_percent                          0x08000161   Thumb Code     0  _printf_percent.o(.ARM.Collect$$_printf_percent$$00000000)
    _printf_s                                0x08000167   Thumb Code     0  _printf_s.o(.ARM.Collect$$_printf_percent$$00000014)
    _printf_percent_end                      0x0800016d   Thumb Code     0  _printf_percent_end.o(.ARM.Collect$$_printf_percent$$00000017)
    __rt_lib_init                            0x08000171   Thumb Code     0  libinit.o(.ARM.Collect$$libinit$$00000000)
    __rt_lib_init_fp_1                       0x08000173   Thumb Code     0  libinit2.o(.ARM.Collect$$libinit$$00000002)
    __rt_lib_init_heap_1                     0x08000173   Thumb Code     0  libinit2.o(.ARM.Collect$$libinit$$0000000A)
    __rt_lib_init_lc_common                  0x08000173   Thumb Code     0  libinit2.o(.ARM.Collect$$libinit$$0000000F)
    __rt_lib_init_preinit_1                  0x08000173   Thumb Code     0  libinit2.o(.ARM.Collect$$libinit$$00000004)
    __rt_lib_init_rand_1                     0x08000173   Thumb Code     0  libinit2.o(.ARM.Collect$$libinit$$0000000E)
    __rt_lib_init_user_alloc_1               0x08000173   Thumb Code     0  libinit2.o(.ARM.Collect$$libinit$$0000000C)
    __rt_lib_init_lc_collate_1               0x08000179   Thumb Code     0  libinit2.o(.ARM.Collect$$libinit$$00000011)
    __rt_lib_init_lc_ctype_1                 0x08000179   Thumb Code     0  libinit2.o(.ARM.Collect$$libinit$$00000013)
    __rt_lib_init_lc_monetary_1              0x08000179   Thumb Code     0  libinit2.o(.ARM.Collect$$libinit$$00000015)
    __rt_lib_init_lc_numeric_2               0x08000179   Thumb Code     0  libinit2.o(.ARM.Collect$$libinit$$00000016)
    __rt_lib_init_alloca_1                   0x08000183   Thumb Code     0  libinit2.o(.ARM.Collect$$libinit$$0000002E)
    __rt_lib_init_argv_1                     0x08000183   Thumb Code     0  libinit2.o(.ARM.Collect$$libinit$$0000002C)
    __rt_lib_init_atexit_1                   0x08000183   Thumb Code     0  libinit2.o(.ARM.Collect$$libinit$$0000001B)
    __rt_lib_init_clock_1                    0x08000183   Thumb Code     0  libinit2.o(.ARM.Collect$$libinit$$00000021)
    __rt_lib_init_cpp_1                      0x08000183   Thumb Code     0  libinit2.o(.ARM.Collect$$libinit$$00000032)
    __rt_lib_init_exceptions_1               0x08000183   Thumb Code     0  libinit2.o(.ARM.Collect$$libinit$$00000030)
    __rt_lib_init_fp_trap_1                  0x08000183   Thumb Code     0  libinit2.o(.ARM.Collect$$libinit$$0000001F)
    __rt_lib_init_getenv_1                   0x08000183   Thumb Code     0  libinit2.o(.ARM.Collect$$libinit$$00000023)
    __rt_lib_init_lc_numeric_1               0x08000183   Thumb Code     0  libinit2.o(.ARM.Collect$$libinit$$00000017)
    __rt_lib_init_lc_time_1                  0x08000183   Thumb Code     0  libinit2.o(.ARM.Collect$$libinit$$00000019)
    __rt_lib_init_return                     0x08000183   Thumb Code     0  libinit2.o(.ARM.Collect$$libinit$$00000033)
    __rt_lib_init_signal_1                   0x08000183   Thumb Code     0  libinit2.o(.ARM.Collect$$libinit$$0000001D)
    __rt_lib_init_stdio_1                    0x08000183   Thumb Code     0  libinit2.o(.ARM.Collect$$libinit$$00000025)
    __rt_lib_shutdown                        0x08000185   Thumb Code     0  libshutdown.o(.ARM.Collect$$libshutdown$$00000000)
    __rt_lib_shutdown_cpp_1                  0x08000187   Thumb Code     0  libshutdown2.o(.ARM.Collect$$libshutdown$$00000002)
    __rt_lib_shutdown_fp_trap_1              0x08000187   Thumb Code     0  libshutdown2.o(.ARM.Collect$$libshutdown$$00000007)
    __rt_lib_shutdown_heap_1                 0x08000187   Thumb Code     0  libshutdown2.o(.ARM.Collect$$libshutdown$$0000000F)
    __rt_lib_shutdown_return                 0x08000187   Thumb Code     0  libshutdown2.o(.ARM.Collect$$libshutdown$$00000010)
    __rt_lib_shutdown_signal_1               0x08000187   Thumb Code     0  libshutdown2.o(.ARM.Collect$$libshutdown$$0000000A)
    __rt_lib_shutdown_stdio_1                0x08000187   Thumb Code     0  libshutdown2.o(.ARM.Collect$$libshutdown$$00000004)
    __rt_lib_shutdown_user_alloc_1           0x08000187   Thumb Code     0  libshutdown2.o(.ARM.Collect$$libshutdown$$0000000C)
    __rt_entry                               0x08000189   Thumb Code     0  __rtentry.o(.ARM.Collect$$rtentry$$00000000)
    __rt_entry_presh_1                       0x08000189   Thumb Code     0  __rtentry2.o(.ARM.Collect$$rtentry$$00000002)
    __rt_entry_sh                            0x08000189   Thumb Code     0  __rtentry4.o(.ARM.Collect$$rtentry$$00000004)
    __rt_entry_li                            0x0800018f   Thumb Code     0  __rtentry2.o(.ARM.Collect$$rtentry$$0000000A)
    __rt_entry_postsh_1                      0x0800018f   Thumb Code     0  __rtentry2.o(.ARM.Collect$$rtentry$$00000009)
    __rt_entry_main                          0x08000193   Thumb Code     0  __rtentry2.o(.ARM.Collect$$rtentry$$0000000D)
    __rt_entry_postli_1                      0x08000193   Thumb Code     0  __rtentry2.o(.ARM.Collect$$rtentry$$0000000C)
    __rt_exit                                0x0800019b   Thumb Code     0  rtexit.o(.ARM.Collect$$rtexit$$00000000)
    __rt_exit_ls                             0x0800019d   Thumb Code     0  rtexit2.o(.ARM.Collect$$rtexit$$00000003)
    __rt_exit_prels_1                        0x0800019d   Thumb Code     0  rtexit2.o(.ARM.Collect$$rtexit$$00000002)
    __rt_exit_exit                           0x080001a1   Thumb Code     0  rtexit2.o(.ARM.Collect$$rtexit$$00000004)
    Reset_Handler                            0x080001a9   Thumb Code     8  startup_stm32f10x_md.o(.text)
    ADC1_2_IRQHandler                        0x080001c3   Thumb Code     0  startup_stm32f10x_md.o(.text)
    CAN1_RX1_IRQHandler                      0x080001c3   Thumb Code     0  startup_stm32f10x_md.o(.text)
    CAN1_SCE_IRQHandler                      0x080001c3   Thumb Code     0  startup_stm32f10x_md.o(.text)
    DMA1_Channel1_IRQHandler                 0x080001c3   Thumb Code     0  startup_stm32f10x_md.o(.text)
    DMA1_Channel2_IRQHandler                 0x080001c3   Thumb Code     0  startup_stm32f10x_md.o(.text)
    DMA1_Channel3_IRQHandler                 0x080001c3   Thumb Code     0  startup_stm32f10x_md.o(.text)
    DMA1_Channel4_IRQHandler                 0x080001c3   Thumb Code     0  startup_stm32f10x_md.o(.text)
    DMA1_Channel5_IRQHandler                 0x080001c3   Thumb Code     0  startup_stm32f10x_md.o(.text)
    DMA1_Channel6_IRQHandler                 0x080001c3   Thumb Code     0  startup_stm32f10x_md.o(.text)
    DMA1_Channel7_IRQHandler                 0x080001c3   Thumb Code     0  startup_stm32f10x_md.o(.text)
    EXTI0_IRQHandler                         0x080001c3   Thumb Code     0  startup_stm32f10x_md.o(.text)
    EXTI15_10_IRQHandler                     0x080001c3   Thumb Code     0  startup_stm32f10x_md.o(.text)
    EXTI1_IRQHandler                         0x080001c3   Thumb Code     0  startup_stm32f10x_md.o(.text)
    EXTI2_IRQHandler                         0x080001c3   Thumb Code     0  startup_stm32f10x_md.o(.text)
    EXTI3_IRQHandler                         0x080001c3   Thumb Code     0  startup_stm32f10x_md.o(.text)
    EXTI4_IRQHandler                         0x080001c3   Thumb Code     0  startup_stm32f10x_md.o(.text)
    EXTI9_5_IRQHandler                       0x080001c3   Thumb Code     0  startup_stm32f10x_md.o(.text)
    FLASH_IRQHandler                         0x080001c3   Thumb Code     0  startup_stm32f10x_md.o(.text)
    I2C1_ER_IRQHandler                       0x080001c3   Thumb Code     0  startup_stm32f10x_md.o(.text)
    I2C1_EV_IRQHandler                       0x080001c3   Thumb Code     0  startup_stm32f10x_md.o(.text)
    I2C2_ER_IRQHandler                       0x080001c3   Thumb Code     0  startup_stm32f10x_md.o(.text)
    I2C2_EV_IRQHandler                       0x080001c3   Thumb Code     0  startup_stm32f10x_md.o(.text)
    PVD_IRQHandler                           0x080001c3   Thumb Code     0  startup_stm32f10x_md.o(.text)
    RCC_IRQHandler                           0x080001c3   Thumb Code     0  startup_stm32f10x_md.o(.text)
    RTCAlarm_IRQHandler                      0x080001c3   Thumb Code     0  startup_stm32f10x_md.o(.text)
    RTC_IRQHandler                           0x080001c3   Thumb Code     0  startup_stm32f10x_md.o(.text)
    SPI1_IRQHandler                          0x080001c3   Thumb Code     0  startup_stm32f10x_md.o(.text)
    SPI2_IRQHandler                          0x080001c3   Thumb Code     0  startup_stm32f10x_md.o(.text)
    TAMPER_IRQHandler                        0x080001c3   Thumb Code     0  startup_stm32f10x_md.o(.text)
    TIM1_BRK_IRQHandler                      0x080001c3   Thumb Code     0  startup_stm32f10x_md.o(.text)
    TIM1_CC_IRQHandler                       0x080001c3   Thumb Code     0  startup_stm32f10x_md.o(.text)
    TIM1_TRG_COM_IRQHandler                  0x080001c3   Thumb Code     0  startup_stm32f10x_md.o(.text)
    TIM1_UP_IRQHandler                       0x080001c3   Thumb Code     0  startup_stm32f10x_md.o(.text)
    TIM2_IRQHandler                          0x080001c3   Thumb Code     0  startup_stm32f10x_md.o(.text)
    TIM3_IRQHandler                          0x080001c3   Thumb Code     0  startup_stm32f10x_md.o(.text)
    TIM4_IRQHandler                          0x080001c3   Thumb Code     0  startup_stm32f10x_md.o(.text)
    USBWakeUp_IRQHandler                     0x080001c3   Thumb Code     0  startup_stm32f10x_md.o(.text)
    USB_HP_CAN1_TX_IRQHandler                0x080001c3   Thumb Code     0  startup_stm32f10x_md.o(.text)
    USB_LP_CAN1_RX0_IRQHandler               0x080001c3   Thumb Code     0  startup_stm32f10x_md.o(.text)
    WWDG_IRQHandler                          0x080001c3   Thumb Code     0  startup_stm32f10x_md.o(.text)
    __user_initial_stackheap                 0x080001c5   Thumb Code     0  startup_stm32f10x_md.o(.text)
    OS_CPU_SR_Save                           0x080001e9   Thumb Code     0  os_cpu_a.o(.text)
    OS_CPU_SR_Restore                        0x080001f1   Thumb Code     0  os_cpu_a.o(.text)
    OSStartHighRdy                           0x080001f7   Thumb Code     0  os_cpu_a.o(.text)
    OSCtxSw                                  0x08000219   Thumb Code     0  os_cpu_a.o(.text)
    OSIntCtxSw                               0x08000227   Thumb Code     0  os_cpu_a.o(.text)
    PendSV_Handler                           0x08000237   Thumb Code     0  os_cpu_a.o(.text)
    __2printf                                0x0800029d   Thumb Code    20  noretval__2printf.o(.text)
    __2sprintf                               0x080002b5   Thumb Code    34  noretval__2sprintf.o(.text)
    _printf_pre_padding                      0x080002dd   Thumb Code    44  _printf_pad.o(.text)
    _printf_post_padding                     0x08000309   Thumb Code    34  _printf_pad.o(.text)
    _printf_str                              0x0800032b   Thumb Code    82  _printf_str.o(.text)
    __printf                                 0x0800037d   Thumb Code   270  __printf_wp.o(.text)
    __use_two_region_memory                  0x0800048b   Thumb Code     2  heapauxi.o(.text)
    __rt_heap_escrow$2region                 0x0800048d   Thumb Code     2  heapauxi.o(.text)
    __rt_heap_expand$2region                 0x0800048f   Thumb Code     2  heapauxi.o(.text)
    __lib_sel_fp_printf                      0x08000491   Thumb Code     2  _printf_fp_dec.o(.text)
    _printf_fp_dec_real                      0x08000643   Thumb Code   620  _printf_fp_dec.o(.text)
    _printf_char_common                      0x080008bb   Thumb Code    32  _printf_char_common.o(.text)
    _sputc                                   0x080008e1   Thumb Code    10  _sputc.o(.text)
    _printf_cs_common                        0x080008eb   Thumb Code    20  _printf_char.o(.text)
    _printf_char                             0x080008ff   Thumb Code    16  _printf_char.o(.text)
    _printf_string                           0x0800090f   Thumb Code     8  _printf_char.o(.text)
    _printf_char_file                        0x08000919   Thumb Code    32  _printf_char_file.o(.text)
    __rt_locale                              0x0800093d   Thumb Code     8  rt_locale_intlibspace.o(.text)
    _ll_udiv10                               0x08000945   Thumb Code   138  lludiv10.o(.text)
    _printf_fp_infnan                        0x080009d1   Thumb Code   112  _printf_fp_infnan.o(.text)
    _btod_etento                             0x08000a51   Thumb Code   224  bigflt0.o(.text)
    ferror                                   0x08000b35   Thumb Code     8  ferror.o(.text)
    __user_libspace                          0x08000b3d   Thumb Code     8  libspace.o(.text)
    __user_perproc_libspace                  0x08000b3d   Thumb Code     0  libspace.o(.text)
    __user_perthread_libspace                0x08000b3d   Thumb Code     0  libspace.o(.text)
    __user_setup_stackheap                   0x08000b45   Thumb Code    74  sys_stackheap_outer.o(.text)
    exit                                     0x08000b8f   Thumb Code    18  exit.o(.text)
    strcmp                                   0x08000ba1   Thumb Code   128  strcmpv7m.o(.text)
    _sys_exit                                0x08000c21   Thumb Code     8  sys_exit.o(.text)
    __I$use$semihosting                      0x08000c2d   Thumb Code     0  use_no_semi.o(.text)
    __use_no_semihosting_swi                 0x08000c2d   Thumb Code     2  use_no_semi.o(.text)
    __semihosting_library_function           0x08000c2f   Thumb Code     0  indicate_semi.o(.text)
    _btod_d2e                                0x08000c2f   Thumb Code    62  btod.o(CL$$btod_d2e)
    _d2e_denorm_low                          0x08000c6d   Thumb Code    70  btod.o(CL$$btod_d2e_denorm_low)
    _d2e_norm_op1                            0x08000cb3   Thumb Code    96  btod.o(CL$$btod_d2e_norm_op1)
    __btod_div_common                        0x08000d13   Thumb Code   696  btod.o(CL$$btod_div_common)
    _e2e                                     0x0800104b   Thumb Code   220  btod.o(CL$$btod_e2e)
    _btod_ediv                               0x08001127   Thumb Code    42  btod.o(CL$$btod_ediv)
    _btod_emul                               0x08001151   Thumb Code    42  btod.o(CL$$btod_emul)
    __btod_mult_common                       0x0800117b   Thumb Code   580  btod.o(CL$$btod_mult_common)
    BusFault_Handler                         0x080013bf   Thumb Code     4  stm32f10x_it.o(i.BusFault_Handler)
    DebugMon_Handler                         0x080013c3   Thumb Code     2  stm32f10x_it.o(i.DebugMon_Handler)
    GPIO_Init                                0x080013c5   Thumb Code   278  stm32f10x_gpio_1.o(i.GPIO_Init)
    GPIO_ReadInputDataBit                    0x080014db   Thumb Code    18  stm32f10x_gpio_1.o(i.GPIO_ReadInputDataBit)
    GPIO_ResetBits                           0x080014ed   Thumb Code     4  stm32f10x_gpio_1.o(i.GPIO_ResetBits)
    GPIO_SetBits                             0x080014f1   Thumb Code     4  stm32f10x_gpio_1.o(i.GPIO_SetBits)
    GPIO_SetState                            0x080014f5   Thumb Code    32  gpio.o(i.GPIO_SetState)
    HardFault_Handler                        0x08001515   Thumb Code     4  stm32f10x_it.o(i.HardFault_Handler)
    MemManage_Handler                        0x08001519   Thumb Code     4  stm32f10x_it.o(i.MemManage_Handler)
    NMI_Handler                              0x0800151d   Thumb Code     2  stm32f10x_it.o(i.NMI_Handler)
    NVIC_Init                                0x08001521   Thumb Code   100  misc.o(i.NVIC_Init)
    NVIC_PriorityGroupConfig                 0x08001591   Thumb Code    10  misc.o(i.NVIC_PriorityGroupConfig)
    OSInit                                   0x080015a5   Thumb Code    44  os_core.o(i.OSInit)
    OSInitHookBegin                          0x080015d1   Thumb Code     2  os_cpu_c.o(i.OSInitHookBegin)
    OSInitHookEnd                            0x080015d3   Thumb Code     2  os_cpu_c.o(i.OSInitHookEnd)
    OSIntEnter                               0x080015d5   Thumb Code    28  os_core.o(i.OSIntEnter)
    OSIntExit                                0x080015f9   Thumb Code   112  os_core.o(i.OSIntExit)
    OSMboxCreate                             0x08001689   Thumb Code    68  os_mbox.o(i.OSMboxCreate)
    OSSchedLock                              0x080016d5   Thumb Code    50  os_core.o(i.OSSchedLock)
    OSSchedUnlock                            0x08001715   Thumb Code    82  os_core.o(i.OSSchedUnlock)
    OSStart                                  0x08001775   Thumb Code    48  os_core.o(i.OSStart)
    OSTCBInitHook                            0x080017bd   Thumb Code     2  os_cpu_c.o(i.OSTCBInitHook)
    OSTaskCreate                             0x080017c1   Thumb Code   148  os_task.o(i.OSTaskCreate)
    OSTaskCreateExt                          0x08001861   Thumb Code   170  os_task.o(i.OSTaskCreateExt)
    OSTaskCreateHook                         0x08001919   Thumb Code     2  os_cpu_c.o(i.OSTaskCreateHook)
    OSTaskIdleHook                           0x0800191b   Thumb Code     2  os_cpu_c.o(i.OSTaskIdleHook)
    OSTaskNameSet                            0x0800191d   Thumb Code    98  os_task.o(i.OSTaskNameSet)
    OSTaskStatHook                           0x0800198d   Thumb Code     2  os_cpu_c.o(i.OSTaskStatHook)
    OSTaskStkChk                             0x08001991   Thumb Code   132  os_task.o(i.OSTaskStkChk)
    OSTaskStkInit                            0x08001a1d   Thumb Code   154  os_cpu_c.o(i.OSTaskStkInit)
    OSTaskSuspend                            0x08001ab9   Thumb Code   152  os_task.o(i.OSTaskSuspend)
    OSTaskSwHook                             0x08001b61   Thumb Code     2  os_cpu_c.o(i.OSTaskSwHook)
    OSTimeDly                                0x08001b65   Thumb Code   100  os_time.o(i.OSTimeDly)
    OSTimeTick                               0x08001bdd   Thumb Code   210  os_core.o(i.OSTimeTick)
    OSTimeTickHook                           0x08001cc9   Thumb Code     2  os_cpu_c.o(i.OSTimeTickHook)
    OS_EventWaitListInit                     0x08001ccb   Thumb Code    28  os_core.o(i.OS_EventWaitListInit)
    OS_FlagInit                              0x08001ce9   Thumb Code    74  os_flag.o(i.OS_FlagInit)
    OS_MemClr                                0x08001f4d   Thumb Code    18  os_core.o(i.OS_MemClr)
    OS_QInit                                 0x08001f61   Thumb Code    72  os_q.o(i.OS_QInit)
    OS_Sched                                 0x08001fb1   Thumb Code    88  os_core.o(i.OS_Sched)
    OS_TCBInit                               0x08002051   Thumb Code   278  os_core.o(i.OS_TCBInit)
    OS_TaskIdle                              0x08002185   Thumb Code    34  os_core.o(i.OS_TaskIdle)
    OS_TaskStat                              0x080021ad   Thumb Code   116  os_core.o(i.OS_TaskStat)
    OS_TaskStatStkChk                        0x08002235   Thumb Code    54  os_core.o(i.OS_TaskStatStkChk)
    OS_TaskStkClr                            0x08002271   Thumb Code    26  os_task.o(i.OS_TaskStkClr)
    OneWire_Read                             0x0800228d   Thumb Code    90  ds18b20.o(i.OneWire_Read)
    OneWire_Reset                            0x080022ed   Thumb Code    62  ds18b20.o(i.OneWire_Reset)
    OneWire_Write                            0x08002331   Thumb Code    98  ds18b20.o(i.OneWire_Write)
    RCC_APB1PeriphClockCmd                   0x08002399   Thumb Code    26  stm32f10x_rcc.o(i.RCC_APB1PeriphClockCmd)
    RCC_APB1PeriphResetCmd                   0x080023b9   Thumb Code    26  stm32f10x_rcc.o(i.RCC_APB1PeriphResetCmd)
    RCC_APB2PeriphClockCmd                   0x080023d9   Thumb Code    26  stm32f10x_rcc.o(i.RCC_APB2PeriphClockCmd)
    RCC_APB2PeriphResetCmd                   0x080023f9   Thumb Code    26  stm32f10x_rcc.o(i.RCC_APB2PeriphResetCmd)
    RCC_GetClocksFreq                        0x08002419   Thumb Code   192  stm32f10x_rcc.o(i.RCC_GetClocksFreq)
    READ_TEMPERATURE                         0x080024ed   Thumb Code    42  main.o(i.READ_TEMPERATURE)
    SVC_Handler                              0x08002529   Thumb Code     2  stm32f10x_it.o(i.SVC_Handler)
    SysTick_CLKSourceConfig                  0x08002615   Thumb Code    40  misc.o(i.SysTick_CLKSourceConfig)
    SysTick_Handler                          0x0800263d   Thumb Code    24  delay.o(i.SysTick_Handler)
    SystemInit                               0x08002659   Thumb Code    78  system_stm32f10x_1.o(i.SystemInit)
    USART1_IRQHandler                        0x080026b9   Thumb Code    30  usart.o(i.USART1_IRQHandler)
    USART1_InitPins                          0x080026e1   Thumb Code   122  usart.o(i.USART1_InitPins)
    USART2_IRQHandler                        0x08002769   Thumb Code    30  usart.o(i.USART2_IRQHandler)
    USART2_InitPins                          0x08002791   Thumb Code   128  usart.o(i.USART2_InitPins)
    USART3_IRQHandler                        0x0800281d   Thumb Code    30  usart.o(i.USART3_IRQHandler)
    USART3_InitPins                          0x08002845   Thumb Code   194  usart.o(i.USART3_InitPins)
    USART_Cmd                                0x08002919   Thumb Code    24  stm32f10x_usart.o(i.USART_Cmd)
    USART_DeInit                             0x08002931   Thumb Code   134  stm32f10x_usart.o(i.USART_DeInit)
    USART_GetFlagStatus                      0x080029cd   Thumb Code    26  stm32f10x_usart.o(i.USART_GetFlagStatus)
    USART_GetITStatus                        0x080029e7   Thumb Code    84  stm32f10x_usart.o(i.USART_GetITStatus)
    USART_INT_GetSubPriority                 0x08002a3d   Thumb Code    28  usart.o(i.USART_INT_GetSubPriority)
    USART_INT_InsertToBuffer                 0x08002a65   Thumb Code    44  usart.o(i.USART_INT_InsertToBuffer)
    USART_ITConfig                           0x08002a91   Thumb Code    74  stm32f10x_usart.o(i.USART_ITConfig)
    USART_Init                               0x08002add   Thumb Code   210  stm32f10x_usart.o(i.USART_Init)
    USART_Putc                               0x08002bb5   Thumb Code    26  usart.o(i.USART_Putc)
    USARTx_Init                              0x08002bd1   Thumb Code   218  usart.o(i.USARTx_Init)
    UsageFault_Handler                       0x08002cb9   Thumb Code     4  stm32f10x_it.o(i.UsageFault_Handler)
    __ARM_fpclassify                         0x08002cbd   Thumb Code    40  fpclassify.o(i.__ARM_fpclassify)
    _is_digit                                0x08002ce5   Thumb Code    14  __printf_wp.o(i._is_digit)
    delay_init                               0x08002cf5   Thumb Code    76  delay.o(i.delay_init)
    delay_ms                                 0x08002d51   Thumb Code    66  delay.o(i.delay_ms)
    delay_osschedlock                        0x08002da1   Thumb Code     8  delay.o(i.delay_osschedlock)
    delay_osschedunlock                      0x08002da9   Thumb Code     8  delay.o(i.delay_osschedunlock)
    delay_ostimedly                          0x08002db1   Thumb Code    12  delay.o(i.delay_ostimedly)
    delay_us                                 0x08002dbd   Thumb Code    86  delay.o(i.delay_us)
    ds18b20_read                             0x08002e19   Thumb Code   124  ds18b20.o(i.ds18b20_read)
    fputc                                    0x08002e99   Thumb Code    18  usart.o(i.fputc)
    main                                     0x08002eb1   Thumb Code    50  main.o(i.main)
    main_task                                0x08002ef1   Thumb Code    20  main.o(i.main_task)
    start_task                               0x08002f0d   Thumb Code    62  main.o(i.start_task)
    _get_lc_numeric                          0x08002f61   Thumb Code    44  lc_numeric_c.o(locale$$code)
    __aeabi_d2f                              0x08002f8d   Thumb Code     0  d2f.o(x$fpl$d2f)
    _d2f                                     0x08002f8d   Thumb Code    98  d2f.o(x$fpl$d2f)
    __aeabi_ddiv                             0x08002ff1   Thumb Code     0  ddiv.o(x$fpl$ddiv)
    _ddiv                                    0x08002ff1   Thumb Code   552  ddiv.o(x$fpl$ddiv)
    __aeabi_ui2d                             0x080032a1   Thumb Code     0  dflt_clz.o(x$fpl$dfltu)
    _dfltu                                   0x080032a1   Thumb Code    38  dflt_clz.o(x$fpl$dfltu)
    __fpl_dnaninf                            0x080032c7   Thumb Code   156  dnaninf.o(x$fpl$dnaninf)
    __fpl_dretinf                            0x08003363   Thumb Code    12  dretinf.o(x$fpl$dretinf)
    __aeabi_f2d                              0x08003371   Thumb Code     0  f2d.o(x$fpl$f2d)
    _f2d                                     0x08003371   Thumb Code    86  f2d.o(x$fpl$f2d)
    __fpl_fnaninf                            0x080033c7   Thumb Code   140  fnaninf.o(x$fpl$fnaninf)
    __fpl_fretinf                            0x08003453   Thumb Code    10  fretinf.o(x$fpl$fretinf)
    _printf_fp_dec                           0x0800345d   Thumb Code     4  printf1.o(x$fpl$printf1)
    OSUnMapTbl                               0x08003460   Data         256  os_core.o(.constdata)
    __I$use$fp                               0x08003460   Number         0  usenofp.o(x$fpl$usenofp)
    Region$$Table$$Base                      0x080035f4   Number         0  anon$$obj.o(Region$$Table)
    Region$$Table$$Limit                     0x08003614   Number         0  anon$$obj.o(Region$$Table)
    msg_key                                  0x20000000   Data           4  main.o(.data)
    nhietdo                                  0x20000004   Data           4  main.o(.data)
    SystemCoreClock                          0x20000008   Data           4  system_stm32f10x_1.o(.data)
    AHBPrescTable                            0x2000000c   Data          16  system_stm32f10x_1.o(.data)
    __stdout                                 0x20000020   Data           4  usart.o(.data)
    F4_USART1                                0x20000024   Data          12  usart.o(.data)
    F4_USART2                                0x20000030   Data          12  usart.o(.data)
    F4_USART3                                0x2000003c   Data          12  usart.o(.data)
    GPIO_InitStruct                          0x20000048   Data           4  usart.o(.data)
    OSCtxSwCtr                               0x20000060   Data           4  os_core.o(.data)
    OSEventFreeList                          0x20000064   Data           4  os_core.o(.data)
    OSFlagFreeList                           0x20000068   Data           4  os_core.o(.data)
    OSCPUUsage                               0x2000006c   Data           1  os_core.o(.data)
    OSIdleCtrMax                             0x20000070   Data           4  os_core.o(.data)
    OSIdleCtrRun                             0x20000074   Data           4  os_core.o(.data)
    OSStatRdy                                0x20000078   Data           1  os_core.o(.data)
    OSIntNesting                             0x20000079   Data           1  os_core.o(.data)
    OSLockNesting                            0x2000007a   Data           1  os_core.o(.data)
    OSPrioCur                                0x2000007b   Data           1  os_core.o(.data)
    OSPrioHighRdy                            0x2000007c   Data           1  os_core.o(.data)
    OSRdyGrp                                 0x2000007d   Data           1  os_core.o(.data)
    OSRdyTbl                                 0x2000007e   Data           8  os_core.o(.data)
    OSRunning                                0x20000086   Data           1  os_core.o(.data)
    OSTaskCtr                                0x20000087   Data           1  os_core.o(.data)
    OSIdleCtr                                0x20000088   Data           4  os_core.o(.data)
    OSTCBCur                                 0x2000008c   Data           4  os_core.o(.data)
    OSTCBFreeList                            0x20000090   Data           4  os_core.o(.data)
    OSTCBHighRdy                             0x20000094   Data           4  os_core.o(.data)
    OSTCBList                                0x20000098   Data           4  os_core.o(.data)
    OSTickStepState                          0x2000009c   Data           1  os_core.o(.data)
    OSQFreeList                              0x200000a0   Data           4  os_core.o(.data)
    OSTime                                   0x200000a4   Data           4  os_core.o(.data)
    START_TASK_STK                           0x200000a8   Data         256  main.o(.bss)
    READ_TEMPERATURE_STK                     0x200001a8   Data         256  main.o(.bss)
    RTC_TASK_STK                             0x200002a8   Data         512  main.o(.bss)
    a                                        0x200004a8   Data          16  main.o(.bss)
    des                                      0x200004b8   Data          16  main.o(.bss)
    temperature_str                          0x200004c8   Data          20  main.o(.bss)
    USART1_Buffer                            0x200004dc   Data          32  usart.o(.bss)
    USART2_Buffer                            0x200004fc   Data          32  usart.o(.bss)
    USART3_Buffer                            0x2000051c   Data          32  usart.o(.bss)
    OSEventTbl                               0x2000053c   Data         200  os_core.o(.bss)
    OSFlagTbl                                0x20000604   Data          80  os_core.o(.bss)
    OSTaskStatStk                            0x20000654   Data         512  os_core.o(.bss)
    OSTaskIdleStk                            0x20000854   Data         512  os_core.o(.bss)
    OSTCBPrioTbl                             0x20000a54   Data         256  os_core.o(.bss)
    OSTCBTbl                                 0x20000b54   Data        1008  os_core.o(.bss)
    OSQTbl                                   0x20000f44   Data         120  os_core.o(.bss)
    __libspace_start                         0x20000fbc   Data          96  libspace.o(.bss)
    __temporary_stack_top$libspace           0x2000101c   Data           0  libspace.o(.bss)



==============================================================================

Memory Map of the image

  Image Entry point : 0x080001a9

  Load Region LR_1 (Base: 0x08000000, Size: 0x000036d8, Max: 0xffffffff, ABSOLUTE)

    Execution Region ER_RO (Exec base: 0x08000000, Load base: 0x08000000, Size: 0x00003630, Max: 0xffffffff, ABSOLUTE)

    Exec Addr    Load Addr    Size         Type   Attr      Idx    E Section Name        Object

    0x08000000   0x08000000   0x000000ec   Data   RO          902    RESET               startup_stm32f10x_md.o
    0x080000ec   0x080000ec   0x00000008   Code   RO         2653  * !!!main             c_w.l(__main.o)
    0x080000f4   0x080000f4   0x00000034   Code   RO         2895    !!!scatter          c_w.l(__scatter.o)
    0x08000128   0x08000128   0x0000001a   Code   RO         2897    !!handler_copy      c_w.l(__scatter_copy.o)
    0x08000142   0x08000142   0x00000002   PAD
    0x08000144   0x08000144   0x0000001c   Code   RO         2899    !!handler_zi        c_w.l(__scatter_zi.o)
    0x08000160   0x08000160   0x00000000   Code   RO         2650    .ARM.Collect$$_printf_percent$$00000000  c_w.l(_printf_percent.o)
    0x08000160   0x08000160   0x00000006   Code   RO         2649    .ARM.Collect$$_printf_percent$$00000003  c_w.l(_printf_f.o)
    0x08000166   0x08000166   0x00000006   Code   RO         2648    .ARM.Collect$$_printf_percent$$00000014  c_w.l(_printf_s.o)
    0x0800016c   0x0800016c   0x00000004   Code   RO         2682    .ARM.Collect$$_printf_percent$$00000017  c_w.l(_printf_percent_end.o)
    0x08000170   0x08000170   0x00000002   Code   RO         2768    .ARM.Collect$$libinit$$00000000  c_w.l(libinit.o)
    0x08000172   0x08000172   0x00000000   Code   RO         2770    .ARM.Collect$$libinit$$00000002  c_w.l(libinit2.o)
    0x08000172   0x08000172   0x00000000   Code   RO         2772    .ARM.Collect$$libinit$$00000004  c_w.l(libinit2.o)
    0x08000172   0x08000172   0x00000000   Code   RO         2775    .ARM.Collect$$libinit$$0000000A  c_w.l(libinit2.o)
    0x08000172   0x08000172   0x00000000   Code   RO         2777    .ARM.Collect$$libinit$$0000000C  c_w.l(libinit2.o)
    0x08000172   0x08000172   0x00000000   Code   RO         2779    .ARM.Collect$$libinit$$0000000E  c_w.l(libinit2.o)
    0x08000172   0x08000172   0x00000006   Code   RO         2780    .ARM.Collect$$libinit$$0000000F  c_w.l(libinit2.o)
    0x08000178   0x08000178   0x00000000   Code   RO         2782    .ARM.Collect$$libinit$$00000011  c_w.l(libinit2.o)
    0x08000178   0x08000178   0x00000000   Code   RO         2784    .ARM.Collect$$libinit$$00000013  c_w.l(libinit2.o)
    0x08000178   0x08000178   0x00000000   Code   RO         2786    .ARM.Collect$$libinit$$00000015  c_w.l(libinit2.o)
    0x08000178   0x08000178   0x0000000a   Code   RO         2787    .ARM.Collect$$libinit$$00000016  c_w.l(libinit2.o)
    0x08000182   0x08000182   0x00000000   Code   RO         2788    .ARM.Collect$$libinit$$00000017  c_w.l(libinit2.o)
    0x08000182   0x08000182   0x00000000   Code   RO         2790    .ARM.Collect$$libinit$$00000019  c_w.l(libinit2.o)
    0x08000182   0x08000182   0x00000000   Code   RO         2792    .ARM.Collect$$libinit$$0000001B  c_w.l(libinit2.o)
    0x08000182   0x08000182   0x00000000   Code   RO         2794    .ARM.Collect$$libinit$$0000001D  c_w.l(libinit2.o)
    0x08000182   0x08000182   0x00000000   Code   RO         2796    .ARM.Collect$$libinit$$0000001F  c_w.l(libinit2.o)
    0x08000182   0x08000182   0x00000000   Code   RO         2798    .ARM.Collect$$libinit$$00000021  c_w.l(libinit2.o)
    0x08000182   0x08000182   0x00000000   Code   RO         2800    .ARM.Collect$$libinit$$00000023  c_w.l(libinit2.o)
    0x08000182   0x08000182   0x00000000   Code   RO         2802    .ARM.Collect$$libinit$$00000025  c_w.l(libinit2.o)
    0x08000182   0x08000182   0x00000000   Code   RO         2806    .ARM.Collect$$libinit$$0000002C  c_w.l(libinit2.o)
    0x08000182   0x08000182   0x00000000   Code   RO         2808    .ARM.Collect$$libinit$$0000002E  c_w.l(libinit2.o)
    0x08000182   0x08000182   0x00000000   Code   RO         2810    .ARM.Collect$$libinit$$00000030  c_w.l(libinit2.o)
    0x08000182   0x08000182   0x00000000   Code   RO         2812    .ARM.Collect$$libinit$$00000032  c_w.l(libinit2.o)
    0x08000182   0x08000182   0x00000002   Code   RO         2813    .ARM.Collect$$libinit$$00000033  c_w.l(libinit2.o)
    0x08000184   0x08000184   0x00000002   Code   RO         2843    .ARM.Collect$$libshutdown$$00000000  c_w.l(libshutdown.o)
    0x08000186   0x08000186   0x00000000   Code   RO         2854    .ARM.Collect$$libshutdown$$00000002  c_w.l(libshutdown2.o)
    0x08000186   0x08000186   0x00000000   Code   RO         2856    .ARM.Collect$$libshutdown$$00000004  c_w.l(libshutdown2.o)
    0x08000186   0x08000186   0x00000000   Code   RO         2859    .ARM.Collect$$libshutdown$$00000007  c_w.l(libshutdown2.o)
    0x08000186   0x08000186   0x00000000   Code   RO         2862    .ARM.Collect$$libshutdown$$0000000A  c_w.l(libshutdown2.o)
    0x08000186   0x08000186   0x00000000   Code   RO         2864    .ARM.Collect$$libshutdown$$0000000C  c_w.l(libshutdown2.o)
    0x08000186   0x08000186   0x00000000   Code   RO         2867    .ARM.Collect$$libshutdown$$0000000F  c_w.l(libshutdown2.o)
    0x08000186   0x08000186   0x00000002   Code   RO         2868    .ARM.Collect$$libshutdown$$00000010  c_w.l(libshutdown2.o)
    0x08000188   0x08000188   0x00000000   Code   RO         2671    .ARM.Collect$$rtentry$$00000000  c_w.l(__rtentry.o)
    0x08000188   0x08000188   0x00000000   Code   RO         2693    .ARM.Collect$$rtentry$$00000002  c_w.l(__rtentry2.o)
    0x08000188   0x08000188   0x00000006   Code   RO         2705    .ARM.Collect$$rtentry$$00000004  c_w.l(__rtentry4.o)
    0x0800018e   0x0800018e   0x00000000   Code   RO         2695    .ARM.Collect$$rtentry$$00000009  c_w.l(__rtentry2.o)
    0x0800018e   0x0800018e   0x00000004   Code   RO         2696    .ARM.Collect$$rtentry$$0000000A  c_w.l(__rtentry2.o)
    0x08000192   0x08000192   0x00000000   Code   RO         2698    .ARM.Collect$$rtentry$$0000000C  c_w.l(__rtentry2.o)
    0x08000192   0x08000192   0x00000008   Code   RO         2699    .ARM.Collect$$rtentry$$0000000D  c_w.l(__rtentry2.o)
    0x0800019a   0x0800019a   0x00000002   Code   RO         2814    .ARM.Collect$$rtexit$$00000000  c_w.l(rtexit.o)
    0x0800019c   0x0800019c   0x00000000   Code   RO         2821    .ARM.Collect$$rtexit$$00000002  c_w.l(rtexit2.o)
    0x0800019c   0x0800019c   0x00000004   Code   RO         2822    .ARM.Collect$$rtexit$$00000003  c_w.l(rtexit2.o)
    0x080001a0   0x080001a0   0x00000006   Code   RO         2823    .ARM.Collect$$rtexit$$00000004  c_w.l(rtexit2.o)
    0x080001a6   0x080001a6   0x00000002   PAD
    0x080001a8   0x080001a8   0x00000040   Code   RO          903  * .text               startup_stm32f10x_md.o
    0x080001e8   0x080001e8   0x000000b4   Code   RO         2527    .text               os_cpu_a.o
    0x0800029c   0x0800029c   0x00000018   Code   RO         2618    .text               c_w.l(noretval__2printf.o)
    0x080002b4   0x080002b4   0x00000028   Code   RO         2620    .text               c_w.l(noretval__2sprintf.o)
    0x080002dc   0x080002dc   0x0000004e   Code   RO         2624    .text               c_w.l(_printf_pad.o)
    0x0800032a   0x0800032a   0x00000052   Code   RO         2626    .text               c_w.l(_printf_str.o)
    0x0800037c   0x0800037c   0x0000010e   Code   RO         2636    .text               c_w.l(__printf_wp.o)
    0x0800048a   0x0800048a   0x00000006   Code   RO         2651    .text               c_w.l(heapauxi.o)
    0x08000490   0x08000490   0x0000041e   Code   RO         2672    .text               c_w.l(_printf_fp_dec.o)
    0x080008ae   0x080008ae   0x00000002   PAD
    0x080008b0   0x080008b0   0x00000030   Code   RO         2674    .text               c_w.l(_printf_char_common.o)
    0x080008e0   0x080008e0   0x0000000a   Code   RO         2676    .text               c_w.l(_sputc.o)
    0x080008ea   0x080008ea   0x0000002c   Code   RO         2678    .text               c_w.l(_printf_char.o)
    0x08000916   0x08000916   0x00000002   PAD
    0x08000918   0x08000918   0x00000024   Code   RO         2680    .text               c_w.l(_printf_char_file.o)
    0x0800093c   0x0800093c   0x00000008   Code   RO         2710    .text               c_w.l(rt_locale_intlibspace.o)
    0x08000944   0x08000944   0x0000008a   Code   RO         2712    .text               c_w.l(lludiv10.o)
    0x080009ce   0x080009ce   0x00000002   PAD
    0x080009d0   0x080009d0   0x00000080   Code   RO         2714    .text               c_w.l(_printf_fp_infnan.o)
    0x08000a50   0x08000a50   0x000000e4   Code   RO         2718    .text               c_w.l(bigflt0.o)
    0x08000b34   0x08000b34   0x00000008   Code   RO         2743    .text               c_w.l(ferror.o)
    0x08000b3c   0x08000b3c   0x00000008   Code   RO         2754    .text               c_w.l(libspace.o)
    0x08000b44   0x08000b44   0x0000004a   Code   RO         2757    .text               c_w.l(sys_stackheap_outer.o)
    0x08000b8e   0x08000b8e   0x00000012   Code   RO         2759    .text               c_w.l(exit.o)
    0x08000ba0   0x08000ba0   0x00000080   Code   RO         2761    .text               c_w.l(strcmpv7m.o)
    0x08000c20   0x08000c20   0x0000000c   Code   RO         2833    .text               c_w.l(sys_exit.o)
    0x08000c2c   0x08000c2c   0x00000002   Code   RO         2844    .text               c_w.l(use_no_semi.o)
    0x08000c2e   0x08000c2e   0x00000000   Code   RO         2846    .text               c_w.l(indicate_semi.o)
    0x08000c2e   0x08000c2e   0x0000003e   Code   RO         2721    CL$$btod_d2e        c_w.l(btod.o)
    0x08000c6c   0x08000c6c   0x00000046   Code   RO         2723    CL$$btod_d2e_denorm_low  c_w.l(btod.o)
    0x08000cb2   0x08000cb2   0x00000060   Code   RO         2722    CL$$btod_d2e_norm_op1  c_w.l(btod.o)
    0x08000d12   0x08000d12   0x00000338   Code   RO         2731    CL$$btod_div_common  c_w.l(btod.o)
    0x0800104a   0x0800104a   0x000000dc   Code   RO         2728    CL$$btod_e2e        c_w.l(btod.o)
    0x08001126   0x08001126   0x0000002a   Code   RO         2725    CL$$btod_ediv       c_w.l(btod.o)
    0x08001150   0x08001150   0x0000002a   Code   RO         2724    CL$$btod_emul       c_w.l(btod.o)
    0x0800117a   0x0800117a   0x00000244   Code   RO         2730    CL$$btod_mult_common  c_w.l(btod.o)
    0x080013be   0x080013be   0x00000004   Code   RO          179    i.BusFault_Handler  stm32f10x_it.o
    0x080013c2   0x080013c2   0x00000002   Code   RO          180    i.DebugMon_Handler  stm32f10x_it.o
    0x080013c4   0x080013c4   0x00000116   Code   RO          949    i.GPIO_Init         stm32f10x_gpio_1.o
    0x080014da   0x080014da   0x00000012   Code   RO          953    i.GPIO_ReadInputDataBit  stm32f10x_gpio_1.o
    0x080014ec   0x080014ec   0x00000004   Code   RO          956    i.GPIO_ResetBits    stm32f10x_gpio_1.o
    0x080014f0   0x080014f0   0x00000004   Code   RO          957    i.GPIO_SetBits      stm32f10x_gpio_1.o
    0x080014f4   0x080014f4   0x00000020   Code   RO          487    i.GPIO_SetState     gpio.o
    0x08001514   0x08001514   0x00000004   Code   RO          181    i.HardFault_Handler  stm32f10x_it.o
    0x08001518   0x08001518   0x00000004   Code   RO          182    i.MemManage_Handler  stm32f10x_it.o
    0x0800151c   0x0800151c   0x00000002   Code   RO          183    i.NMI_Handler       stm32f10x_it.o
    0x0800151e   0x0800151e   0x00000002   PAD
    0x08001520   0x08001520   0x00000070   Code   RO          907    i.NVIC_Init         misc.o
    0x08001590   0x08001590   0x00000014   Code   RO          908    i.NVIC_PriorityGroupConfig  misc.o
    0x080015a4   0x080015a4   0x0000002c   Code   RO         1893    i.OSInit            os_core.o
    0x080015d0   0x080015d0   0x00000002   Code   RO         2530    i.OSInitHookBegin   os_cpu_c.o
    0x080015d2   0x080015d2   0x00000002   Code   RO         2531    i.OSInitHookEnd     os_cpu_c.o
    0x080015d4   0x080015d4   0x00000024   Code   RO         1894    i.OSIntEnter        os_core.o
    0x080015f8   0x080015f8   0x00000090   Code   RO         1895    i.OSIntExit         os_core.o
    0x08001688   0x08001688   0x0000004c   Code   RO         2157    i.OSMboxCreate      os_mbox.o
    0x080016d4   0x080016d4   0x00000040   Code   RO         1896    i.OSSchedLock       os_core.o
    0x08001714   0x08001714   0x00000060   Code   RO         1897    i.OSSchedUnlock     os_core.o
    0x08001774   0x08001774   0x00000048   Code   RO         1898    i.OSStart           os_core.o
    0x080017bc   0x080017bc   0x00000002   Code   RO         2532    i.OSTCBInitHook     os_cpu_c.o
    0x080017be   0x080017be   0x00000002   PAD
    0x080017c0   0x080017c0   0x000000a0   Code   RO         2390    i.OSTaskCreate      os_task.o
    0x08001860   0x08001860   0x000000b8   Code   RO         2391    i.OSTaskCreateExt   os_task.o
    0x08001918   0x08001918   0x00000002   Code   RO         2533    i.OSTaskCreateHook  os_cpu_c.o
    0x0800191a   0x0800191a   0x00000002   Code   RO         2535    i.OSTaskIdleHook    os_cpu_c.o
    0x0800191c   0x0800191c   0x00000070   Code   RO         2395    i.OSTaskNameSet     os_task.o
    0x0800198c   0x0800198c   0x00000002   Code   RO         2537    i.OSTaskStatHook    os_cpu_c.o
    0x0800198e   0x0800198e   0x00000002   PAD
    0x08001990   0x08001990   0x0000008c   Code   RO         2400    i.OSTaskStkChk      os_task.o
    0x08001a1c   0x08001a1c   0x0000009a   Code   RO         2538    i.OSTaskStkInit     os_cpu_c.o
    0x08001ab6   0x08001ab6   0x00000002   PAD
    0x08001ab8   0x08001ab8   0x000000a8   Code   RO         2401    i.OSTaskSuspend     os_task.o
    0x08001b60   0x08001b60   0x00000002   Code   RO         2539    i.OSTaskSwHook      os_cpu_c.o
    0x08001b62   0x08001b62   0x00000002   PAD
    0x08001b64   0x08001b64   0x00000078   Code   RO         2485    i.OSTimeDly         os_time.o
    0x08001bdc   0x08001bdc   0x000000ec   Code   RO         1900    i.OSTimeTick        os_core.o
    0x08001cc8   0x08001cc8   0x00000002   Code   RO         2540    i.OSTimeTickHook    os_cpu_c.o
    0x08001cca   0x08001cca   0x0000001c   Code   RO         1906    i.OS_EventWaitListInit  os_core.o
    0x08001ce6   0x08001ce6   0x00000002   PAD
    0x08001ce8   0x08001ce8   0x00000058   Code   RO         2084    i.OS_FlagInit       os_flag.o
    0x08001d40   0x08001d40   0x00000054   Code   RO         1907    i.OS_InitEventList  os_core.o
    0x08001d94   0x08001d94   0x00000054   Code   RO         1908    i.OS_InitMisc       os_core.o
    0x08001de8   0x08001de8   0x00000044   Code   RO         1909    i.OS_InitRdyList    os_core.o
    0x08001e2c   0x08001e2c   0x00000080   Code   RO         1910    i.OS_InitTCBList    os_core.o
    0x08001eac   0x08001eac   0x00000050   Code   RO         1911    i.OS_InitTaskIdle   os_core.o
    0x08001efc   0x08001efc   0x00000050   Code   RO         1912    i.OS_InitTaskStat   os_core.o
    0x08001f4c   0x08001f4c   0x00000012   Code   RO         1913    i.OS_MemClr         os_core.o
    0x08001f5e   0x08001f5e   0x00000002   PAD
    0x08001f60   0x08001f60   0x00000050   Code   RO         2273    i.OS_QInit          os_q.o
    0x08001fb0   0x08001fb0   0x00000074   Code   RO         1915    i.OS_Sched          os_core.o
    0x08002024   0x08002024   0x0000002c   Code   RO         1916    i.OS_SchedNew       os_core.o
    0x08002050   0x08002050   0x00000134   Code   RO         1918    i.OS_TCBInit        os_core.o
    0x08002184   0x08002184   0x00000028   Code   RO         1919    i.OS_TaskIdle       os_core.o
    0x080021ac   0x080021ac   0x00000088   Code   RO         1920    i.OS_TaskStat       os_core.o
    0x08002234   0x08002234   0x0000003c   Code   RO         1921    i.OS_TaskStatStkChk  os_core.o
    0x08002270   0x08002270   0x0000001a   Code   RO         2403    i.OS_TaskStkClr     os_task.o
    0x0800228a   0x0800228a   0x00000002   PAD
    0x0800228c   0x0800228c   0x00000060   Code   RO          446    i.OneWire_Read      ds18b20.o
    0x080022ec   0x080022ec   0x00000044   Code   RO          447    i.OneWire_Reset     ds18b20.o
    0x08002330   0x08002330   0x00000068   Code   RO          448    i.OneWire_Write     ds18b20.o
    0x08002398   0x08002398   0x00000020   Code   RO         1083    i.RCC_APB1PeriphClockCmd  stm32f10x_rcc.o
    0x080023b8   0x080023b8   0x00000020   Code   RO         1084    i.RCC_APB1PeriphResetCmd  stm32f10x_rcc.o
    0x080023d8   0x080023d8   0x00000020   Code   RO         1085    i.RCC_APB2PeriphClockCmd  stm32f10x_rcc.o
    0x080023f8   0x080023f8   0x00000020   Code   RO         1086    i.RCC_APB2PeriphResetCmd  stm32f10x_rcc.o
    0x08002418   0x08002418   0x000000d4   Code   RO         1093    i.RCC_GetClocksFreq  stm32f10x_rcc.o
    0x080024ec   0x080024ec   0x0000003c   Code   RO            1    i.READ_TEMPERATURE  main.o
    0x08002528   0x08002528   0x00000002   Code   RO          184    i.SVC_Handler       stm32f10x_it.o
    0x0800252a   0x0800252a   0x00000008   Code   RO          256    i.SetSysClock       system_stm32f10x_1.o
    0x08002532   0x08002532   0x00000002   PAD
    0x08002534   0x08002534   0x000000e0   Code   RO          257    i.SetSysClockTo72   system_stm32f10x_1.o
    0x08002614   0x08002614   0x00000028   Code   RO          911    i.SysTick_CLKSourceConfig  misc.o
    0x0800263c   0x0800263c   0x0000001c   Code   RO          671    i.SysTick_Handler   delay.o
    0x08002658   0x08002658   0x00000060   Code   RO          259    i.SystemInit        system_stm32f10x_1.o
    0x080026b8   0x080026b8   0x00000028   Code   RO          762    i.USART1_IRQHandler  usart.o
    0x080026e0   0x080026e0   0x00000088   Code   RO          763    i.USART1_InitPins   usart.o
    0x08002768   0x08002768   0x00000028   Code   RO          764    i.USART2_IRQHandler  usart.o
    0x08002790   0x08002790   0x0000008c   Code   RO          765    i.USART2_InitPins   usart.o
    0x0800281c   0x0800281c   0x00000028   Code   RO          766    i.USART3_IRQHandler  usart.o
    0x08002844   0x08002844   0x000000d4   Code   RO          767    i.USART3_InitPins   usart.o
    0x08002918   0x08002918   0x00000018   Code   RO         1285    i.USART_Cmd         stm32f10x_usart.o
    0x08002930   0x08002930   0x0000009c   Code   RO         1287    i.USART_DeInit      stm32f10x_usart.o
    0x080029cc   0x080029cc   0x0000001a   Code   RO         1288    i.USART_GetFlagStatus  stm32f10x_usart.o
    0x080029e6   0x080029e6   0x00000054   Code   RO         1289    i.USART_GetITStatus  stm32f10x_usart.o
    0x08002a3a   0x08002a3a   0x00000002   PAD
    0x08002a3c   0x08002a3c   0x00000028   Code   RO          774    i.USART_INT_GetSubPriority  usart.o
    0x08002a64   0x08002a64   0x0000002c   Code   RO          776    i.USART_INT_InsertToBuffer  usart.o
    0x08002a90   0x08002a90   0x0000004a   Code   RO         1291    i.USART_ITConfig    stm32f10x_usart.o
    0x08002ada   0x08002ada   0x00000002   PAD
    0x08002adc   0x08002adc   0x000000d8   Code   RO         1292    i.USART_Init        stm32f10x_usart.o
    0x08002bb4   0x08002bb4   0x0000001a   Code   RO          777    i.USART_Putc        usart.o
    0x08002bce   0x08002bce   0x00000002   PAD
    0x08002bd0   0x08002bd0   0x000000e8   Code   RO          779    i.USARTx_Init       usart.o
    0x08002cb8   0x08002cb8   0x00000004   Code   RO          185    i.UsageFault_Handler  stm32f10x_it.o
    0x08002cbc   0x08002cbc   0x00000028   Code   RO         2752    i.__ARM_fpclassify  m_ws.l(fpclassify.o)
    0x08002ce4   0x08002ce4   0x0000000e   Code   RO         2638    i._is_digit         c_w.l(__printf_wp.o)
    0x08002cf2   0x08002cf2   0x00000002   PAD
    0x08002cf4   0x08002cf4   0x0000005c   Code   RO          672    i.delay_init        delay.o
    0x08002d50   0x08002d50   0x00000050   Code   RO          673    i.delay_ms          delay.o
    0x08002da0   0x08002da0   0x00000008   Code   RO          674    i.delay_osschedlock  delay.o
    0x08002da8   0x08002da8   0x00000008   Code   RO          675    i.delay_osschedunlock  delay.o
    0x08002db0   0x08002db0   0x0000000c   Code   RO          676    i.delay_ostimedly   delay.o
    0x08002dbc   0x08002dbc   0x0000005c   Code   RO          677    i.delay_us          delay.o
    0x08002e18   0x08002e18   0x00000080   Code   RO          449    i.ds18b20_read      ds18b20.o
    0x08002e98   0x08002e98   0x00000018   Code   RO          780    i.fputc             usart.o
    0x08002eb0   0x08002eb0   0x00000040   Code   RO            2    i.main              main.o
    0x08002ef0   0x08002ef0   0x0000001c   Code   RO            3    i.main_task         main.o
    0x08002f0c   0x08002f0c   0x00000054   Code   RO            4    i.start_task        main.o
    0x08002f60   0x08002f60   0x0000002c   Code   RO         2748    locale$$code        c_w.l(lc_numeric_c.o)
    0x08002f8c   0x08002f8c   0x00000062   Code   RO         2655    x$fpl$d2f           fz_ws.l(d2f.o)
    0x08002fee   0x08002fee   0x00000002   PAD
    0x08002ff0   0x08002ff0   0x000002b0   Code   RO         2658    x$fpl$ddiv          fz_ws.l(ddiv.o)
    0x080032a0   0x080032a0   0x00000026   Code   RO         2661    x$fpl$dfltu         fz_ws.l(dflt_clz.o)
    0x080032c6   0x080032c6   0x0000009c   Code   RO         2683    x$fpl$dnaninf       fz_ws.l(dnaninf.o)
    0x08003362   0x08003362   0x0000000c   Code   RO         2685    x$fpl$dretinf       fz_ws.l(dretinf.o)
    0x0800336e   0x0800336e   0x00000002   PAD
    0x08003370   0x08003370   0x00000056   Code   RO         2667    x$fpl$f2d           fz_ws.l(f2d.o)
    0x080033c6   0x080033c6   0x0000008c   Code   RO         2687    x$fpl$fnaninf       fz_ws.l(fnaninf.o)
    0x08003452   0x08003452   0x0000000a   Code   RO         2689    x$fpl$fretinf       fz_ws.l(fretinf.o)
    0x0800345c   0x0800345c   0x00000004   Code   RO         2669    x$fpl$printf1       fz_ws.l(printf1.o)
    0x08003460   0x08003460   0x00000000   Code   RO         2691    x$fpl$usenofp       fz_ws.l(usenofp.o)
    0x08003460   0x08003460   0x00000100   Data   RO         1923    .constdata          os_core.o
    0x08003560   0x08003560   0x00000094   Data   RO         2719    .constdata          c_w.l(bigflt0.o)
    0x080035f4   0x080035f4   0x00000020   Data   RO         2893    Region$$Table       anon$$obj.o
    0x08003614   0x08003614   0x0000001c   Data   RO         2747    locale$$data        c_w.l(lc_numeric_c.o)


    Execution Region ER_RW (Exec base: 0x20000000, Load base: 0x08003630, Size: 0x000000a8, Max: 0xffffffff, ABSOLUTE)

    Exec Addr    Load Addr    Size         Type   Attr      Idx    E Section Name        Object

    0x20000000   0x08003630   0x00000008   Data   RW            6    .data               main.o
    0x20000008   0x08003638   0x00000014   Data   RW          260    .data               system_stm32f10x_1.o
    0x2000001c   0x0800364c   0x00000004   Data   RW          680    .data               delay.o
    0x20000020   0x08003650   0x0000002c   Data   RW          782    .data               usart.o
    0x2000004c   0x0800367c   0x00000014   Data   RW         1113    .data               stm32f10x_rcc.o
    0x20000060   0x08003690   0x00000048   Data   RW         1924    .data               os_core.o


    Execution Region ER_ZI (Exec base: 0x200000a8, Load base: 0x080036d8, Size: 0x00001578, Max: 0xffffffff, ABSOLUTE)

    Exec Addr    Load Addr    Size         Type   Attr      Idx    E Section Name        Object

    0x200000a8        -       0x00000434   Zero   RW            5    .bss                main.o
    0x200004dc        -       0x00000060   Zero   RW          781    .bss                usart.o
    0x2000053c        -       0x00000a80   Zero   RW         1922    .bss                os_core.o
    0x20000fbc        -       0x00000060   Zero   RW         2755    .bss                c_w.l(libspace.o)
    0x2000101c   0x080036d8   0x00000004   PAD
    0x20001020        -       0x00000200   Zero   RW          901    HEAP                startup_stm32f10x_md.o
    0x20001220        -       0x00000400   Zero   RW          900    STACK               startup_stm32f10x_md.o


==============================================================================

Image component sizes


      Code (inc. data)   RO Data    RW Data    ZI Data      Debug   Object Name

       320         40          0          4          0       3613   delay.o
       396         22          0          0          0       2182   ds18b20.o
        32          0          0          0          0        888   gpio.o
       236         62          0          8       1076     244913   main.o
       172         22          0          0          0       1961   misc.o
      1966        382        256         72       2688      19114   os_core.o
       180         36          0          0          0        312   os_cpu_a.o
       170          0          0          0          0      12491   os_cpu_c.o
        88         14          0          0          0        566   os_flag.o
        76          8          0          0          0        667   os_mbox.o
        80          8          0          0          0        535   os_q.o
       790         64          0          0          0       5244   os_task.o
       120         20          0          0          0        604   os_time.o
        64         26        236          0       1536        780   startup_stm32f10x_md.o
       304          0          0          0          0       3540   stm32f10x_gpio_1.o
        22          0          0          0          0       2715   stm32f10x_it.o
       340         44          0         20          0       5400   stm32f10x_rcc.o
       580         28          0          0          0       5523   stm32f10x_usart.o
         0          0          0          0          0         32   sys.o
       328         28          0         20          0       1965   system_stm32f10x_1.o
       974        106          0         44         96       8277   usart.o

    ----------------------------------------------------------------------
      7262        910        524        168       5396     321322   Object Totals
         0          0         32          0          0          0   (incl. Generated)
        24          0          0          0          0          0   (incl. Padding)

    ----------------------------------------------------------------------

      Code (inc. data)   RO Data    RW Data    ZI Data      Debug   Library Member Name

         8          0          0          0          0         68   __main.o
       284          0          0          0          0        156   __printf_wp.o
         0          0          0          0          0          0   __rtentry.o
        12          0          0          0          0          0   __rtentry2.o
         6          0          0          0          0          0   __rtentry4.o
        52          8          0          0          0          0   __scatter.o
        26          0          0          0          0          0   __scatter_copy.o
        28          0          0          0          0          0   __scatter_zi.o
        44          0          0          0          0        108   _printf_char.o
        48          6          0          0          0         96   _printf_char_common.o
        36          4          0          0          0         80   _printf_char_file.o
         6          0          0          0          0          0   _printf_f.o
      1054          0          0          0          0        216   _printf_fp_dec.o
       128         16          0          0          0         84   _printf_fp_infnan.o
        78          0          0          0          0        108   _printf_pad.o
         0          0          0          0          0          0   _printf_percent.o
         4          0          0          0          0          0   _printf_percent_end.o
         6          0          0          0          0          0   _printf_s.o
        82          0          0          0          0         80   _printf_str.o
        10          0          0          0          0         68   _sputc.o
       228          4        148          0          0         96   bigflt0.o
      1936        128          0          0          0        672   btod.o
        18          0          0          0          0         80   exit.o
         8          0          0          0          0         68   ferror.o
         6          0          0          0          0        152   heapauxi.o
         0          0          0          0          0          0   indicate_semi.o
        44         10         28          0          0         76   lc_numeric_c.o
         2          0          0          0          0          0   libinit.o
        18          0          0          0          0          0   libinit2.o
         2          0          0          0          0          0   libshutdown.o
         2          0          0          0          0          0   libshutdown2.o
         8          4          0          0         96         68   libspace.o
       138          0          0          0          0         80   lludiv10.o
        24          4          0          0          0         84   noretval__2printf.o
        40          6          0          0          0         84   noretval__2sprintf.o
         8          4          0          0          0         68   rt_locale_intlibspace.o
         2          0          0          0          0          0   rtexit.o
        10          0          0          0          0          0   rtexit2.o
       128          0          0          0          0         68   strcmpv7m.o
        12          4          0          0          0         68   sys_exit.o
        74          0          0          0          0         80   sys_stackheap_outer.o
         2          0          0          0          0         68   use_no_semi.o
        98          4          0          0          0         92   d2f.o
       688        140          0          0          0        208   ddiv.o
        38          0          0          0          0         68   dflt_clz.o
       156          4          0          0          0         92   dnaninf.o
        12          0          0          0          0         68   dretinf.o
        86          4          0          0          0         84   f2d.o
       140          4          0          0          0         84   fnaninf.o
        10          0          0          0          0         68   fretinf.o
         4          0          0          0          0         68   printf1.o
         0          0          0          0          0          0   usenofp.o
        40          0          0          0          0         68   fpclassify.o

    ----------------------------------------------------------------------
      5910        354        176          0        100       3776   Library Totals
        16          0          0          0          4          0   (incl. Padding)

    ----------------------------------------------------------------------

      Code (inc. data)   RO Data    RW Data    ZI Data      Debug   Library Name

      4622        198        176          0         96       2876   c_w.l
      1232        156          0          0          0        832   fz_ws.l
        40          0          0          0          0         68   m_ws.l

    ----------------------------------------------------------------------
      5910        354        176          0        100       3776   Library Totals

    ----------------------------------------------------------------------

==============================================================================


      Code (inc. data)   RO Data    RW Data    ZI Data      Debug   

     13172       1264        700        168       5496     318334   Grand Totals
     13172       1264        700        168       5496     318334   ELF Image Totals
     13172       1264        700        168          0          0   ROM Totals

==============================================================================

    Total RO  Size (Code + RO Data)                13872 (  13.55kB)
    Total RW  Size (RW Data + ZI Data)              5664 (   5.53kB)
    Total ROM Size (Code + RO Data + RW Data)      14040 (  13.71kB)

==============================================================================

